[0.078s] DEBUG:colcon:Command line arguments: ['/usr/bin/colcon', 'build']
[0.078s] DEBUG:colcon:Parsed command line arguments: Namespace(log_base=None, log_level=None, verb_name='build', build_base='build', install_base='install', merge_install=False, symlink_install=False, test_result_base=None, continue_on_error=False, executor='parallel', parallel_workers=6, event_handlers=None, ignore_user_meta=False, metas=['./colcon.meta'], base_paths=['.'], packages_ignore=None, packages_ignore_regex=None, paths=None, packages_up_to=None, packages_up_to_regex=None, packages_above=None, packages_above_and_dependencies=None, packages_above_depth=None, packages_select_by_dep=None, packages_skip_by_dep=None, packages_skip_up_to=None, packages_select_build_failed=False, packages_skip_build_finished=False, packages_select_test_failures=False, packages_skip_test_passed=False, packages_select=None, packages_skip=None, packages_select_regex=None, packages_skip_regex=None, packages_start=None, packages_end=None, allow_overriding=[], cmake_args=None, cmake_target=None, cmake_target_skip_unavailable=False, cmake_clean_cache=False, cmake_clean_first=False, cmake_force_configure=False, ament_cmake_args=None, catkin_cmake_args=None, catkin_skip_building_tests=False, mixin_files=None, mixin=None, verb_parser=<colcon_mixin.mixin.mixin_argument.MixinArgumentDecorator object at 0x7afa6b9c2a70>, verb_extension=<colcon_core.verb.build.BuildVerb object at 0x7afa6b9c24a0>, main=<bound method BuildVerb.main of <colcon_core.verb.build.BuildVerb object at 0x7afa6b9c24a0>>, mixin_verb=('build',))
[0.207s] Level 1:colcon.colcon_core.package_discovery:discover_packages(colcon_meta) check parameters
[0.207s] Level 1:colcon.colcon_core.package_discovery:discover_packages(recursive) check parameters
[0.207s] Level 1:colcon.colcon_core.package_discovery:discover_packages(ignore) check parameters
[0.207s] Level 1:colcon.colcon_core.package_discovery:discover_packages(path) check parameters
[0.207s] Level 1:colcon.colcon_core.package_discovery:discover_packages(colcon_meta) discover
[0.207s] Level 1:colcon.colcon_core.package_discovery:discover_packages(recursive) discover
[0.207s] INFO:colcon.colcon_core.package_discovery:Crawling recursively for packages in '/home/wayay/Ros/ROS2_Project'
[0.207s] Level 1:colcon.colcon_core.package_identification:_identify(.) by extensions ['ignore', 'ignore_ament_install']
[0.207s] Level 1:colcon.colcon_core.package_identification:_identify(.) by extension 'ignore'
[0.207s] Level 1:colcon.colcon_core.package_identification:_identify(.) by extension 'ignore_ament_install'
[0.207s] Level 1:colcon.colcon_core.package_identification:_identify(.) by extensions ['colcon_pkg']
[0.207s] Level 1:colcon.colcon_core.package_identification:_identify(.) by extension 'colcon_pkg'
[0.207s] Level 1:colcon.colcon_core.package_identification:_identify(.) by extensions ['colcon_meta']
[0.207s] Level 1:colcon.colcon_core.package_identification:_identify(.) by extension 'colcon_meta'
[0.207s] Level 1:colcon.colcon_core.package_identification:_identify(.) by extensions ['ros']
[0.207s] Level 1:colcon.colcon_core.package_identification:_identify(.) by extension 'ros'
[0.215s] Level 1:colcon.colcon_core.package_identification:_identify(.) by extensions ['cmake', 'python']
[0.215s] Level 1:colcon.colcon_core.package_identification:_identify(.) by extension 'cmake'
[0.215s] Level 1:colcon.colcon_core.package_identification:_identify(.) by extension 'python'
[0.215s] Level 1:colcon.colcon_core.package_identification:_identify(.) by extensions ['python_setup_py']
[0.215s] Level 1:colcon.colcon_core.package_identification:_identify(.) by extension 'python_setup_py'
[0.215s] Level 1:colcon.colcon_core.package_identification:_identify(build) by extensions ['ignore', 'ignore_ament_install']
[0.216s] Level 1:colcon.colcon_core.package_identification:_identify(build) by extension 'ignore'
[0.216s] Level 1:colcon.colcon_core.package_identification:_identify(build) ignored
[0.216s] Level 1:colcon.colcon_core.package_identification:_identify(install) by extensions ['ignore', 'ignore_ament_install']
[0.216s] Level 1:colcon.colcon_core.package_identification:_identify(install) by extension 'ignore'
[0.216s] Level 1:colcon.colcon_core.package_identification:_identify(install) ignored
[0.216s] Level 1:colcon.colcon_core.package_identification:_identify(log) by extensions ['ignore', 'ignore_ament_install']
[0.216s] Level 1:colcon.colcon_core.package_identification:_identify(log) by extension 'ignore'
[0.216s] Level 1:colcon.colcon_core.package_identification:_identify(log) ignored
[0.216s] Level 1:colcon.colcon_core.package_identification:_identify(src) by extensions ['ignore', 'ignore_ament_install']
[0.216s] Level 1:colcon.colcon_core.package_identification:_identify(src) by extension 'ignore'
[0.216s] Level 1:colcon.colcon_core.package_identification:_identify(src) by extension 'ignore_ament_install'
[0.216s] Level 1:colcon.colcon_core.package_identification:_identify(src) by extensions ['colcon_pkg']
[0.216s] Level 1:colcon.colcon_core.package_identification:_identify(src) by extension 'colcon_pkg'
[0.216s] Level 1:colcon.colcon_core.package_identification:_identify(src) by extensions ['colcon_meta']
[0.216s] Level 1:colcon.colcon_core.package_identification:_identify(src) by extension 'colcon_meta'
[0.216s] Level 1:colcon.colcon_core.package_identification:_identify(src) by extensions ['ros']
[0.216s] Level 1:colcon.colcon_core.package_identification:_identify(src) by extension 'ros'
[0.216s] Level 1:colcon.colcon_core.package_identification:_identify(src) by extensions ['cmake', 'python']
[0.216s] Level 1:colcon.colcon_core.package_identification:_identify(src) by extension 'cmake'
[0.216s] Level 1:colcon.colcon_core.package_identification:_identify(src) by extension 'python'
[0.216s] Level 1:colcon.colcon_core.package_identification:_identify(src) by extensions ['python_setup_py']
[0.216s] Level 1:colcon.colcon_core.package_identification:_identify(src) by extension 'python_setup_py'
[0.217s] Level 1:colcon.colcon_core.package_identification:_identify(src/blue_line_follower) by extensions ['ignore', 'ignore_ament_install']
[0.217s] Level 1:colcon.colcon_core.package_identification:_identify(src/blue_line_follower) by extension 'ignore'
[0.217s] Level 1:colcon.colcon_core.package_identification:_identify(src/blue_line_follower) by extension 'ignore_ament_install'
[0.217s] Level 1:colcon.colcon_core.package_identification:_identify(src/blue_line_follower) by extensions ['colcon_pkg']
[0.217s] Level 1:colcon.colcon_core.package_identification:_identify(src/blue_line_follower) by extension 'colcon_pkg'
[0.217s] Level 1:colcon.colcon_core.package_identification:_identify(src/blue_line_follower) by extensions ['colcon_meta']
[0.217s] Level 1:colcon.colcon_core.package_identification:_identify(src/blue_line_follower) by extension 'colcon_meta'
[0.217s] Level 1:colcon.colcon_core.package_identification:_identify(src/blue_line_follower) by extensions ['ros']
[0.217s] Level 1:colcon.colcon_core.package_identification:_identify(src/blue_line_follower) by extension 'ros'
[0.219s] DEBUG:colcon.colcon_core.package_identification:Package 'src/blue_line_follower' with type 'ros.ament_python' and name 'blue_line_follower'
[0.219s] Level 1:colcon.colcon_core.package_identification:_identify(src/custom_interfaces) by extensions ['ignore', 'ignore_ament_install']
[0.219s] Level 1:colcon.colcon_core.package_identification:_identify(src/custom_interfaces) by extension 'ignore'
[0.219s] Level 1:colcon.colcon_core.package_identification:_identify(src/custom_interfaces) by extension 'ignore_ament_install'
[0.219s] Level 1:colcon.colcon_core.package_identification:_identify(src/custom_interfaces) by extensions ['colcon_pkg']
[0.219s] Level 1:colcon.colcon_core.package_identification:_identify(src/custom_interfaces) by extension 'colcon_pkg'
[0.219s] Level 1:colcon.colcon_core.package_identification:_identify(src/custom_interfaces) by extensions ['colcon_meta']
[0.220s] Level 1:colcon.colcon_core.package_identification:_identify(src/custom_interfaces) by extension 'colcon_meta'
[0.220s] Level 1:colcon.colcon_core.package_identification:_identify(src/custom_interfaces) by extensions ['ros']
[0.220s] Level 1:colcon.colcon_core.package_identification:_identify(src/custom_interfaces) by extension 'ros'
[0.220s] DEBUG:colcon.colcon_core.package_identification:Package 'src/custom_interfaces' with type 'ros.ament_cmake' and name 'custom_interfaces'
[0.220s] Level 1:colcon.colcon_core.package_discovery:discover_packages(recursive) using defaults
[0.220s] Level 1:colcon.colcon_core.package_discovery:discover_packages(ignore) discover
[0.220s] Level 1:colcon.colcon_core.package_discovery:discover_packages(ignore) using defaults
[0.220s] Level 1:colcon.colcon_core.package_discovery:discover_packages(path) discover
[0.220s] Level 1:colcon.colcon_core.package_discovery:discover_packages(path) using defaults
[0.245s] Level 1:colcon.colcon_core.package_discovery:discover_packages(prefix_path) check parameters
[0.245s] Level 1:colcon.colcon_core.package_discovery:discover_packages(prefix_path) discover
[0.246s] DEBUG:colcon.colcon_installed_package_information.package_discovery:Found 2 installed packages in /home/wayay/Ros/ROS2_Project/install
[0.247s] DEBUG:colcon.colcon_installed_package_information.package_discovery:Found 374 installed packages in /opt/ros/humble
[0.249s] Level 1:colcon.colcon_core.package_discovery:discover_packages(prefix_path) using defaults
[0.284s] Level 5:colcon.colcon_core.verb:set package 'custom_interfaces' build argument 'cmake_args' from command line to 'None'
[0.284s] Level 5:colcon.colcon_core.verb:set package 'custom_interfaces' build argument 'cmake_target' from command line to 'None'
[0.284s] Level 5:colcon.colcon_core.verb:set package 'custom_interfaces' build argument 'cmake_target_skip_unavailable' from command line to 'False'
[0.284s] Level 5:colcon.colcon_core.verb:set package 'custom_interfaces' build argument 'cmake_clean_cache' from command line to 'False'
[0.284s] Level 5:colcon.colcon_core.verb:set package 'custom_interfaces' build argument 'cmake_clean_first' from command line to 'False'
[0.284s] Level 5:colcon.colcon_core.verb:set package 'custom_interfaces' build argument 'cmake_force_configure' from command line to 'False'
[0.284s] Level 5:colcon.colcon_core.verb:set package 'custom_interfaces' build argument 'ament_cmake_args' from command line to 'None'
[0.284s] Level 5:colcon.colcon_core.verb:set package 'custom_interfaces' build argument 'catkin_cmake_args' from command line to 'None'
[0.284s] Level 5:colcon.colcon_core.verb:set package 'custom_interfaces' build argument 'catkin_skip_building_tests' from command line to 'False'
[0.284s] DEBUG:colcon.colcon_core.verb:Building package 'custom_interfaces' with the following arguments: {'ament_cmake_args': None, 'build_base': '/home/wayay/Ros/ROS2_Project/build/custom_interfaces', 'catkin_cmake_args': None, 'catkin_skip_building_tests': False, 'cmake_args': None, 'cmake_clean_cache': False, 'cmake_clean_first': False, 'cmake_force_configure': False, 'cmake_target': None, 'cmake_target_skip_unavailable': False, 'install_base': '/home/wayay/Ros/ROS2_Project/install/custom_interfaces', 'merge_install': False, 'path': '/home/wayay/Ros/ROS2_Project/src/custom_interfaces', 'symlink_install': False, 'test_result_base': None}
[0.284s] Level 5:colcon.colcon_core.verb:set package 'blue_line_follower' build argument 'cmake_args' from command line to 'None'
[0.284s] Level 5:colcon.colcon_core.verb:set package 'blue_line_follower' build argument 'cmake_target' from command line to 'None'
[0.284s] Level 5:colcon.colcon_core.verb:set package 'blue_line_follower' build argument 'cmake_target_skip_unavailable' from command line to 'False'
[0.284s] Level 5:colcon.colcon_core.verb:set package 'blue_line_follower' build argument 'cmake_clean_cache' from command line to 'False'
[0.284s] Level 5:colcon.colcon_core.verb:set package 'blue_line_follower' build argument 'cmake_clean_first' from command line to 'False'
[0.284s] Level 5:colcon.colcon_core.verb:set package 'blue_line_follower' build argument 'cmake_force_configure' from command line to 'False'
[0.284s] Level 5:colcon.colcon_core.verb:set package 'blue_line_follower' build argument 'ament_cmake_args' from command line to 'None'
[0.284s] Level 5:colcon.colcon_core.verb:set package 'blue_line_follower' build argument 'catkin_cmake_args' from command line to 'None'
[0.284s] Level 5:colcon.colcon_core.verb:set package 'blue_line_follower' build argument 'catkin_skip_building_tests' from command line to 'False'
[0.284s] DEBUG:colcon.colcon_core.verb:Building package 'blue_line_follower' with the following arguments: {'ament_cmake_args': None, 'build_base': '/home/wayay/Ros/ROS2_Project/build/blue_line_follower', 'catkin_cmake_args': None, 'catkin_skip_building_tests': False, 'cmake_args': None, 'cmake_clean_cache': False, 'cmake_clean_first': False, 'cmake_force_configure': False, 'cmake_target': None, 'cmake_target_skip_unavailable': False, 'install_base': '/home/wayay/Ros/ROS2_Project/install/blue_line_follower', 'merge_install': False, 'path': '/home/wayay/Ros/ROS2_Project/src/blue_line_follower', 'symlink_install': False, 'test_result_base': None}
[0.285s] INFO:colcon.colcon_core.executor:Executing jobs using 'parallel' executor
[0.285s] DEBUG:colcon.colcon_parallel_executor.executor.parallel:run_until_complete
[0.286s] INFO:colcon.colcon_ros.task.ament_cmake.build:Building ROS package in '/home/wayay/Ros/ROS2_Project/src/custom_interfaces' with build type 'ament_cmake'
[0.286s] INFO:colcon.colcon_cmake.task.cmake.build:Building CMake package in '/home/wayay/Ros/ROS2_Project/src/custom_interfaces'
[0.287s] INFO:colcon.colcon_core.plugin_system:Skipping extension 'colcon_core.shell.bat': Not used on non-Windows systems
[0.287s] INFO:colcon.colcon_core.shell:Skip shell extension 'powershell' for command environment: Not usable outside of PowerShell
[0.287s] DEBUG:colcon.colcon_core.shell:Skip shell extension 'dsv' for command environment
[0.294s] DEBUG:colcon.colcon_core.event_handler.log_command:Invoking command in '/home/wayay/Ros/ROS2_Project/build/custom_interfaces': CMAKE_PREFIX_PATH=${CMAKE_PREFIX_PATH}:/home/wayay/Ros/ROS2_Project/install/blue_line_follower:/opt/ros/humble /usr/bin/cmake --build /home/wayay/Ros/ROS2_Project/build/custom_interfaces -- -j6 -l6
[0.564s] DEBUG:colcon.colcon_core.event_handler.log_command:Invoked command in '/home/wayay/Ros/ROS2_Project/build/custom_interfaces' returned '0': CMAKE_PREFIX_PATH=${CMAKE_PREFIX_PATH}:/home/wayay/Ros/ROS2_Project/install/blue_line_follower:/opt/ros/humble /usr/bin/cmake --build /home/wayay/Ros/ROS2_Project/build/custom_interfaces -- -j6 -l6
[0.571s] DEBUG:colcon.colcon_core.event_handler.log_command:Invoking command in '/home/wayay/Ros/ROS2_Project/build/custom_interfaces': CMAKE_PREFIX_PATH=${CMAKE_PREFIX_PATH}:/home/wayay/Ros/ROS2_Project/install/blue_line_follower:/opt/ros/humble /usr/bin/cmake --install /home/wayay/Ros/ROS2_Project/build/custom_interfaces
[0.610s] Level 1:colcon.colcon_core.environment:create_environment_scripts_only(custom_interfaces)
[0.610s] DEBUG:colcon.colcon_core.event_handler.log_command:Invoked command in '/home/wayay/Ros/ROS2_Project/build/custom_interfaces' returned '0': CMAKE_PREFIX_PATH=${CMAKE_PREFIX_PATH}:/home/wayay/Ros/ROS2_Project/install/blue_line_follower:/opt/ros/humble /usr/bin/cmake --install /home/wayay/Ros/ROS2_Project/build/custom_interfaces
[0.612s] Level 1:colcon.colcon_core.environment:checking '/home/wayay/Ros/ROS2_Project/install/custom_interfaces' for CMake module files
[0.612s] Level 1:colcon.colcon_core.environment:checking '/home/wayay/Ros/ROS2_Project/install/custom_interfaces' for CMake config files
[0.612s] Level 1:colcon.colcon_core.shell:create_environment_hook('custom_interfaces', 'cmake_prefix_path')
[0.613s] INFO:colcon.colcon_core.shell:Creating environment hook '/home/wayay/Ros/ROS2_Project/install/custom_interfaces/share/custom_interfaces/hook/cmake_prefix_path.ps1'
[0.613s] INFO:colcon.colcon_core.shell:Creating environment descriptor '/home/wayay/Ros/ROS2_Project/install/custom_interfaces/share/custom_interfaces/hook/cmake_prefix_path.dsv'
[0.613s] INFO:colcon.colcon_core.shell:Creating environment hook '/home/wayay/Ros/ROS2_Project/install/custom_interfaces/share/custom_interfaces/hook/cmake_prefix_path.sh'
[0.614s] Level 1:colcon.colcon_core.environment:checking '/home/wayay/Ros/ROS2_Project/install/custom_interfaces/lib'
[0.614s] Level 1:colcon.colcon_core.shell:create_environment_hook('custom_interfaces', 'ld_library_path_lib')
[0.614s] INFO:colcon.colcon_core.shell:Creating environment hook '/home/wayay/Ros/ROS2_Project/install/custom_interfaces/share/custom_interfaces/hook/ld_library_path_lib.ps1'
[0.614s] INFO:colcon.colcon_core.shell:Creating environment descriptor '/home/wayay/Ros/ROS2_Project/install/custom_interfaces/share/custom_interfaces/hook/ld_library_path_lib.dsv'
[0.615s] INFO:colcon.colcon_core.shell:Creating environment hook '/home/wayay/Ros/ROS2_Project/install/custom_interfaces/share/custom_interfaces/hook/ld_library_path_lib.sh'
[0.615s] Level 1:colcon.colcon_core.environment:checking '/home/wayay/Ros/ROS2_Project/install/custom_interfaces/bin'
[0.615s] Level 1:colcon.colcon_core.environment:checking '/home/wayay/Ros/ROS2_Project/install/custom_interfaces/lib/pkgconfig/custom_interfaces.pc'
[0.615s] Level 1:colcon.colcon_core.environment:checking '/home/wayay/Ros/ROS2_Project/install/custom_interfaces/lib/python3.10/site-packages'
[0.615s] Level 1:colcon.colcon_core.environment:checking '/home/wayay/Ros/ROS2_Project/install/custom_interfaces/bin'
[0.616s] INFO:colcon.colcon_core.shell:Creating package script '/home/wayay/Ros/ROS2_Project/install/custom_interfaces/share/custom_interfaces/package.ps1'
[0.616s] INFO:colcon.colcon_core.shell:Creating package descriptor '/home/wayay/Ros/ROS2_Project/install/custom_interfaces/share/custom_interfaces/package.dsv'
[0.617s] INFO:colcon.colcon_core.shell:Creating package script '/home/wayay/Ros/ROS2_Project/install/custom_interfaces/share/custom_interfaces/package.sh'
[0.617s] INFO:colcon.colcon_core.shell:Creating package script '/home/wayay/Ros/ROS2_Project/install/custom_interfaces/share/custom_interfaces/package.bash'
[0.618s] INFO:colcon.colcon_core.shell:Creating package script '/home/wayay/Ros/ROS2_Project/install/custom_interfaces/share/custom_interfaces/package.zsh'
[0.618s] Level 1:colcon.colcon_core.environment:create_file_with_runtime_dependencies(/home/wayay/Ros/ROS2_Project/install/custom_interfaces/share/colcon-core/packages/custom_interfaces)
[0.618s] Level 1:colcon.colcon_core.environment:create_environment_scripts_only(custom_interfaces)
[0.619s] Level 1:colcon.colcon_core.environment:checking '/home/wayay/Ros/ROS2_Project/install/custom_interfaces' for CMake module files
[0.619s] Level 1:colcon.colcon_core.environment:checking '/home/wayay/Ros/ROS2_Project/install/custom_interfaces' for CMake config files
[0.619s] Level 1:colcon.colcon_core.shell:create_environment_hook('custom_interfaces', 'cmake_prefix_path')
[0.619s] INFO:colcon.colcon_core.shell:Creating environment hook '/home/wayay/Ros/ROS2_Project/install/custom_interfaces/share/custom_interfaces/hook/cmake_prefix_path.ps1'
[0.620s] INFO:colcon.colcon_core.shell:Creating environment descriptor '/home/wayay/Ros/ROS2_Project/install/custom_interfaces/share/custom_interfaces/hook/cmake_prefix_path.dsv'
[0.620s] INFO:colcon.colcon_core.shell:Creating environment hook '/home/wayay/Ros/ROS2_Project/install/custom_interfaces/share/custom_interfaces/hook/cmake_prefix_path.sh'
[0.620s] Level 1:colcon.colcon_core.environment:checking '/home/wayay/Ros/ROS2_Project/install/custom_interfaces/lib'
[0.620s] Level 1:colcon.colcon_core.shell:create_environment_hook('custom_interfaces', 'ld_library_path_lib')
[0.620s] INFO:colcon.colcon_core.shell:Creating environment hook '/home/wayay/Ros/ROS2_Project/install/custom_interfaces/share/custom_interfaces/hook/ld_library_path_lib.ps1'
[0.621s] INFO:colcon.colcon_core.shell:Creating environment descriptor '/home/wayay/Ros/ROS2_Project/install/custom_interfaces/share/custom_interfaces/hook/ld_library_path_lib.dsv'
[0.621s] INFO:colcon.colcon_core.shell:Creating environment hook '/home/wayay/Ros/ROS2_Project/install/custom_interfaces/share/custom_interfaces/hook/ld_library_path_lib.sh'
[0.621s] Level 1:colcon.colcon_core.environment:checking '/home/wayay/Ros/ROS2_Project/install/custom_interfaces/bin'
[0.621s] Level 1:colcon.colcon_core.environment:checking '/home/wayay/Ros/ROS2_Project/install/custom_interfaces/lib/pkgconfig/custom_interfaces.pc'
[0.621s] Level 1:colcon.colcon_core.environment:checking '/home/wayay/Ros/ROS2_Project/install/custom_interfaces/lib/python3.10/site-packages'
[0.622s] Level 1:colcon.colcon_core.environment:checking '/home/wayay/Ros/ROS2_Project/install/custom_interfaces/bin'
[0.622s] INFO:colcon.colcon_core.shell:Creating package script '/home/wayay/Ros/ROS2_Project/install/custom_interfaces/share/custom_interfaces/package.ps1'
[0.622s] INFO:colcon.colcon_core.shell:Creating package descriptor '/home/wayay/Ros/ROS2_Project/install/custom_interfaces/share/custom_interfaces/package.dsv'
[0.622s] INFO:colcon.colcon_core.shell:Creating package script '/home/wayay/Ros/ROS2_Project/install/custom_interfaces/share/custom_interfaces/package.sh'
[0.623s] INFO:colcon.colcon_core.shell:Creating package script '/home/wayay/Ros/ROS2_Project/install/custom_interfaces/share/custom_interfaces/package.bash'
[0.623s] INFO:colcon.colcon_core.shell:Creating package script '/home/wayay/Ros/ROS2_Project/install/custom_interfaces/share/custom_interfaces/package.zsh'
[0.623s] Level 1:colcon.colcon_core.environment:create_file_with_runtime_dependencies(/home/wayay/Ros/ROS2_Project/install/custom_interfaces/share/colcon-core/packages/custom_interfaces)
[0.623s] INFO:colcon.colcon_ros.task.ament_python.build:Building ROS package in '/home/wayay/Ros/ROS2_Project/src/blue_line_follower' with build type 'ament_python'
[0.624s] Level 1:colcon.colcon_core.shell:create_environment_hook('blue_line_follower', 'ament_prefix_path')
[0.624s] INFO:colcon.colcon_core.shell:Creating environment hook '/home/wayay/Ros/ROS2_Project/install/blue_line_follower/share/blue_line_follower/hook/ament_prefix_path.ps1'
[0.624s] INFO:colcon.colcon_core.shell:Creating environment descriptor '/home/wayay/Ros/ROS2_Project/install/blue_line_follower/share/blue_line_follower/hook/ament_prefix_path.dsv'
[0.624s] INFO:colcon.colcon_core.shell:Creating environment hook '/home/wayay/Ros/ROS2_Project/install/blue_line_follower/share/blue_line_follower/hook/ament_prefix_path.sh'
[0.625s] INFO:colcon.colcon_core.shell:Skip shell extension 'powershell' for command environment: Not usable outside of PowerShell
[0.625s] DEBUG:colcon.colcon_core.shell:Skip shell extension 'dsv' for command environment
[0.821s] INFO:colcon.colcon_core.task.python.build:Building Python package in '/home/wayay/Ros/ROS2_Project/src/blue_line_follower'
[0.822s] INFO:colcon.colcon_core.shell:Skip shell extension 'powershell' for command environment: Not usable outside of PowerShell
[0.822s] DEBUG:colcon.colcon_core.shell:Skip shell extension 'dsv' for command environment
[1.091s] DEBUG:colcon.colcon_core.event_handler.log_command:Invoking command in '/home/wayay/Ros/ROS2_Project/src/blue_line_follower': PYTHONPATH=/home/wayay/Ros/ROS2_Project/build/blue_line_follower/prefix_override:/usr/lib/python3/dist-packages/colcon_core/task/python/colcon_distutils_commands:/home/wayay/Ros/ROS2_Project/install/blue_line_follower/lib/python3.10/site-packages:${PYTHONPATH} /usr/bin/python3 -W ignore:setup.py install is deprecated -W ignore:easy_install command is deprecated setup.py egg_info --egg-base ../../build/blue_line_follower build --build-base /home/wayay/Ros/ROS2_Project/build/blue_line_follower/build install --record /home/wayay/Ros/ROS2_Project/build/blue_line_follower/install.log --single-version-externally-managed install_data
[1.308s] Level 1:colcon.colcon_core.environment:checking '/home/wayay/Ros/ROS2_Project/install/blue_line_follower' for CMake module files
[1.309s] Level 1:colcon.colcon_core.environment:checking '/home/wayay/Ros/ROS2_Project/install/blue_line_follower' for CMake config files
[1.309s] DEBUG:colcon.colcon_core.event_handler.log_command:Invoked command in '/home/wayay/Ros/ROS2_Project/src/blue_line_follower' returned '0': PYTHONPATH=/home/wayay/Ros/ROS2_Project/build/blue_line_follower/prefix_override:/usr/lib/python3/dist-packages/colcon_core/task/python/colcon_distutils_commands:/home/wayay/Ros/ROS2_Project/install/blue_line_follower/lib/python3.10/site-packages:${PYTHONPATH} /usr/bin/python3 -W ignore:setup.py install is deprecated -W ignore:easy_install command is deprecated setup.py egg_info --egg-base ../../build/blue_line_follower build --build-base /home/wayay/Ros/ROS2_Project/build/blue_line_follower/build install --record /home/wayay/Ros/ROS2_Project/build/blue_line_follower/install.log --single-version-externally-managed install_data
[1.310s] Level 1:colcon.colcon_core.environment:checking '/home/wayay/Ros/ROS2_Project/install/blue_line_follower/lib'
[1.311s] Level 1:colcon.colcon_core.environment:checking '/home/wayay/Ros/ROS2_Project/install/blue_line_follower/bin'
[1.311s] Level 1:colcon.colcon_core.environment:checking '/home/wayay/Ros/ROS2_Project/install/blue_line_follower/lib/pkgconfig/blue_line_follower.pc'
[1.311s] Level 1:colcon.colcon_core.environment:checking '/home/wayay/Ros/ROS2_Project/install/blue_line_follower/lib/python3.10/site-packages'
[1.311s] Level 1:colcon.colcon_core.shell:create_environment_hook('blue_line_follower', 'pythonpath')
[1.311s] INFO:colcon.colcon_core.shell:Creating environment hook '/home/wayay/Ros/ROS2_Project/install/blue_line_follower/share/blue_line_follower/hook/pythonpath.ps1'
[1.312s] INFO:colcon.colcon_core.shell:Creating environment descriptor '/home/wayay/Ros/ROS2_Project/install/blue_line_follower/share/blue_line_follower/hook/pythonpath.dsv'
[1.313s] INFO:colcon.colcon_core.shell:Creating environment hook '/home/wayay/Ros/ROS2_Project/install/blue_line_follower/share/blue_line_follower/hook/pythonpath.sh'
[1.314s] Level 1:colcon.colcon_core.environment:checking '/home/wayay/Ros/ROS2_Project/install/blue_line_follower/bin'
[1.314s] Level 1:colcon.colcon_core.environment:create_environment_scripts_only(blue_line_follower)
[1.314s] INFO:colcon.colcon_core.shell:Creating package script '/home/wayay/Ros/ROS2_Project/install/blue_line_follower/share/blue_line_follower/package.ps1'
[1.315s] INFO:colcon.colcon_core.shell:Creating package descriptor '/home/wayay/Ros/ROS2_Project/install/blue_line_follower/share/blue_line_follower/package.dsv'
[1.315s] INFO:colcon.colcon_core.shell:Creating package script '/home/wayay/Ros/ROS2_Project/install/blue_line_follower/share/blue_line_follower/package.sh'
[1.316s] INFO:colcon.colcon_core.shell:Creating package script '/home/wayay/Ros/ROS2_Project/install/blue_line_follower/share/blue_line_follower/package.bash'
[1.316s] INFO:colcon.colcon_core.shell:Creating package script '/home/wayay/Ros/ROS2_Project/install/blue_line_follower/share/blue_line_follower/package.zsh'
[1.317s] Level 1:colcon.colcon_core.environment:create_file_with_runtime_dependencies(/home/wayay/Ros/ROS2_Project/install/blue_line_follower/share/colcon-core/packages/blue_line_follower)
[1.317s] DEBUG:colcon.colcon_parallel_executor.executor.parallel:closing loop
[1.318s] DEBUG:colcon.colcon_parallel_executor.executor.parallel:loop closed
[1.318s] DEBUG:colcon.colcon_parallel_executor.executor.parallel:run_until_complete finished with '0'
[1.318s] DEBUG:colcon.colcon_core.event_reactor:joining thread
[1.321s] INFO:colcon.colcon_core.plugin_system:Skipping extension 'colcon_notification.desktop_notification.terminal_notifier': Not used on non-Darwin systems
[1.322s] INFO:colcon.colcon_core.plugin_system:Skipping extension 'colcon_notification.desktop_notification.win32': Not used on non-Windows systems
[1.322s] INFO:colcon.colcon_notification.desktop_notification:Sending desktop notification using 'notify2'
[1.332s] DEBUG:colcon.colcon_core.event_reactor:joined thread
[1.332s] INFO:colcon.colcon_core.shell:Creating prefix script '/home/wayay/Ros/ROS2_Project/install/local_setup.ps1'
[1.334s] INFO:colcon.colcon_core.shell:Creating prefix util module '/home/wayay/Ros/ROS2_Project/install/_local_setup_util_ps1.py'
[1.336s] INFO:colcon.colcon_core.shell:Creating prefix chain script '/home/wayay/Ros/ROS2_Project/install/setup.ps1'
[1.338s] INFO:colcon.colcon_core.shell:Creating prefix script '/home/wayay/Ros/ROS2_Project/install/local_setup.sh'
[1.338s] INFO:colcon.colcon_core.shell:Creating prefix util module '/home/wayay/Ros/ROS2_Project/install/_local_setup_util_sh.py'
[1.339s] INFO:colcon.colcon_core.shell:Creating prefix chain script '/home/wayay/Ros/ROS2_Project/install/setup.sh'
[1.341s] INFO:colcon.colcon_core.shell:Creating prefix script '/home/wayay/Ros/ROS2_Project/install/local_setup.bash'
[1.342s] INFO:colcon.colcon_core.shell:Creating prefix chain script '/home/wayay/Ros/ROS2_Project/install/setup.bash'
[1.343s] INFO:colcon.colcon_core.shell:Creating prefix script '/home/wayay/Ros/ROS2_Project/install/local_setup.zsh'
[1.344s] INFO:colcon.colcon_core.shell:Creating prefix chain script '/home/wayay/Ros/ROS2_Project/install/setup.zsh'
