[0.493s] Invoking command in '/home/wayay/line_follower_ws/src/blue_line_follower': PYTHONPATH=/home/wayay/line_follower_ws/build/blue_line_follower/prefix_override:/usr/lib/python3/dist-packages/colcon_core/task/python/colcon_distutils_commands:/home/wayay/line_follower_ws/install/blue_line_follower/lib/python3.10/site-packages:${PYTHONPATH} /usr/bin/python3 -W ignore:setup.py install is deprecated -W ignore:easy_install command is deprecated setup.py egg_info --egg-base ../../build/blue_line_follower build --build-base /home/wayay/line_follower_ws/build/blue_line_follower/build install --record /home/wayay/line_follower_ws/build/blue_line_follower/install.log --single-version-externally-managed install_data
[0.682s] running egg_info
[0.683s] writing ../../build/blue_line_follower/blue_line_follower.egg-info/PKG-INFO
[0.683s] writing dependency_links to ../../build/blue_line_follower/blue_line_follower.egg-info/dependency_links.txt
[0.683s] writing entry points to ../../build/blue_line_follower/blue_line_follower.egg-info/entry_points.txt
[0.683s] writing requirements to ../../build/blue_line_follower/blue_line_follower.egg-info/requires.txt
[0.683s] writing top-level names to ../../build/blue_line_follower/blue_line_follower.egg-info/top_level.txt
[0.684s] reading manifest file '../../build/blue_line_follower/blue_line_follower.egg-info/SOURCES.txt'
[0.685s] writing manifest file '../../build/blue_line_follower/blue_line_follower.egg-info/SOURCES.txt'
[0.685s] running build
[0.685s] running build_py
[0.685s] copying blue_line_follower/line_follower_node.py -> /home/wayay/line_follower_ws/build/blue_line_follower/build/lib/blue_line_follower
[0.685s] running install
[0.685s] running install_lib
[0.686s] copying /home/wayay/line_follower_ws/build/blue_line_follower/build/lib/blue_line_follower/line_follower_node.py -> /home/wayay/line_follower_ws/install/blue_line_follower/lib/python3.10/site-packages/blue_line_follower
[0.686s] byte-compiling /home/wayay/line_follower_ws/install/blue_line_follower/lib/python3.10/site-packages/blue_line_follower/line_follower_node.py to line_follower_node.cpython-310.pyc
[0.688s] running install_data
[0.688s] running install_egg_info
[0.689s] removing '/home/wayay/line_follower_ws/install/blue_line_follower/lib/python3.10/site-packages/blue_line_follower-1.0.0-py3.10.egg-info' (and everything under it)
[0.689s] Copying ../../build/blue_line_follower/blue_line_follower.egg-info to /home/wayay/line_follower_ws/install/blue_line_follower/lib/python3.10/site-packages/blue_line_follower-1.0.0-py3.10.egg-info
[0.690s] running install_scripts
[0.704s] Installing aruco_diagnostic script to /home/wayay/line_follower_ws/install/blue_line_follower/lib/blue_line_follower
[0.704s] Installing aruco_navigation_client script to /home/wayay/line_follower_ws/install/blue_line_follower/lib/blue_line_follower
[0.704s] Installing aruco_navigation_server script to /home/wayay/line_follower_ws/install/blue_line_follower/lib/blue_line_follower
[0.705s] Installing line_follower_node script to /home/wayay/line_follower_ws/install/blue_line_follower/lib/blue_line_follower
[0.705s] writing list of installed files to '/home/wayay/line_follower_ws/build/blue_line_follower/install.log'
[0.719s] Invoked command in '/home/wayay/line_follower_ws/src/blue_line_follower' returned '0': PYTHONPATH=/home/wayay/line_follower_ws/build/blue_line_follower/prefix_override:/usr/lib/python3/dist-packages/colcon_core/task/python/colcon_distutils_commands:/home/wayay/line_follower_ws/install/blue_line_follower/lib/python3.10/site-packages:${PYTHONPATH} /usr/bin/python3 -W ignore:setup.py install is deprecated -W ignore:easy_install command is deprecated setup.py egg_info --egg-base ../../build/blue_line_follower build --build-base /home/wayay/line_follower_ws/build/blue_line_follower/build install --record /home/wayay/line_follower_ws/build/blue_line_follower/install.log --single-version-externally-managed install_data
