[0.004s] Invoking command in '/home/wayay/Ros/ROS2_Project/build/custom_interfaces': /usr/bin/cmake /home/wayay/Ros/ROS2_Project/src/custom_interfaces -DCMAKE_INSTALL_PREFIX=/home/wayay/Ros/ROS2_Project/install/custom_interfaces
[0.118s] -- The C compiler identification is GNU 11.4.0
[0.215s] -- The CXX compiler identification is GNU 11.4.0
[0.225s] -- Detecting C compiler ABI info
[0.281s] -- Detecting C compiler ABI info - done
[0.288s] -- Check for working C compiler: /usr/bin/cc - skipped
[0.288s] -- Detecting C compile features
[0.289s] -- Detecting C compile features - done
[0.292s] -- Detecting CXX compiler ABI info
[0.347s] -- Detecting CXX compiler ABI info - done
[0.361s] -- Check for working CXX compiler: /usr/bin/c++ - skipped
[0.362s] -- Detecting CXX compile features
[0.362s] -- Detecting CXX compile features - done
[0.377s] [31mCMake Error at CMakeLists.txt:9 (find_package):
[0.378s]   By not providing "Findament_cmake.cmake" in CMAKE_MODULE_PATH this project
[0.378s]   has asked CMake to find a package configuration file provided by
[0.378s]   "ament_cmake", but CMake did not find one.
[0.378s] 
[0.378s]   Could not find a package configuration file provided by "ament_cmake" with
[0.378s]   any of the following names:
[0.378s] 
[0.378s]     ament_cmakeConfig.cmake
[0.378s]     ament_cmake-config.cmake
[0.378s] 
[0.378s]   Add the installation prefix of "ament_cmake" to CMAKE_PREFIX_PATH or set
[0.378s]   "ament_cmake_DIR" to a directory containing one of the above files.  If
[0.378s]   "ament_cmake" provides a separate development package or SDK, be sure it
[0.379s]   has been installed.
[0.379s] 
[0.379s] [0m
[0.379s] -- Configuring incomplete, errors occurred!
[0.379s] See also "/home/wayay/Ros/ROS2_Project/build/custom_interfaces/CMakeFiles/CMakeOutput.log".
[0.381s] Invoked command in '/home/wayay/Ros/ROS2_Project/build/custom_interfaces' returned '1': /usr/bin/cmake /home/wayay/Ros/ROS2_Project/src/custom_interfaces -DCMAKE_INSTALL_PREFIX=/home/wayay/Ros/ROS2_Project/install/custom_interfaces
