-- The C compiler identification is GNU 11.4.0
-- The CXX compiler identification is GNU 11.4.0
-- Detecting C compiler ABI info
-- Detecting C compiler ABI info - done
-- Check for working C compiler: /usr/bin/cc - skipped
-- Detecting C compile features
-- Detecting C compile features - done
-- Detecting CXX compiler ABI info
-- Detecting CXX compiler ABI info - done
-- Check for working CXX compiler: /usr/bin/c++ - skipped
-- Detecting CXX compile features
-- Detecting CXX compile features - done
-- Found ament_cmake: 1.3.12 (/opt/ros/humble/share/ament_cmake/cmake)
-- Found Python3: /usr/bin/python3 (found version "3.10.12") found components: Interpreter 
-- Override CMake install command with custom implementation using symlinks instead of copying resources
-- Found rosidl_default_generators: 1.2.0 (/opt/ros/humble/share/rosidl_default_generators/cmake)
-- Using all available rosidl_typesupport_c: rosidl_typesupport_fastrtps_c;rosidl_typesupport_introspection_c
-- Found rosidl_adapter: 3.1.7 (/opt/ros/humble/share/rosidl_adapter/cmake)
-- Using all available rosidl_typesupport_cpp: rosidl_typesupport_fastrtps_cpp;rosidl_typesupport_introspection_cpp
-- Found action_msgs: 1.2.2 (/opt/ros/humble/share/action_msgs/cmake)
-- Found ament_cmake_ros: 0.10.0 (/opt/ros/humble/share/ament_cmake_ros/cmake)
-- Using all available rosidl_typesupport_c: rosidl_typesupport_fastrtps_c;rosidl_typesupport_introspection_c
-- Using all available rosidl_typesupport_cpp: rosidl_typesupport_fastrtps_cpp;rosidl_typesupport_introspection_cpp
-- Found PythonInterp: /usr/bin/python3 (found suitable version "3.10.12", minimum required is "3.6") 
-- Found python_cmake_module: 0.10.0 (/opt/ros/humble/share/python_cmake_module/cmake)
-- Found PythonLibs: /usr/lib/x86_64-linux-gnu/libpython3.10.so (found suitable version "3.10.12", minimum required is "3.5") 
-- Using PYTHON_EXECUTABLE: /usr/bin/python3
-- Using PYTHON_INCLUDE_DIRS: /usr/include/python3.10
-- Using PYTHON_LIBRARIES: /usr/lib/x86_64-linux-gnu/libpython3.10.so
-- Found PythonExtra: .so  
-- Found ament_lint_auto: 0.12.14 (/opt/ros/humble/share/ament_lint_auto/cmake)
-- Added test 'lint_cmake' to check CMake code style
-- Added test 'xmllint' to check XML markup files
-- Configuring done
-- Generating done
-- Build files have been written to: /home/wayay/mixed/build/custom_interfaces
[  3%] Generating C code for ROS interfaces
[  6%] Generating C++ code for ROS interfaces
[  6%] Built target ament_cmake_python_symlink_custom_interfaces
running egg_info
creating custom_interfaces.egg-info
writing custom_interfaces.egg-info/PKG-INFO
writing dependency_links to custom_interfaces.egg-info/dependency_links.txt
writing top-level names to custom_interfaces.egg-info/top_level.txt
writing manifest file 'custom_interfaces.egg-info/SOURCES.txt'
reading manifest file 'custom_interfaces.egg-info/SOURCES.txt'
writing manifest file 'custom_interfaces.egg-info/SOURCES.txt'
[  6%] Built target ament_cmake_python_build_custom_interfaces_egg
[  6%] Built target custom_interfaces__cpp
[  9%] Building C object CMakeFiles/custom_interfaces__rosidl_generator_c.dir/rosidl_generator_c/custom_interfaces/action/detail/navigate_to_aruco__functions.c.o
[ 12%] Generating C++ introspection for ROS interfaces
[ 16%] Generating C++ type support dispatch for ROS interfaces
[ 19%] Generating C++ type support for eProsima Fast-RTPS
[ 22%] Linking C shared library libcustom_interfaces__rosidl_generator_c.so
[ 22%] Built target custom_interfaces__rosidl_generator_c
[ 25%] Generating C introspection for ROS interfaces
[ 29%] Generating C type support for eProsima Fast-RTPS
[ 32%] Generating C type support dispatch for ROS interfaces
[ 35%] Building CXX object CMakeFiles/custom_interfaces__rosidl_typesupport_cpp.dir/rosidl_typesupport_cpp/custom_interfaces/action/navigate_to_aruco__type_support.cpp.o
[ 38%] Building CXX object CMakeFiles/custom_interfaces__rosidl_typesupport_introspection_cpp.dir/rosidl_typesupport_introspection_cpp/custom_interfaces/action/detail/navigate_to_aruco__type_support.cpp.o
[ 41%] Building CXX object CMakeFiles/custom_interfaces__rosidl_typesupport_fastrtps_cpp.dir/rosidl_typesupport_fastrtps_cpp/custom_interfaces/action/detail/dds_fastrtps/navigate_to_aruco__type_support.cpp.o
[ 45%] Building CXX object CMakeFiles/custom_interfaces__rosidl_typesupport_c.dir/rosidl_typesupport_c/custom_interfaces/action/navigate_to_aruco__type_support.cpp.o
[ 48%] Linking CXX shared library libcustom_interfaces__rosidl_typesupport_c.so
[ 48%] Built target custom_interfaces__rosidl_typesupport_c
[ 51%] Building C object CMakeFiles/custom_interfaces__rosidl_typesupport_introspection_c.dir/rosidl_typesupport_introspection_c/custom_interfaces/action/detail/navigate_to_aruco__type_support.c.o
[ 54%] Linking C shared library libcustom_interfaces__rosidl_typesupport_introspection_c.so
[ 58%] Building CXX object CMakeFiles/custom_interfaces__rosidl_typesupport_fastrtps_c.dir/rosidl_typesupport_fastrtps_c/custom_interfaces/action/detail/navigate_to_aruco__type_support_c.cpp.o
[ 61%] Linking CXX shared library libcustom_interfaces__rosidl_typesupport_cpp.so
[ 61%] Built target custom_interfaces__rosidl_typesupport_introspection_c
[ 61%] Built target custom_interfaces__rosidl_typesupport_cpp
[ 64%] Linking CXX shared library libcustom_interfaces__rosidl_typesupport_introspection_cpp.so
[ 64%] Built target custom_interfaces__rosidl_typesupport_introspection_cpp
[ 67%] Linking CXX shared library libcustom_interfaces__rosidl_typesupport_fastrtps_cpp.so
[ 67%] Built target custom_interfaces__rosidl_typesupport_fastrtps_cpp
[ 70%] Linking CXX shared library libcustom_interfaces__rosidl_typesupport_fastrtps_c.so
[ 70%] Built target custom_interfaces__rosidl_typesupport_fastrtps_c
[ 70%] Built target custom_interfaces
[ 74%] Generating Python code for ROS interfaces
[ 74%] Built target custom_interfaces__py
[ 77%] Building C object CMakeFiles/custom_interfaces__rosidl_generator_py.dir/rosidl_generator_py/custom_interfaces/action/_navigate_to_aruco_s.c.o
[ 80%] Linking C shared library rosidl_generator_py/custom_interfaces/libcustom_interfaces__rosidl_generator_py.so
[ 80%] Built target custom_interfaces__rosidl_generator_py
[ 87%] Building C object CMakeFiles/custom_interfaces__rosidl_typesupport_fastrtps_c__pyext.dir/rosidl_generator_py/custom_interfaces/_custom_interfaces_s.ep.rosidl_typesupport_fastrtps_c.c.o
[ 87%] Building C object CMakeFiles/custom_interfaces__rosidl_typesupport_introspection_c__pyext.dir/rosidl_generator_py/custom_interfaces/_custom_interfaces_s.ep.rosidl_typesupport_introspection_c.c.o
[ 90%] Building C object CMakeFiles/custom_interfaces__rosidl_typesupport_c__pyext.dir/rosidl_generator_py/custom_interfaces/_custom_interfaces_s.ep.rosidl_typesupport_c.c.o
[ 93%] Linking C shared library rosidl_generator_py/custom_interfaces/custom_interfaces_s__rosidl_typesupport_c.cpython-310-x86_64-linux-gnu.so
[ 96%] Linking C shared library rosidl_generator_py/custom_interfaces/custom_interfaces_s__rosidl_typesupport_fastrtps_c.cpython-310-x86_64-linux-gnu.so
[100%] Linking C shared library rosidl_generator_py/custom_interfaces/custom_interfaces_s__rosidl_typesupport_introspection_c.cpython-310-x86_64-linux-gnu.so
[100%] Built target custom_interfaces__rosidl_typesupport_c__pyext
[100%] Built target custom_interfaces__rosidl_typesupport_fastrtps_c__pyext
[100%] Built target custom_interfaces__rosidl_typesupport_introspection_c__pyext
-- Install configuration: ""
-- Execute custom install script
-- Symlinking: /home/wayay/mixed/install/custom_interfaces/share/ament_index/resource_index/rosidl_interfaces/custom_interfaces
-- Symlinking: /home/wayay/mixed/install/custom_interfaces/include/custom_interfaces/custom_interfaces/action/detail/navigate_to_aruco__functions.h
-- Symlinking: /home/wayay/mixed/install/custom_interfaces/include/custom_interfaces/custom_interfaces/action/detail/navigate_to_aruco__struct.h
-- Symlinking: /home/wayay/mixed/install/custom_interfaces/include/custom_interfaces/custom_interfaces/action/detail/navigate_to_aruco__type_support.h
-- Symlinking: /home/wayay/mixed/install/custom_interfaces/include/custom_interfaces/custom_interfaces/action/navigate_to_aruco.h
-- Symlinking: /home/wayay/mixed/install/custom_interfaces/include/custom_interfaces/custom_interfaces/msg/rosidl_generator_c__visibility_control.h
-- Symlinking: /home/wayay/mixed/install/custom_interfaces/share/custom_interfaces/environment/library_path.sh
-- Symlinking: /home/wayay/mixed/install/custom_interfaces/share/custom_interfaces/environment/library_path.dsv
-- Symlinking: /home/wayay/mixed/install/custom_interfaces/include/custom_interfaces/custom_interfaces/action/detail/navigate_to_aruco__rosidl_typesupport_fastrtps_c.h
-- Symlinking: /home/wayay/mixed/install/custom_interfaces/include/custom_interfaces/custom_interfaces/msg/rosidl_typesupport_fastrtps_c__visibility_control.h
-- Symlinking: /home/wayay/mixed/install/custom_interfaces/include/custom_interfaces/custom_interfaces/action/detail/navigate_to_aruco__rosidl_typesupport_introspection_c.h
-- Symlinking: /home/wayay/mixed/install/custom_interfaces/include/custom_interfaces/custom_interfaces/msg/rosidl_typesupport_introspection_c__visibility_control.h
-- Symlinking: /home/wayay/mixed/install/custom_interfaces/include/custom_interfaces/custom_interfaces/action/detail/navigate_to_aruco__builder.hpp
-- Symlinking: /home/wayay/mixed/install/custom_interfaces/include/custom_interfaces/custom_interfaces/action/detail/navigate_to_aruco__struct.hpp
-- Symlinking: /home/wayay/mixed/install/custom_interfaces/include/custom_interfaces/custom_interfaces/action/detail/navigate_to_aruco__traits.hpp
-- Symlinking: /home/wayay/mixed/install/custom_interfaces/include/custom_interfaces/custom_interfaces/action/detail/navigate_to_aruco__type_support.hpp
-- Symlinking: /home/wayay/mixed/install/custom_interfaces/include/custom_interfaces/custom_interfaces/action/navigate_to_aruco.hpp
-- Symlinking: /home/wayay/mixed/install/custom_interfaces/include/custom_interfaces/custom_interfaces/msg/rosidl_generator_cpp__visibility_control.hpp
-- Symlinking: /home/wayay/mixed/install/custom_interfaces/include/custom_interfaces/custom_interfaces/action/detail/navigate_to_aruco__rosidl_typesupport_fastrtps_cpp.hpp
-- Symlinking: /home/wayay/mixed/install/custom_interfaces/include/custom_interfaces/custom_interfaces/msg/rosidl_typesupport_fastrtps_cpp__visibility_control.h
-- Symlinking: /home/wayay/mixed/install/custom_interfaces/include/custom_interfaces/custom_interfaces/action/detail/navigate_to_aruco__rosidl_typesupport_introspection_cpp.hpp
-- Symlinking: /home/wayay/mixed/install/custom_interfaces/share/custom_interfaces/environment/pythonpath.sh
-- Symlinking: /home/wayay/mixed/install/custom_interfaces/share/custom_interfaces/environment/pythonpath.dsv
-- Symlinking: /home/wayay/mixed/install/custom_interfaces/local/lib/python3.10/dist-packages/custom_interfaces-0.0.0-py3.10.egg-info/PKG-INFO
-- Symlinking: /home/wayay/mixed/install/custom_interfaces/local/lib/python3.10/dist-packages/custom_interfaces-0.0.0-py3.10.egg-info/SOURCES.txt
-- Symlinking: /home/wayay/mixed/install/custom_interfaces/local/lib/python3.10/dist-packages/custom_interfaces-0.0.0-py3.10.egg-info/dependency_links.txt
-- Symlinking: /home/wayay/mixed/install/custom_interfaces/local/lib/python3.10/dist-packages/custom_interfaces-0.0.0-py3.10.egg-info/top_level.txt
-- Symlinking: /home/wayay/mixed/install/custom_interfaces/local/lib/python3.10/dist-packages/custom_interfaces/__init__.py
-- Symlinking: /home/wayay/mixed/install/custom_interfaces/local/lib/python3.10/dist-packages/custom_interfaces/_custom_interfaces_s.ep.rosidl_typesupport_c.c
-- Symlinking: /home/wayay/mixed/install/custom_interfaces/local/lib/python3.10/dist-packages/custom_interfaces/_custom_interfaces_s.ep.rosidl_typesupport_fastrtps_c.c
-- Symlinking: /home/wayay/mixed/install/custom_interfaces/local/lib/python3.10/dist-packages/custom_interfaces/_custom_interfaces_s.ep.rosidl_typesupport_introspection_c.c
-- Symlinking: /home/wayay/mixed/install/custom_interfaces/local/lib/python3.10/dist-packages/custom_interfaces/action/__init__.py
-- Symlinking: /home/wayay/mixed/install/custom_interfaces/local/lib/python3.10/dist-packages/custom_interfaces/action/_navigate_to_aruco.py
-- Symlinking: /home/wayay/mixed/install/custom_interfaces/local/lib/python3.10/dist-packages/custom_interfaces/action/_navigate_to_aruco_s.c
-- Symlinking: /home/wayay/mixed/install/custom_interfaces/local/lib/python3.10/dist-packages/custom_interfaces/custom_interfaces_s__rosidl_typesupport_c.cpython-310-x86_64-linux-gnu.so
-- Symlinking: /home/wayay/mixed/install/custom_interfaces/local/lib/python3.10/dist-packages/custom_interfaces/custom_interfaces_s__rosidl_typesupport_fastrtps_c.cpython-310-x86_64-linux-gnu.so
-- Symlinking: /home/wayay/mixed/install/custom_interfaces/local/lib/python3.10/dist-packages/custom_interfaces/custom_interfaces_s__rosidl_typesupport_introspection_c.cpython-310-x86_64-linux-gnu.so
-- Symlinking: /home/wayay/mixed/install/custom_interfaces/local/lib/python3.10/dist-packages/custom_interfaces/libcustom_interfaces__rosidl_generator_py.so
-- Up-to-date symlink: /home/wayay/mixed/install/custom_interfaces/local/lib/python3.10/dist-packages/custom_interfaces/custom_interfaces_s__rosidl_typesupport_fastrtps_c.cpython-310-x86_64-linux-gnu.so
-- Up-to-date symlink: /home/wayay/mixed/install/custom_interfaces/local/lib/python3.10/dist-packages/custom_interfaces/custom_interfaces_s__rosidl_typesupport_introspection_c.cpython-310-x86_64-linux-gnu.so
-- Up-to-date symlink: /home/wayay/mixed/install/custom_interfaces/local/lib/python3.10/dist-packages/custom_interfaces/custom_interfaces_s__rosidl_typesupport_c.cpython-310-x86_64-linux-gnu.so
-- Symlinking: /home/wayay/mixed/install/custom_interfaces/share/custom_interfaces/action/NavigateToAruco.idl
-- Symlinking: /home/wayay/mixed/install/custom_interfaces/share/custom_interfaces/action/NavigateToAruco.action
-- Symlinking: /home/wayay/mixed/install/custom_interfaces/share/ament_index/resource_index/package_run_dependencies/custom_interfaces
-- Symlinking: /home/wayay/mixed/install/custom_interfaces/share/ament_index/resource_index/parent_prefix_path/custom_interfaces
-- Symlinking: /home/wayay/mixed/install/custom_interfaces/share/custom_interfaces/environment/ament_prefix_path.sh
-- Symlinking: /home/wayay/mixed/install/custom_interfaces/share/custom_interfaces/environment/ament_prefix_path.dsv
-- Symlinking: /home/wayay/mixed/install/custom_interfaces/share/custom_interfaces/environment/path.sh
-- Symlinking: /home/wayay/mixed/install/custom_interfaces/share/custom_interfaces/environment/path.dsv
-- Symlinking: /home/wayay/mixed/install/custom_interfaces/share/custom_interfaces/local_setup.bash
-- Symlinking: /home/wayay/mixed/install/custom_interfaces/share/custom_interfaces/local_setup.sh
-- Symlinking: /home/wayay/mixed/install/custom_interfaces/share/custom_interfaces/local_setup.zsh
-- Symlinking: /home/wayay/mixed/install/custom_interfaces/share/custom_interfaces/local_setup.dsv
-- Symlinking: /home/wayay/mixed/install/custom_interfaces/share/custom_interfaces/package.dsv
-- Symlinking: /home/wayay/mixed/install/custom_interfaces/share/ament_index/resource_index/packages/custom_interfaces
-- Symlinking: /home/wayay/mixed/install/custom_interfaces/share/custom_interfaces/cmake/rosidl_cmake-extras.cmake
-- Symlinking: /home/wayay/mixed/install/custom_interfaces/share/custom_interfaces/cmake/ament_cmake_export_dependencies-extras.cmake
-- Symlinking: /home/wayay/mixed/install/custom_interfaces/share/custom_interfaces/cmake/ament_cmake_export_include_directories-extras.cmake
-- Symlinking: /home/wayay/mixed/install/custom_interfaces/share/custom_interfaces/cmake/ament_cmake_export_libraries-extras.cmake
-- Symlinking: /home/wayay/mixed/install/custom_interfaces/share/custom_interfaces/cmake/ament_cmake_export_targets-extras.cmake
-- Symlinking: /home/wayay/mixed/install/custom_interfaces/share/custom_interfaces/cmake/rosidl_cmake_export_typesupport_targets-extras.cmake
-- Symlinking: /home/wayay/mixed/install/custom_interfaces/share/custom_interfaces/cmake/rosidl_cmake_export_typesupport_libraries-extras.cmake
-- Symlinking: /home/wayay/mixed/install/custom_interfaces/share/custom_interfaces/cmake/custom_interfacesConfig.cmake
-- Symlinking: /home/wayay/mixed/install/custom_interfaces/share/custom_interfaces/cmake/custom_interfacesConfig-version.cmake
-- Symlinking: /home/wayay/mixed/install/custom_interfaces/share/custom_interfaces/package.xml
-- Installing: /home/wayay/mixed/install/custom_interfaces/lib/libcustom_interfaces__rosidl_generator_c.so
-- Set runtime path of "/home/wayay/mixed/install/custom_interfaces/lib/libcustom_interfaces__rosidl_generator_c.so" to ""
-- Installing: /home/wayay/mixed/install/custom_interfaces/lib/libcustom_interfaces__rosidl_typesupport_fastrtps_c.so
-- Set runtime path of "/home/wayay/mixed/install/custom_interfaces/lib/libcustom_interfaces__rosidl_typesupport_fastrtps_c.so" to ""
-- Installing: /home/wayay/mixed/install/custom_interfaces/lib/libcustom_interfaces__rosidl_typesupport_introspection_c.so
-- Set runtime path of "/home/wayay/mixed/install/custom_interfaces/lib/libcustom_interfaces__rosidl_typesupport_introspection_c.so" to ""
-- Installing: /home/wayay/mixed/install/custom_interfaces/lib/libcustom_interfaces__rosidl_typesupport_c.so
-- Set runtime path of "/home/wayay/mixed/install/custom_interfaces/lib/libcustom_interfaces__rosidl_typesupport_c.so" to ""
-- Installing: /home/wayay/mixed/install/custom_interfaces/lib/libcustom_interfaces__rosidl_typesupport_fastrtps_cpp.so
-- Set runtime path of "/home/wayay/mixed/install/custom_interfaces/lib/libcustom_interfaces__rosidl_typesupport_fastrtps_cpp.so" to ""
-- Installing: /home/wayay/mixed/install/custom_interfaces/lib/libcustom_interfaces__rosidl_typesupport_introspection_cpp.so
-- Set runtime path of "/home/wayay/mixed/install/custom_interfaces/lib/libcustom_interfaces__rosidl_typesupport_introspection_cpp.so" to ""
-- Installing: /home/wayay/mixed/install/custom_interfaces/lib/libcustom_interfaces__rosidl_typesupport_cpp.so
-- Set runtime path of "/home/wayay/mixed/install/custom_interfaces/lib/libcustom_interfaces__rosidl_typesupport_cpp.so" to ""
Listing '/home/wayay/mixed/install/custom_interfaces/local/lib/python3.10/dist-packages/custom_interfaces'...
Compiling '/home/wayay/mixed/install/custom_interfaces/local/lib/python3.10/dist-packages/custom_interfaces/__init__.py'...
Listing '/home/wayay/mixed/install/custom_interfaces/local/lib/python3.10/dist-packages/custom_interfaces/action'...
Compiling '/home/wayay/mixed/install/custom_interfaces/local/lib/python3.10/dist-packages/custom_interfaces/action/__init__.py'...
Compiling '/home/wayay/mixed/install/custom_interfaces/local/lib/python3.10/dist-packages/custom_interfaces/action/_navigate_to_aruco.py'...
-- Installing: /home/wayay/mixed/install/custom_interfaces/lib/libcustom_interfaces__rosidl_generator_py.so
-- Set runtime path of "/home/wayay/mixed/install/custom_interfaces/lib/libcustom_interfaces__rosidl_generator_py.so" to ""
-- Installing: /home/wayay/mixed/install/custom_interfaces/share/custom_interfaces/cmake/export_custom_interfaces__rosidl_generator_cExport.cmake
-- Installing: /home/wayay/mixed/install/custom_interfaces/share/custom_interfaces/cmake/export_custom_interfaces__rosidl_generator_cExport-noconfig.cmake
-- Installing: /home/wayay/mixed/install/custom_interfaces/share/custom_interfaces/cmake/export_custom_interfaces__rosidl_typesupport_fastrtps_cExport.cmake
-- Installing: /home/wayay/mixed/install/custom_interfaces/share/custom_interfaces/cmake/export_custom_interfaces__rosidl_typesupport_fastrtps_cExport-noconfig.cmake
-- Installing: /home/wayay/mixed/install/custom_interfaces/share/custom_interfaces/cmake/custom_interfaces__rosidl_typesupport_introspection_cExport.cmake
-- Installing: /home/wayay/mixed/install/custom_interfaces/share/custom_interfaces/cmake/custom_interfaces__rosidl_typesupport_introspection_cExport-noconfig.cmake
-- Installing: /home/wayay/mixed/install/custom_interfaces/share/custom_interfaces/cmake/custom_interfaces__rosidl_typesupport_cExport.cmake
-- Installing: /home/wayay/mixed/install/custom_interfaces/share/custom_interfaces/cmake/custom_interfaces__rosidl_typesupport_cExport-noconfig.cmake
-- Installing: /home/wayay/mixed/install/custom_interfaces/share/custom_interfaces/cmake/export_custom_interfaces__rosidl_generator_cppExport.cmake
-- Installing: /home/wayay/mixed/install/custom_interfaces/share/custom_interfaces/cmake/export_custom_interfaces__rosidl_typesupport_fastrtps_cppExport.cmake
-- Installing: /home/wayay/mixed/install/custom_interfaces/share/custom_interfaces/cmake/export_custom_interfaces__rosidl_typesupport_fastrtps_cppExport-noconfig.cmake
-- Installing: /home/wayay/mixed/install/custom_interfaces/share/custom_interfaces/cmake/custom_interfaces__rosidl_typesupport_introspection_cppExport.cmake
-- Installing: /home/wayay/mixed/install/custom_interfaces/share/custom_interfaces/cmake/custom_interfaces__rosidl_typesupport_introspection_cppExport-noconfig.cmake
-- Installing: /home/wayay/mixed/install/custom_interfaces/share/custom_interfaces/cmake/custom_interfaces__rosidl_typesupport_cppExport.cmake
-- Installing: /home/wayay/mixed/install/custom_interfaces/share/custom_interfaces/cmake/custom_interfaces__rosidl_typesupport_cppExport-noconfig.cmake
-- Installing: /home/wayay/mixed/install/custom_interfaces/share/custom_interfaces/cmake/export_custom_interfaces__rosidl_generator_pyExport.cmake
-- Installing: /home/wayay/mixed/install/custom_interfaces/share/custom_interfaces/cmake/export_custom_interfaces__rosidl_generator_pyExport-noconfig.cmake
