[0.006s] Invoking command in '/home/wayay/mixed/build/my_robot_controller': CMAKE_PREFIX_PATH=${CMAKE_PREFIX_PATH}:/home/wayay/mixed/install/blue_line_follower:/opt/ros/humble /usr/bin/cmake /home/wayay/mixed/src/my_robot_controller -DAMENT_CMAKE_SYMLINK_INSTALL=1 -DCMAKE_INSTALL_PREFIX=/home/wayay/mixed/install/my_robot_controller
[0.040s] -- The C compiler identification is GNU 11.4.0
[0.079s] -- The CXX compiler identification is GNU 11.4.0
[0.088s] -- Detecting C compiler ABI info
[0.140s] -- Detecting C compiler ABI info - done
[0.146s] -- Check for working C compiler: /usr/bin/cc - skipped
[0.147s] -- Detecting C compile features
[0.147s] -- Detecting C compile features - done
[0.149s] -- Detecting CXX compiler ABI info
[0.205s] -- Detecting CXX compiler ABI info - done
[0.211s] -- Check for working CXX compiler: /usr/bin/c++ - skipped
[0.211s] -- Detecting CXX compile features
[0.212s] -- Detecting CXX compile features - done
[0.214s] -- Found ament_cmake: 1.3.12 (/opt/ros/humble/share/ament_cmake/cmake)
[0.321s] -- Found Python3: /usr/bin/python3 (found version "3.10.12") found components: Interpreter 
[0.367s] -- Override CMake install command with custom implementation using symlinks instead of copying resources
[0.435s] -- Configuring done
[0.436s] -- Generating done
[0.438s] -- Build files have been written to: /home/wayay/mixed/build/my_robot_controller
[0.441s] Invoked command in '/home/wayay/mixed/build/my_robot_controller' returned '0': CMAKE_PREFIX_PATH=${CMAKE_PREFIX_PATH}:/home/wayay/mixed/install/blue_line_follower:/opt/ros/humble /usr/bin/cmake /home/wayay/mixed/src/my_robot_controller -DAMENT_CMAKE_SYMLINK_INSTALL=1 -DCMAKE_INSTALL_PREFIX=/home/wayay/mixed/install/my_robot_controller
[0.442s] Invoking command in '/home/wayay/mixed/build/my_robot_controller': CMAKE_PREFIX_PATH=${CMAKE_PREFIX_PATH}:/home/wayay/mixed/install/blue_line_follower:/opt/ros/humble /usr/bin/cmake --build /home/wayay/mixed/build/my_robot_controller -- -j6 -l6
[0.466s] Invoked command in '/home/wayay/mixed/build/my_robot_controller' returned '0': CMAKE_PREFIX_PATH=${CMAKE_PREFIX_PATH}:/home/wayay/mixed/install/blue_line_follower:/opt/ros/humble /usr/bin/cmake --build /home/wayay/mixed/build/my_robot_controller -- -j6 -l6
[0.473s] Invoking command in '/home/wayay/mixed/build/my_robot_controller': CMAKE_PREFIX_PATH=${CMAKE_PREFIX_PATH}:/home/wayay/mixed/install/blue_line_follower:/opt/ros/humble /usr/bin/cmake --install /home/wayay/mixed/build/my_robot_controller
[0.477s] -- Install configuration: ""
[0.478s] -- Execute custom install script
[0.478s] -- Symlinking: /home/wayay/mixed/install/my_robot_controller/share/my_robot_controller/description/imu.xacro
[0.486s] -- Symlinking: /home/wayay/mixed/install/my_robot_controller/share/my_robot_controller/description/lidar.xacro
[0.492s] -- Symlinking: /home/wayay/mixed/install/my_robot_controller/share/my_robot_controller/description/robot.urdf.xacro
[0.499s] -- Symlinking: /home/wayay/mixed/install/my_robot_controller/share/my_robot_controller/description/robot_combined.urdf.xacro
[0.505s] -- Symlinking: /home/wayay/mixed/install/my_robot_controller/share/my_robot_controller/launch/launch_mapping.launch.py
[0.510s] -- Symlinking: /home/wayay/mixed/install/my_robot_controller/share/my_robot_controller/launch/launch_sim.launch.py
[0.517s] -- Symlinking: /home/wayay/mixed/install/my_robot_controller/share/my_robot_controller/launch/launch_sim_with_keyboard.launch.py
[0.522s] -- Symlinking: /home/wayay/mixed/install/my_robot_controller/share/my_robot_controller/launch/launch_sim_with_ps4.launch.py
[0.528s] -- Symlinking: /home/wayay/mixed/install/my_robot_controller/share/my_robot_controller/launch/robot_localization.launch.py
[0.533s] -- Symlinking: /home/wayay/mixed/install/my_robot_controller/share/my_robot_controller/launch/slam_mapping.launch.py
[0.539s] -- Symlinking: /home/wayay/mixed/install/my_robot_controller/share/my_robot_controller/config/ekf_params.yaml
[0.545s] -- Symlinking: /home/wayay/mixed/install/my_robot_controller/share/my_robot_controller/config/my_controllers.yaml
[0.551s] -- Symlinking: /home/wayay/mixed/install/my_robot_controller/share/my_robot_controller/config/my_controllers_namespaced.yaml
[0.556s] -- Symlinking: /home/wayay/mixed/install/my_robot_controller/share/my_robot_controller/config/nav2_params.yaml
[0.563s] -- Symlinking: /home/wayay/mixed/install/my_robot_controller/share/my_robot_controller/config/slam_params.yaml
[0.569s] -- Symlinking: /home/wayay/mixed/install/my_robot_controller/share/my_robot_controller/config/slam_stable.yaml
[0.575s] -- Symlinking: /home/wayay/mixed/install/my_robot_controller/share/my_robot_controller/worlds/my_world.world
[0.581s] -- Symlinking: /home/wayay/mixed/install/my_robot_controller/share/my_robot_controller/models/Cube_ROS.stl
[0.587s] -- Symlinking: /home/wayay/mixed/install/my_robot_controller/share/my_robot_controller/models/Wharehouse.dae
[0.592s] -- Symlinking: /home/wayay/mixed/install/my_robot_controller/share/my_robot_controller/models/my_map.stl
[0.601s] -- Symlinking: /home/wayay/mixed/install/my_robot_controller/share/my_robot_controller/nodes/compare_odometry.py
[0.606s] -- Symlinking: /home/wayay/mixed/install/my_robot_controller/share/my_robot_controller/nodes/controllers/keyboard_controller.py
[0.611s] -- Symlinking: /home/wayay/mixed/install/my_robot_controller/share/my_robot_controller/nodes/controllers/ps4_controller.py
[0.618s] -- Symlinking: /home/wayay/mixed/install/my_robot_controller/share/my_robot_controller/nodes/mappers/auto_mapper.py
[0.624s] -- Symlinking: /home/wayay/mixed/install/my_robot_controller/share/my_robot_controller/nodes/mappers/auto_mapper_detailed.py
[0.630s] -- Symlinking: /home/wayay/mixed/install/my_robot_controller/share/my_robot_controller/nodes/mappers/wall_follower_mapper.py
[0.637s] -- Symlinking: /home/wayay/mixed/install/my_robot_controller/share/my_robot_controller/nodes/navigation/backward_to_wall.py
[0.642s] -- Symlinking: /home/wayay/mixed/install/my_robot_controller/share/my_robot_controller/nodes/navigation/navigate_to_package.py
[0.649s] -- Symlinking: /home/wayay/mixed/install/my_robot_controller/share/my_robot_controller/nodes/navigation/set_initial_pose.py
[0.656s] -- Symlinking: /home/wayay/mixed/install/my_robot_controller/lib/my_robot_controller/ps4_controller.py
[0.661s] -- Symlinking: /home/wayay/mixed/install/my_robot_controller/lib/my_robot_controller/keyboard_controller.py
[0.669s] -- Symlinking: /home/wayay/mixed/install/my_robot_controller/lib/my_robot_controller/auto_mapper.py
[0.673s] -- Symlinking: /home/wayay/mixed/install/my_robot_controller/lib/my_robot_controller/auto_mapper_detailed.py
[0.679s] -- Symlinking: /home/wayay/mixed/install/my_robot_controller/lib/my_robot_controller/wall_follower_mapper.py
[0.685s] -- Symlinking: /home/wayay/mixed/install/my_robot_controller/lib/my_robot_controller/navigate_to_package.py
[0.691s] -- Symlinking: /home/wayay/mixed/install/my_robot_controller/lib/my_robot_controller/set_initial_pose.py
[0.696s] -- Symlinking: /home/wayay/mixed/install/my_robot_controller/lib/my_robot_controller/backward_to_wall.py
[0.701s] -- Symlinking: /home/wayay/mixed/install/my_robot_controller/lib/my_robot_controller/compare_odometry.py
[0.707s] -- Symlinking: /home/wayay/mixed/install/my_robot_controller/share/ament_index/resource_index/package_run_dependencies/my_robot_controller
[0.712s] -- Symlinking: /home/wayay/mixed/install/my_robot_controller/share/ament_index/resource_index/parent_prefix_path/my_robot_controller
[0.718s] -- Symlinking: /home/wayay/mixed/install/my_robot_controller/share/my_robot_controller/environment/ament_prefix_path.sh
[0.723s] -- Symlinking: /home/wayay/mixed/install/my_robot_controller/share/my_robot_controller/environment/ament_prefix_path.dsv
[0.728s] -- Symlinking: /home/wayay/mixed/install/my_robot_controller/share/my_robot_controller/environment/path.sh
[0.734s] -- Symlinking: /home/wayay/mixed/install/my_robot_controller/share/my_robot_controller/environment/path.dsv
[0.739s] -- Symlinking: /home/wayay/mixed/install/my_robot_controller/share/my_robot_controller/local_setup.bash
[0.744s] -- Symlinking: /home/wayay/mixed/install/my_robot_controller/share/my_robot_controller/local_setup.sh
[0.750s] -- Symlinking: /home/wayay/mixed/install/my_robot_controller/share/my_robot_controller/local_setup.zsh
[0.755s] -- Symlinking: /home/wayay/mixed/install/my_robot_controller/share/my_robot_controller/local_setup.dsv
[0.760s] -- Symlinking: /home/wayay/mixed/install/my_robot_controller/share/my_robot_controller/package.dsv
[0.766s] -- Symlinking: /home/wayay/mixed/install/my_robot_controller/share/ament_index/resource_index/packages/my_robot_controller
[0.771s] -- Symlinking: /home/wayay/mixed/install/my_robot_controller/share/my_robot_controller/cmake/my_robot_controllerConfig.cmake
[0.776s] -- Symlinking: /home/wayay/mixed/install/my_robot_controller/share/my_robot_controller/cmake/my_robot_controllerConfig-version.cmake
[0.782s] -- Symlinking: /home/wayay/mixed/install/my_robot_controller/share/my_robot_controller/package.xml
[0.789s] Invoked command in '/home/wayay/mixed/build/my_robot_controller' returned '0': CMAKE_PREFIX_PATH=${CMAKE_PREFIX_PATH}:/home/wayay/mixed/install/blue_line_follower:/opt/ros/humble /usr/bin/cmake --install /home/wayay/mixed/build/my_robot_controller
