[0.007s] Invoking command in '/home/wayay/Ros/ROS2_Project/build/custom_interfaces': CMAKE_PREFIX_PATH=/opt/ros/humble /usr/bin/cmake /home/wayay/Ros/ROS2_Project/src/custom_interfaces -DCMAKE_INSTALL_PREFIX=/home/wayay/Ros/ROS2_Project/install/custom_interfaces
[0.023s] -- Found ament_cmake: 1.3.12 (/opt/ros/humble/share/ament_cmake/cmake)
[0.140s] -- Found Python3: /usr/bin/python3 (found version "3.10.12") found components: Interpreter 
[0.231s] -- Found rosidl_default_generators: 1.2.0 (/opt/ros/humble/share/rosidl_default_generators/cmake)
[0.236s] -- Using all available rosidl_typesupport_c: rosidl_typesupport_fastrtps_c;rosidl_typesupport_introspection_c
[0.244s] -- Found rosidl_adapter: 3.1.7 (/opt/ros/humble/share/rosidl_adapter/cmake)
[0.290s] -- Using all available rosidl_typesupport_cpp: rosidl_typesupport_fastrtps_cpp;rosidl_typesupport_introspection_cpp
[0.328s] -- Found action_msgs: 1.2.2 (/opt/ros/humble/share/action_msgs/cmake)
[0.581s] -- Found ament_cmake_ros: 0.10.0 (/opt/ros/humble/share/ament_cmake_ros/cmake)
[0.759s] -- Using all available rosidl_typesupport_c: rosidl_typesupport_fastrtps_c;rosidl_typesupport_introspection_c
[1.002s] -- Using all available rosidl_typesupport_cpp: rosidl_typesupport_fastrtps_cpp;rosidl_typesupport_introspection_cpp
[1.026s] -- Found PythonInterp: /usr/bin/python3 (found suitable version "3.10.12", minimum required is "3.6") 
[1.029s] -- Found python_cmake_module: 0.10.0 (/opt/ros/humble/share/python_cmake_module/cmake)
[1.057s] -- Found PythonLibs: /usr/lib/x86_64-linux-gnu/libpython3.10.so (found suitable version "3.10.12", minimum required is "3.5") 
[1.057s] -- Using PYTHON_EXECUTABLE: /usr/bin/python3
[1.058s] -- Using PYTHON_INCLUDE_DIRS: /usr/include/python3.10
[1.058s] -- Using PYTHON_LIBRARIES: /usr/lib/x86_64-linux-gnu/libpython3.10.so
[1.072s] -- Found PythonExtra: .so  
[1.119s] -- Found ament_lint_auto: 0.12.14 (/opt/ros/humble/share/ament_lint_auto/cmake)
[1.155s] -- Added test 'lint_cmake' to check CMake code style
[1.156s] -- Added test 'xmllint' to check XML markup files
[1.158s] -- Configuring done
[1.183s] -- Generating done
[1.192s] -- Build files have been written to: /home/wayay/Ros/ROS2_Project/build/custom_interfaces
[1.197s] Invoked command in '/home/wayay/Ros/ROS2_Project/build/custom_interfaces' returned '0': CMAKE_PREFIX_PATH=/opt/ros/humble /usr/bin/cmake /home/wayay/Ros/ROS2_Project/src/custom_interfaces -DCMAKE_INSTALL_PREFIX=/home/wayay/Ros/ROS2_Project/install/custom_interfaces
[1.198s] Invoking command in '/home/wayay/Ros/ROS2_Project/build/custom_interfaces': CMAKE_PREFIX_PATH=/opt/ros/humble /usr/bin/cmake --build /home/wayay/Ros/ROS2_Project/build/custom_interfaces -- -j6 -l6
[1.225s] [  3%] [34m[1mGenerating C code for ROS interfaces[0m
[1.232s] [  6%] [34m[1mGenerating C++ code for ROS interfaces[0m
[1.235s] [  6%] Built target ament_cmake_python_copy_custom_interfaces
[1.412s] running egg_info
[1.413s] creating custom_interfaces.egg-info
[1.413s] writing custom_interfaces.egg-info/PKG-INFO
[1.413s] writing dependency_links to custom_interfaces.egg-info/dependency_links.txt
[1.414s] writing top-level names to custom_interfaces.egg-info/top_level.txt
[1.414s] writing manifest file 'custom_interfaces.egg-info/SOURCES.txt'
[1.415s] reading manifest file 'custom_interfaces.egg-info/SOURCES.txt'
[1.415s] writing manifest file 'custom_interfaces.egg-info/SOURCES.txt'
[1.432s] [  6%] Built target ament_cmake_python_build_custom_interfaces_egg
[1.643s] [  6%] Built target custom_interfaces__cpp
[1.648s] [  9%] [32mBuilding C object CMakeFiles/custom_interfaces__rosidl_generator_c.dir/rosidl_generator_c/custom_interfaces/action/detail/navigate_to_aruco__functions.c.o[0m
[1.649s] [ 16%] [34m[1mGenerating C++ type support dispatch for ROS interfaces[0m
[1.650s] [ 16%] [34m[1mGenerating C++ type support for eProsima Fast-RTPS[0m
[1.650s] [ 19%] [34m[1mGenerating C++ introspection for ROS interfaces[0m
[1.764s] [ 22%] [32m[1mLinking C shared library libcustom_interfaces__rosidl_generator_c.so[0m
[1.796s] [ 22%] Built target custom_interfaces__rosidl_generator_c
[1.805s] [ 25%] [34m[1mGenerating C type support dispatch for ROS interfaces[0m
[1.805s] [ 29%] [34m[1mGenerating C introspection for ROS interfaces[0m
[1.805s] [ 32%] [34m[1mGenerating C type support for eProsima Fast-RTPS[0m
[1.944s] [ 35%] [32mBuilding CXX object CMakeFiles/custom_interfaces__rosidl_typesupport_cpp.dir/rosidl_typesupport_cpp/custom_interfaces/action/navigate_to_aruco__type_support.cpp.o[0m
[2.002s] [ 38%] [32mBuilding CXX object CMakeFiles/custom_interfaces__rosidl_typesupport_introspection_cpp.dir/rosidl_typesupport_introspection_cpp/custom_interfaces/action/detail/navigate_to_aruco__type_support.cpp.o[0m
[2.047s] [ 41%] [32mBuilding CXX object CMakeFiles/custom_interfaces__rosidl_typesupport_fastrtps_cpp.dir/rosidl_typesupport_fastrtps_cpp/custom_interfaces/action/detail/dds_fastrtps/navigate_to_aruco__type_support.cpp.o[0m
[2.103s] [ 45%] [32mBuilding CXX object CMakeFiles/custom_interfaces__rosidl_typesupport_c.dir/rosidl_typesupport_c/custom_interfaces/action/navigate_to_aruco__type_support.cpp.o[0m
[2.151s] [ 48%] [32m[1mLinking CXX shared library libcustom_interfaces__rosidl_typesupport_c.so[0m
[2.194s] [ 48%] Built target custom_interfaces__rosidl_typesupport_c
[2.203s] [ 51%] [32mBuilding CXX object CMakeFiles/custom_interfaces__rosidl_typesupport_fastrtps_c.dir/rosidl_typesupport_fastrtps_c/custom_interfaces/action/detail/navigate_to_aruco__type_support_c.cpp.o[0m
[2.208s] [ 54%] [32mBuilding C object CMakeFiles/custom_interfaces__rosidl_typesupport_introspection_c.dir/rosidl_typesupport_introspection_c/custom_interfaces/action/detail/navigate_to_aruco__type_support.c.o[0m
[2.247s] [ 58%] [32m[1mLinking C shared library libcustom_interfaces__rosidl_typesupport_introspection_c.so[0m
[2.268s] [ 58%] Built target custom_interfaces__rosidl_typesupport_introspection_c
[2.325s] [ 61%] [32m[1mLinking CXX shared library libcustom_interfaces__rosidl_typesupport_cpp.so[0m
[2.357s] [ 61%] Built target custom_interfaces__rosidl_typesupport_cpp
[2.417s] [ 64%] [32m[1mLinking CXX shared library libcustom_interfaces__rosidl_typesupport_introspection_cpp.so[0m
[2.466s] [ 64%] Built target custom_interfaces__rosidl_typesupport_introspection_cpp
[2.468s] [ 67%] [32m[1mLinking CXX shared library libcustom_interfaces__rosidl_typesupport_fastrtps_cpp.so[0m
[2.476s] [ 70%] [32m[1mLinking CXX shared library libcustom_interfaces__rosidl_typesupport_fastrtps_c.so[0m
[2.517s] [ 70%] Built target custom_interfaces__rosidl_typesupport_fastrtps_cpp
[2.525s] [ 70%] Built target custom_interfaces__rosidl_typesupport_fastrtps_c
[2.540s] [ 70%] Built target custom_interfaces
[2.552s] [ 74%] [34m[1mGenerating Python code for ROS interfaces[0m
[3.268s] [ 74%] Built target custom_interfaces__py
[3.281s] [ 77%] [32mBuilding C object CMakeFiles/custom_interfaces__rosidl_generator_py.dir/rosidl_generator_py/custom_interfaces/action/_navigate_to_aruco_s.c.o[0m
[3.424s] [ 80%] [32m[1mLinking C shared library rosidl_generator_py/custom_interfaces/libcustom_interfaces__rosidl_generator_py.so[0m
[3.461s] [ 80%] Built target custom_interfaces__rosidl_generator_py
[3.474s] [ 83%] [32mBuilding C object CMakeFiles/custom_interfaces__rosidl_typesupport_fastrtps_c__pyext.dir/rosidl_generator_py/custom_interfaces/_custom_interfaces_s.ep.rosidl_typesupport_fastrtps_c.c.o[0m
[3.475s] [ 87%] [32mBuilding C object CMakeFiles/custom_interfaces__rosidl_typesupport_introspection_c__pyext.dir/rosidl_generator_py/custom_interfaces/_custom_interfaces_s.ep.rosidl_typesupport_introspection_c.c.o[0m
[3.477s] [ 90%] [32mBuilding C object CMakeFiles/custom_interfaces__rosidl_typesupport_c__pyext.dir/rosidl_generator_py/custom_interfaces/_custom_interfaces_s.ep.rosidl_typesupport_c.c.o[0m
[3.559s] [ 93%] [32m[1mLinking C shared library rosidl_generator_py/custom_interfaces/custom_interfaces_s__rosidl_typesupport_fastrtps_c.cpython-310-x86_64-linux-gnu.so[0m
[3.559s] [ 96%] [32m[1mLinking C shared library rosidl_generator_py/custom_interfaces/custom_interfaces_s__rosidl_typesupport_introspection_c.cpython-310-x86_64-linux-gnu.so[0m
[3.560s] [100%] [32m[1mLinking C shared library rosidl_generator_py/custom_interfaces/custom_interfaces_s__rosidl_typesupport_c.cpython-310-x86_64-linux-gnu.so[0m
[3.585s] [100%] Built target custom_interfaces__rosidl_typesupport_fastrtps_c__pyext
[3.586s] [100%] Built target custom_interfaces__rosidl_typesupport_introspection_c__pyext
[3.587s] [100%] Built target custom_interfaces__rosidl_typesupport_c__pyext
[3.595s] Invoked command in '/home/wayay/Ros/ROS2_Project/build/custom_interfaces' returned '0': CMAKE_PREFIX_PATH=/opt/ros/humble /usr/bin/cmake --build /home/wayay/Ros/ROS2_Project/build/custom_interfaces -- -j6 -l6
[3.602s] Invoking command in '/home/wayay/Ros/ROS2_Project/build/custom_interfaces': CMAKE_PREFIX_PATH=/opt/ros/humble /usr/bin/cmake --install /home/wayay/Ros/ROS2_Project/build/custom_interfaces
[3.606s] -- Install configuration: ""
[3.606s] -- Installing: /home/wayay/Ros/ROS2_Project/install/custom_interfaces/share/ament_index/resource_index/rosidl_interfaces/custom_interfaces
[3.607s] -- Installing: /home/wayay/Ros/ROS2_Project/install/custom_interfaces/include/custom_interfaces/custom_interfaces
[3.607s] -- Installing: /home/wayay/Ros/ROS2_Project/install/custom_interfaces/include/custom_interfaces/custom_interfaces/msg
[3.607s] -- Installing: /home/wayay/Ros/ROS2_Project/install/custom_interfaces/include/custom_interfaces/custom_interfaces/msg/rosidl_generator_c__visibility_control.h
[3.607s] -- Installing: /home/wayay/Ros/ROS2_Project/install/custom_interfaces/include/custom_interfaces/custom_interfaces/action
[3.607s] -- Installing: /home/wayay/Ros/ROS2_Project/install/custom_interfaces/include/custom_interfaces/custom_interfaces/action/detail
[3.607s] -- Installing: /home/wayay/Ros/ROS2_Project/install/custom_interfaces/include/custom_interfaces/custom_interfaces/action/detail/navigate_to_aruco__functions.c
[3.607s] -- Installing: /home/wayay/Ros/ROS2_Project/install/custom_interfaces/include/custom_interfaces/custom_interfaces/action/detail/navigate_to_aruco__struct.h
[3.607s] -- Installing: /home/wayay/Ros/ROS2_Project/install/custom_interfaces/include/custom_interfaces/custom_interfaces/action/detail/navigate_to_aruco__type_support.h
[3.607s] -- Installing: /home/wayay/Ros/ROS2_Project/install/custom_interfaces/include/custom_interfaces/custom_interfaces/action/detail/navigate_to_aruco__functions.h
[3.607s] -- Installing: /home/wayay/Ros/ROS2_Project/install/custom_interfaces/include/custom_interfaces/custom_interfaces/action/navigate_to_aruco.h
[3.607s] -- Installing: /home/wayay/Ros/ROS2_Project/install/custom_interfaces/share/custom_interfaces/environment/library_path.sh
[3.607s] -- Installing: /home/wayay/Ros/ROS2_Project/install/custom_interfaces/share/custom_interfaces/environment/library_path.dsv
[3.607s] -- Installing: /home/wayay/Ros/ROS2_Project/install/custom_interfaces/lib/libcustom_interfaces__rosidl_generator_c.so
[3.608s] -- Set runtime path of "/home/wayay/Ros/ROS2_Project/install/custom_interfaces/lib/libcustom_interfaces__rosidl_generator_c.so" to ""
[3.608s] -- Up-to-date: /home/wayay/Ros/ROS2_Project/install/custom_interfaces/include/custom_interfaces/custom_interfaces
[3.608s] -- Up-to-date: /home/wayay/Ros/ROS2_Project/install/custom_interfaces/include/custom_interfaces/custom_interfaces/msg
[3.608s] -- Installing: /home/wayay/Ros/ROS2_Project/install/custom_interfaces/include/custom_interfaces/custom_interfaces/msg/rosidl_typesupport_fastrtps_c__visibility_control.h
[3.608s] -- Up-to-date: /home/wayay/Ros/ROS2_Project/install/custom_interfaces/include/custom_interfaces/custom_interfaces/action
[3.608s] -- Up-to-date: /home/wayay/Ros/ROS2_Project/install/custom_interfaces/include/custom_interfaces/custom_interfaces/action/detail
[3.608s] -- Installing: /home/wayay/Ros/ROS2_Project/install/custom_interfaces/include/custom_interfaces/custom_interfaces/action/detail/navigate_to_aruco__rosidl_typesupport_fastrtps_c.h
[3.608s] -- Installing: /home/wayay/Ros/ROS2_Project/install/custom_interfaces/lib/libcustom_interfaces__rosidl_typesupport_fastrtps_c.so
[3.608s] -- Set runtime path of "/home/wayay/Ros/ROS2_Project/install/custom_interfaces/lib/libcustom_interfaces__rosidl_typesupport_fastrtps_c.so" to ""
[3.608s] -- Up-to-date: /home/wayay/Ros/ROS2_Project/install/custom_interfaces/include/custom_interfaces/custom_interfaces
[3.608s] -- Up-to-date: /home/wayay/Ros/ROS2_Project/install/custom_interfaces/include/custom_interfaces/custom_interfaces/msg
[3.608s] -- Installing: /home/wayay/Ros/ROS2_Project/install/custom_interfaces/include/custom_interfaces/custom_interfaces/msg/rosidl_typesupport_introspection_c__visibility_control.h
[3.609s] -- Up-to-date: /home/wayay/Ros/ROS2_Project/install/custom_interfaces/include/custom_interfaces/custom_interfaces/action
[3.609s] -- Up-to-date: /home/wayay/Ros/ROS2_Project/install/custom_interfaces/include/custom_interfaces/custom_interfaces/action/detail
[3.609s] -- Installing: /home/wayay/Ros/ROS2_Project/install/custom_interfaces/include/custom_interfaces/custom_interfaces/action/detail/navigate_to_aruco__rosidl_typesupport_introspection_c.h
[3.609s] -- Installing: /home/wayay/Ros/ROS2_Project/install/custom_interfaces/include/custom_interfaces/custom_interfaces/action/detail/navigate_to_aruco__type_support.c
[3.609s] -- Installing: /home/wayay/Ros/ROS2_Project/install/custom_interfaces/lib/libcustom_interfaces__rosidl_typesupport_introspection_c.so
[3.609s] -- Set runtime path of "/home/wayay/Ros/ROS2_Project/install/custom_interfaces/lib/libcustom_interfaces__rosidl_typesupport_introspection_c.so" to ""
[3.609s] -- Installing: /home/wayay/Ros/ROS2_Project/install/custom_interfaces/lib/libcustom_interfaces__rosidl_typesupport_c.so
[3.609s] -- Set runtime path of "/home/wayay/Ros/ROS2_Project/install/custom_interfaces/lib/libcustom_interfaces__rosidl_typesupport_c.so" to ""
[3.609s] -- Up-to-date: /home/wayay/Ros/ROS2_Project/install/custom_interfaces/include/custom_interfaces/custom_interfaces
[3.609s] -- Up-to-date: /home/wayay/Ros/ROS2_Project/install/custom_interfaces/include/custom_interfaces/custom_interfaces/msg
[3.609s] -- Installing: /home/wayay/Ros/ROS2_Project/install/custom_interfaces/include/custom_interfaces/custom_interfaces/msg/rosidl_generator_cpp__visibility_control.hpp
[3.609s] -- Up-to-date: /home/wayay/Ros/ROS2_Project/install/custom_interfaces/include/custom_interfaces/custom_interfaces/action
[3.609s] -- Up-to-date: /home/wayay/Ros/ROS2_Project/install/custom_interfaces/include/custom_interfaces/custom_interfaces/action/detail
[3.610s] -- Installing: /home/wayay/Ros/ROS2_Project/install/custom_interfaces/include/custom_interfaces/custom_interfaces/action/detail/navigate_to_aruco__type_support.hpp
[3.610s] -- Installing: /home/wayay/Ros/ROS2_Project/install/custom_interfaces/include/custom_interfaces/custom_interfaces/action/detail/navigate_to_aruco__traits.hpp
[3.610s] -- Installing: /home/wayay/Ros/ROS2_Project/install/custom_interfaces/include/custom_interfaces/custom_interfaces/action/detail/navigate_to_aruco__builder.hpp
[3.610s] -- Installing: /home/wayay/Ros/ROS2_Project/install/custom_interfaces/include/custom_interfaces/custom_interfaces/action/detail/navigate_to_aruco__struct.hpp
[3.610s] -- Installing: /home/wayay/Ros/ROS2_Project/install/custom_interfaces/include/custom_interfaces/custom_interfaces/action/navigate_to_aruco.hpp
[3.610s] -- Up-to-date: /home/wayay/Ros/ROS2_Project/install/custom_interfaces/include/custom_interfaces/custom_interfaces
[3.610s] -- Up-to-date: /home/wayay/Ros/ROS2_Project/install/custom_interfaces/include/custom_interfaces/custom_interfaces/msg
[3.610s] -- Installing: /home/wayay/Ros/ROS2_Project/install/custom_interfaces/include/custom_interfaces/custom_interfaces/msg/rosidl_typesupport_fastrtps_cpp__visibility_control.h
[3.610s] -- Up-to-date: /home/wayay/Ros/ROS2_Project/install/custom_interfaces/include/custom_interfaces/custom_interfaces/action
[3.610s] -- Up-to-date: /home/wayay/Ros/ROS2_Project/install/custom_interfaces/include/custom_interfaces/custom_interfaces/action/detail
[3.610s] -- Installing: /home/wayay/Ros/ROS2_Project/install/custom_interfaces/include/custom_interfaces/custom_interfaces/action/detail/navigate_to_aruco__rosidl_typesupport_fastrtps_cpp.hpp
[3.610s] -- Installing: /home/wayay/Ros/ROS2_Project/install/custom_interfaces/include/custom_interfaces/custom_interfaces/action/detail/dds_fastrtps
[3.610s] -- Installing: /home/wayay/Ros/ROS2_Project/install/custom_interfaces/lib/libcustom_interfaces__rosidl_typesupport_fastrtps_cpp.so
[3.611s] -- Set runtime path of "/home/wayay/Ros/ROS2_Project/install/custom_interfaces/lib/libcustom_interfaces__rosidl_typesupport_fastrtps_cpp.so" to ""
[3.611s] -- Up-to-date: /home/wayay/Ros/ROS2_Project/install/custom_interfaces/include/custom_interfaces/custom_interfaces
[3.611s] -- Up-to-date: /home/wayay/Ros/ROS2_Project/install/custom_interfaces/include/custom_interfaces/custom_interfaces/action
[3.611s] -- Up-to-date: /home/wayay/Ros/ROS2_Project/install/custom_interfaces/include/custom_interfaces/custom_interfaces/action/detail
[3.611s] -- Installing: /home/wayay/Ros/ROS2_Project/install/custom_interfaces/include/custom_interfaces/custom_interfaces/action/detail/navigate_to_aruco__type_support.cpp
[3.611s] -- Installing: /home/wayay/Ros/ROS2_Project/install/custom_interfaces/include/custom_interfaces/custom_interfaces/action/detail/navigate_to_aruco__rosidl_typesupport_introspection_cpp.hpp
[3.611s] -- Installing: /home/wayay/Ros/ROS2_Project/install/custom_interfaces/lib/libcustom_interfaces__rosidl_typesupport_introspection_cpp.so
[3.611s] -- Set runtime path of "/home/wayay/Ros/ROS2_Project/install/custom_interfaces/lib/libcustom_interfaces__rosidl_typesupport_introspection_cpp.so" to ""
[3.611s] -- Installing: /home/wayay/Ros/ROS2_Project/install/custom_interfaces/lib/libcustom_interfaces__rosidl_typesupport_cpp.so
[3.611s] -- Set runtime path of "/home/wayay/Ros/ROS2_Project/install/custom_interfaces/lib/libcustom_interfaces__rosidl_typesupport_cpp.so" to ""
[3.611s] -- Installing: /home/wayay/Ros/ROS2_Project/install/custom_interfaces/share/custom_interfaces/environment/pythonpath.sh
[3.611s] -- Installing: /home/wayay/Ros/ROS2_Project/install/custom_interfaces/share/custom_interfaces/environment/pythonpath.dsv
[3.611s] -- Installing: /home/wayay/Ros/ROS2_Project/install/custom_interfaces/local/lib/python3.10/dist-packages/custom_interfaces-0.0.0-py3.10.egg-info
[3.611s] -- Installing: /home/wayay/Ros/ROS2_Project/install/custom_interfaces/local/lib/python3.10/dist-packages/custom_interfaces-0.0.0-py3.10.egg-info/dependency_links.txt
[3.612s] -- Installing: /home/wayay/Ros/ROS2_Project/install/custom_interfaces/local/lib/python3.10/dist-packages/custom_interfaces-0.0.0-py3.10.egg-info/PKG-INFO
[3.612s] -- Installing: /home/wayay/Ros/ROS2_Project/install/custom_interfaces/local/lib/python3.10/dist-packages/custom_interfaces-0.0.0-py3.10.egg-info/top_level.txt
[3.612s] -- Installing: /home/wayay/Ros/ROS2_Project/install/custom_interfaces/local/lib/python3.10/dist-packages/custom_interfaces-0.0.0-py3.10.egg-info/SOURCES.txt
[3.612s] -- Installing: /home/wayay/Ros/ROS2_Project/install/custom_interfaces/local/lib/python3.10/dist-packages/custom_interfaces
[3.612s] -- Installing: /home/wayay/Ros/ROS2_Project/install/custom_interfaces/local/lib/python3.10/dist-packages/custom_interfaces/custom_interfaces_s__rosidl_typesupport_c.cpython-310-x86_64-linux-gnu.so
[3.612s] -- Installing: /home/wayay/Ros/ROS2_Project/install/custom_interfaces/local/lib/python3.10/dist-packages/custom_interfaces/_custom_interfaces_s.ep.rosidl_typesupport_introspection_c.c
[3.612s] -- Installing: /home/wayay/Ros/ROS2_Project/install/custom_interfaces/local/lib/python3.10/dist-packages/custom_interfaces/libcustom_interfaces__rosidl_generator_py.so
[3.612s] -- Installing: /home/wayay/Ros/ROS2_Project/install/custom_interfaces/local/lib/python3.10/dist-packages/custom_interfaces/_custom_interfaces_s.ep.rosidl_typesupport_fastrtps_c.c
[3.612s] -- Installing: /home/wayay/Ros/ROS2_Project/install/custom_interfaces/local/lib/python3.10/dist-packages/custom_interfaces/custom_interfaces_s__rosidl_typesupport_fastrtps_c.cpython-310-x86_64-linux-gnu.so
[3.612s] -- Installing: /home/wayay/Ros/ROS2_Project/install/custom_interfaces/local/lib/python3.10/dist-packages/custom_interfaces/action
[3.612s] -- Installing: /home/wayay/Ros/ROS2_Project/install/custom_interfaces/local/lib/python3.10/dist-packages/custom_interfaces/action/_navigate_to_aruco.py
[3.612s] -- Installing: /home/wayay/Ros/ROS2_Project/install/custom_interfaces/local/lib/python3.10/dist-packages/custom_interfaces/action/_navigate_to_aruco_s.c
[3.612s] -- Installing: /home/wayay/Ros/ROS2_Project/install/custom_interfaces/local/lib/python3.10/dist-packages/custom_interfaces/action/__init__.py
[3.613s] -- Installing: /home/wayay/Ros/ROS2_Project/install/custom_interfaces/local/lib/python3.10/dist-packages/custom_interfaces/__init__.py
[3.613s] -- Installing: /home/wayay/Ros/ROS2_Project/install/custom_interfaces/local/lib/python3.10/dist-packages/custom_interfaces/_custom_interfaces_s.ep.rosidl_typesupport_c.c
[3.613s] -- Installing: /home/wayay/Ros/ROS2_Project/install/custom_interfaces/local/lib/python3.10/dist-packages/custom_interfaces/custom_interfaces_s__rosidl_typesupport_introspection_c.cpython-310-x86_64-linux-gnu.so
[3.641s] Listing '/home/wayay/Ros/ROS2_Project/install/custom_interfaces/local/lib/python3.10/dist-packages/custom_interfaces'...
[3.641s] Compiling '/home/wayay/Ros/ROS2_Project/install/custom_interfaces/local/lib/python3.10/dist-packages/custom_interfaces/__init__.py'...
[3.641s] Listing '/home/wayay/Ros/ROS2_Project/install/custom_interfaces/local/lib/python3.10/dist-packages/custom_interfaces/action'...
[3.641s] Compiling '/home/wayay/Ros/ROS2_Project/install/custom_interfaces/local/lib/python3.10/dist-packages/custom_interfaces/action/__init__.py'...
[3.641s] Compiling '/home/wayay/Ros/ROS2_Project/install/custom_interfaces/local/lib/python3.10/dist-packages/custom_interfaces/action/_navigate_to_aruco.py'...
[3.644s] -- Installing: /home/wayay/Ros/ROS2_Project/install/custom_interfaces/local/lib/python3.10/dist-packages/custom_interfaces/custom_interfaces_s__rosidl_typesupport_fastrtps_c.cpython-310-x86_64-linux-gnu.so
[3.644s] -- Set runtime path of "/home/wayay/Ros/ROS2_Project/install/custom_interfaces/local/lib/python3.10/dist-packages/custom_interfaces/custom_interfaces_s__rosidl_typesupport_fastrtps_c.cpython-310-x86_64-linux-gnu.so" to ""
[3.644s] -- Installing: /home/wayay/Ros/ROS2_Project/install/custom_interfaces/local/lib/python3.10/dist-packages/custom_interfaces/custom_interfaces_s__rosidl_typesupport_introspection_c.cpython-310-x86_64-linux-gnu.so
[3.645s] -- Set runtime path of "/home/wayay/Ros/ROS2_Project/install/custom_interfaces/local/lib/python3.10/dist-packages/custom_interfaces/custom_interfaces_s__rosidl_typesupport_introspection_c.cpython-310-x86_64-linux-gnu.so" to ""
[3.645s] -- Installing: /home/wayay/Ros/ROS2_Project/install/custom_interfaces/local/lib/python3.10/dist-packages/custom_interfaces/custom_interfaces_s__rosidl_typesupport_c.cpython-310-x86_64-linux-gnu.so
[3.645s] -- Set runtime path of "/home/wayay/Ros/ROS2_Project/install/custom_interfaces/local/lib/python3.10/dist-packages/custom_interfaces/custom_interfaces_s__rosidl_typesupport_c.cpython-310-x86_64-linux-gnu.so" to ""
[3.645s] -- Installing: /home/wayay/Ros/ROS2_Project/install/custom_interfaces/lib/libcustom_interfaces__rosidl_generator_py.so
[3.645s] -- Set runtime path of "/home/wayay/Ros/ROS2_Project/install/custom_interfaces/lib/libcustom_interfaces__rosidl_generator_py.so" to ""
[3.645s] -- Installing: /home/wayay/Ros/ROS2_Project/install/custom_interfaces/share/custom_interfaces/action/NavigateToAruco.idl
[3.645s] -- Installing: /home/wayay/Ros/ROS2_Project/install/custom_interfaces/share/custom_interfaces/action/NavigateToAruco.action
[3.645s] -- Installing: /home/wayay/Ros/ROS2_Project/install/custom_interfaces/share/ament_index/resource_index/package_run_dependencies/custom_interfaces
[3.646s] -- Installing: /home/wayay/Ros/ROS2_Project/install/custom_interfaces/share/ament_index/resource_index/parent_prefix_path/custom_interfaces
[3.646s] -- Installing: /home/wayay/Ros/ROS2_Project/install/custom_interfaces/share/custom_interfaces/environment/ament_prefix_path.sh
[3.646s] -- Installing: /home/wayay/Ros/ROS2_Project/install/custom_interfaces/share/custom_interfaces/environment/ament_prefix_path.dsv
[3.646s] -- Installing: /home/wayay/Ros/ROS2_Project/install/custom_interfaces/share/custom_interfaces/environment/path.sh
[3.646s] -- Installing: /home/wayay/Ros/ROS2_Project/install/custom_interfaces/share/custom_interfaces/environment/path.dsv
[3.646s] -- Installing: /home/wayay/Ros/ROS2_Project/install/custom_interfaces/share/custom_interfaces/local_setup.bash
[3.646s] -- Installing: /home/wayay/Ros/ROS2_Project/install/custom_interfaces/share/custom_interfaces/local_setup.sh
[3.646s] -- Installing: /home/wayay/Ros/ROS2_Project/install/custom_interfaces/share/custom_interfaces/local_setup.zsh
[3.646s] -- Installing: /home/wayay/Ros/ROS2_Project/install/custom_interfaces/share/custom_interfaces/local_setup.dsv
[3.646s] -- Installing: /home/wayay/Ros/ROS2_Project/install/custom_interfaces/share/custom_interfaces/package.dsv
[3.647s] -- Installing: /home/wayay/Ros/ROS2_Project/install/custom_interfaces/share/ament_index/resource_index/packages/custom_interfaces
[3.647s] -- Installing: /home/wayay/Ros/ROS2_Project/install/custom_interfaces/share/custom_interfaces/cmake/export_custom_interfaces__rosidl_generator_cExport.cmake
[3.647s] -- Installing: /home/wayay/Ros/ROS2_Project/install/custom_interfaces/share/custom_interfaces/cmake/export_custom_interfaces__rosidl_generator_cExport-noconfig.cmake
[3.647s] -- Installing: /home/wayay/Ros/ROS2_Project/install/custom_interfaces/share/custom_interfaces/cmake/export_custom_interfaces__rosidl_typesupport_fastrtps_cExport.cmake
[3.647s] -- Installing: /home/wayay/Ros/ROS2_Project/install/custom_interfaces/share/custom_interfaces/cmake/export_custom_interfaces__rosidl_typesupport_fastrtps_cExport-noconfig.cmake
[3.647s] -- Installing: /home/wayay/Ros/ROS2_Project/install/custom_interfaces/share/custom_interfaces/cmake/custom_interfaces__rosidl_typesupport_introspection_cExport.cmake
[3.647s] -- Installing: /home/wayay/Ros/ROS2_Project/install/custom_interfaces/share/custom_interfaces/cmake/custom_interfaces__rosidl_typesupport_introspection_cExport-noconfig.cmake
[3.647s] -- Installing: /home/wayay/Ros/ROS2_Project/install/custom_interfaces/share/custom_interfaces/cmake/custom_interfaces__rosidl_typesupport_cExport.cmake
[3.647s] -- Installing: /home/wayay/Ros/ROS2_Project/install/custom_interfaces/share/custom_interfaces/cmake/custom_interfaces__rosidl_typesupport_cExport-noconfig.cmake
[3.647s] -- Installing: /home/wayay/Ros/ROS2_Project/install/custom_interfaces/share/custom_interfaces/cmake/export_custom_interfaces__rosidl_generator_cppExport.cmake
[3.648s] -- Installing: /home/wayay/Ros/ROS2_Project/install/custom_interfaces/share/custom_interfaces/cmake/export_custom_interfaces__rosidl_typesupport_fastrtps_cppExport.cmake
[3.648s] -- Installing: /home/wayay/Ros/ROS2_Project/install/custom_interfaces/share/custom_interfaces/cmake/export_custom_interfaces__rosidl_typesupport_fastrtps_cppExport-noconfig.cmake
[3.648s] -- Installing: /home/wayay/Ros/ROS2_Project/install/custom_interfaces/share/custom_interfaces/cmake/custom_interfaces__rosidl_typesupport_introspection_cppExport.cmake
[3.648s] -- Installing: /home/wayay/Ros/ROS2_Project/install/custom_interfaces/share/custom_interfaces/cmake/custom_interfaces__rosidl_typesupport_introspection_cppExport-noconfig.cmake
[3.648s] -- Installing: /home/wayay/Ros/ROS2_Project/install/custom_interfaces/share/custom_interfaces/cmake/custom_interfaces__rosidl_typesupport_cppExport.cmake
[3.648s] -- Installing: /home/wayay/Ros/ROS2_Project/install/custom_interfaces/share/custom_interfaces/cmake/custom_interfaces__rosidl_typesupport_cppExport-noconfig.cmake
[3.648s] -- Installing: /home/wayay/Ros/ROS2_Project/install/custom_interfaces/share/custom_interfaces/cmake/export_custom_interfaces__rosidl_generator_pyExport.cmake
[3.648s] -- Installing: /home/wayay/Ros/ROS2_Project/install/custom_interfaces/share/custom_interfaces/cmake/export_custom_interfaces__rosidl_generator_pyExport-noconfig.cmake
[3.648s] -- Installing: /home/wayay/Ros/ROS2_Project/install/custom_interfaces/share/custom_interfaces/cmake/rosidl_cmake-extras.cmake
[3.648s] -- Installing: /home/wayay/Ros/ROS2_Project/install/custom_interfaces/share/custom_interfaces/cmake/ament_cmake_export_dependencies-extras.cmake
[3.649s] -- Installing: /home/wayay/Ros/ROS2_Project/install/custom_interfaces/share/custom_interfaces/cmake/ament_cmake_export_include_directories-extras.cmake
[3.649s] -- Installing: /home/wayay/Ros/ROS2_Project/install/custom_interfaces/share/custom_interfaces/cmake/ament_cmake_export_libraries-extras.cmake
[3.649s] -- Installing: /home/wayay/Ros/ROS2_Project/install/custom_interfaces/share/custom_interfaces/cmake/ament_cmake_export_targets-extras.cmake
[3.649s] -- Installing: /home/wayay/Ros/ROS2_Project/install/custom_interfaces/share/custom_interfaces/cmake/rosidl_cmake_export_typesupport_targets-extras.cmake
[3.649s] -- Installing: /home/wayay/Ros/ROS2_Project/install/custom_interfaces/share/custom_interfaces/cmake/rosidl_cmake_export_typesupport_libraries-extras.cmake
[3.649s] -- Installing: /home/wayay/Ros/ROS2_Project/install/custom_interfaces/share/custom_interfaces/cmake/custom_interfacesConfig.cmake
[3.649s] -- Installing: /home/wayay/Ros/ROS2_Project/install/custom_interfaces/share/custom_interfaces/cmake/custom_interfacesConfig-version.cmake
[3.649s] -- Installing: /home/wayay/Ros/ROS2_Project/install/custom_interfaces/share/custom_interfaces/package.xml
[3.650s] Invoked command in '/home/wayay/Ros/ROS2_Project/build/custom_interfaces' returned '0': CMAKE_PREFIX_PATH=/opt/ros/humble /usr/bin/cmake --install /home/wayay/Ros/ROS2_Project/build/custom_interfaces
