running egg_info
writing ../../build/blue_line_follower/blue_line_follower.egg-info/PKG-INFO
writing dependency_links to ../../build/blue_line_follower/blue_line_follower.egg-info/dependency_links.txt
writing entry points to ../../build/blue_line_follower/blue_line_follower.egg-info/entry_points.txt
writing requirements to ../../build/blue_line_follower/blue_line_follower.egg-info/requires.txt
writing top-level names to ../../build/blue_line_follower/blue_line_follower.egg-info/top_level.txt
reading manifest file '../../build/blue_line_follower/blue_line_follower.egg-info/SOURCES.txt'
writing manifest file '../../build/blue_line_follower/blue_line_follower.egg-info/SOURCES.txt'
running build
running build_py
copying blue_line_follower/line_follower_node.py -> /home/wayay/line_follower_ws/build/blue_line_follower/build/lib/blue_line_follower
running install
running install_lib
copying /home/wayay/line_follower_ws/build/blue_line_follower/build/lib/blue_line_follower/line_follower_node.py -> /home/wayay/line_follower_ws/install/blue_line_follower/lib/python3.10/site-packages/blue_line_follower
byte-compiling /home/wayay/line_follower_ws/install/blue_line_follower/lib/python3.10/site-packages/blue_line_follower/line_follower_node.py to line_follower_node.cpython-310.pyc
running install_data
copying worlds/blue_line_track.world -> /home/wayay/line_follower_ws/install/blue_line_follower/share/blue_line_follower/worlds
running install_egg_info
removing '/home/wayay/line_follower_ws/install/blue_line_follower/lib/python3.10/site-packages/blue_line_follower-1.0.0-py3.10.egg-info' (and everything under it)
Copying ../../build/blue_line_follower/blue_line_follower.egg-info to /home/wayay/line_follower_ws/install/blue_line_follower/lib/python3.10/site-packages/blue_line_follower-1.0.0-py3.10.egg-info
running install_scripts
Installing line_follower_node script to /home/wayay/line_follower_ws/install/blue_line_follower/lib/blue_line_follower
writing list of installed files to '/home/wayay/line_follower_ws/build/blue_line_follower/install.log'
