[0.007s] Invoking command in '/home/wayay/Ros/ROS2_Project/build/custom_interfaces': CMAKE_PREFIX_PATH=/opt/ros/humble /usr/bin/cmake /home/wayay/Ros/ROS2_Project/src/custom_interfaces -DCMAKE_INSTALL_PREFIX=/home/wayay/Ros/ROS2_Project/install/custom_interfaces
[0.042s] -- The C compiler identification is GNU 11.4.0
[0.081s] -- The CXX compiler identification is GNU 11.4.0
[0.088s] -- Detecting C compiler ABI info
[0.137s] -- Detecting C compiler ABI info - done
[0.143s] -- Check for working C compiler: /usr/bin/cc - skipped
[0.143s] -- Detecting C compile features
[0.144s] -- Detecting C compile features - done
[0.146s] -- Detecting CXX compiler ABI info
[0.210s] -- Detecting CXX compiler ABI info - done
[0.217s] -- Check for working CXX compiler: /usr/bin/c++ - skipped
[0.217s] -- Detecting CXX compile features
[0.217s] -- Detecting CXX compile features - done
[0.219s] -- Found ament_cmake: 1.3.12 (/opt/ros/humble/share/ament_cmake/cmake)
[0.350s] -- Found Python3: /usr/bin/python3 (found version "3.10.12") found components: Interpreter 
[0.414s] -- Found rosidl_default_generators: 1.2.0 (/opt/ros/humble/share/rosidl_default_generators/cmake)
[0.416s] -- Using all available rosidl_typesupport_c: rosidl_typesupport_fastrtps_c;rosidl_typesupport_introspection_c
[0.421s] -- Found rosidl_adapter: 3.1.7 (/opt/ros/humble/share/rosidl_adapter/cmake)
[0.451s] -- Using all available rosidl_typesupport_cpp: rosidl_typesupport_fastrtps_cpp;rosidl_typesupport_introspection_cpp
[0.477s] -- Found action_msgs: 1.2.2 (/opt/ros/humble/share/action_msgs/cmake)
[0.699s] -- Found ament_cmake_ros: 0.10.0 (/opt/ros/humble/share/ament_cmake_ros/cmake)
[0.879s] -- Using all available rosidl_typesupport_c: rosidl_typesupport_fastrtps_c;rosidl_typesupport_introspection_c
[1.102s] -- Using all available rosidl_typesupport_cpp: rosidl_typesupport_fastrtps_cpp;rosidl_typesupport_introspection_cpp
[1.125s] -- Found PythonInterp: /usr/bin/python3 (found suitable version "3.10.12", minimum required is "3.6") 
[1.128s] -- Found python_cmake_module: 0.10.0 (/opt/ros/humble/share/python_cmake_module/cmake)
[1.155s] -- Found PythonLibs: /usr/lib/x86_64-linux-gnu/libpython3.10.so (found suitable version "3.10.12", minimum required is "3.5") 
[1.156s] -- Using PYTHON_EXECUTABLE: /usr/bin/python3
[1.156s] -- Using PYTHON_INCLUDE_DIRS: /usr/include/python3.10
[1.156s] -- Using PYTHON_LIBRARIES: /usr/lib/x86_64-linux-gnu/libpython3.10.so
[1.173s] -- Found PythonExtra: .so  
[1.218s] -- Found ament_lint_auto: 0.12.14 (/opt/ros/humble/share/ament_lint_auto/cmake)
[1.242s] -- Added test 'lint_cmake' to check CMake code style
[1.243s] -- Added test 'xmllint' to check XML markup files
[1.246s] -- Configuring done
[1.274s] -- Generating done
[1.283s] -- Build files have been written to: /home/wayay/Ros/ROS2_Project/build/custom_interfaces
[1.287s] Invoked command in '/home/wayay/Ros/ROS2_Project/build/custom_interfaces' returned '0': CMAKE_PREFIX_PATH=/opt/ros/humble /usr/bin/cmake /home/wayay/Ros/ROS2_Project/src/custom_interfaces -DCMAKE_INSTALL_PREFIX=/home/wayay/Ros/ROS2_Project/install/custom_interfaces
[1.289s] Invoking command in '/home/wayay/Ros/ROS2_Project/build/custom_interfaces': CMAKE_PREFIX_PATH=/opt/ros/humble /usr/bin/cmake --build /home/wayay/Ros/ROS2_Project/build/custom_interfaces -- -j6 -l6
[1.323s] [  3%] [34m[1mGenerating C code for ROS interfaces[0m
[1.329s] [  6%] [34m[1mGenerating C++ code for ROS interfaces[0m
[1.334s] [  6%] Built target ament_cmake_python_copy_custom_interfaces
[1.511s] running egg_info
[1.511s] creating custom_interfaces.egg-info
[1.511s] writing custom_interfaces.egg-info/PKG-INFO
[1.511s] writing dependency_links to custom_interfaces.egg-info/dependency_links.txt
[1.511s] writing top-level names to custom_interfaces.egg-info/top_level.txt
[1.511s] writing manifest file 'custom_interfaces.egg-info/SOURCES.txt'
[1.511s] reading manifest file 'custom_interfaces.egg-info/SOURCES.txt'
[1.512s] writing manifest file 'custom_interfaces.egg-info/SOURCES.txt'
[1.531s] [  6%] Built target ament_cmake_python_build_custom_interfaces_egg
[1.739s] [  9%] [32mBuilding C object CMakeFiles/custom_interfaces__rosidl_generator_c.dir/rosidl_generator_c/custom_interfaces/action/detail/navigate_to_aruco__functions.c.o[0m
[1.740s] [  9%] Built target custom_interfaces__cpp
[1.747s] [ 16%] [34m[1mGenerating C++ introspection for ROS interfaces[0m
[1.747s] [ 16%] [34m[1mGenerating C++ type support for eProsima Fast-RTPS[0m
[1.747s] [ 19%] [34m[1mGenerating C++ type support dispatch for ROS interfaces[0m
[1.833s] [ 22%] [32m[1mLinking C shared library libcustom_interfaces__rosidl_generator_c.so[0m
[1.857s] [ 22%] Built target custom_interfaces__rosidl_generator_c
[1.864s] [ 25%] [34m[1mGenerating C type support for eProsima Fast-RTPS[0m
[1.866s] [ 29%] [34m[1mGenerating C introspection for ROS interfaces[0m
[1.867s] [ 32%] [34m[1mGenerating C type support dispatch for ROS interfaces[0m
[2.050s] [ 35%] [32mBuilding CXX object CMakeFiles/custom_interfaces__rosidl_typesupport_cpp.dir/rosidl_typesupport_cpp/custom_interfaces/action/navigate_to_aruco__type_support.cpp.o[0m
[2.086s] [ 38%] [32mBuilding CXX object CMakeFiles/custom_interfaces__rosidl_typesupport_introspection_cpp.dir/rosidl_typesupport_introspection_cpp/custom_interfaces/action/detail/navigate_to_aruco__type_support.cpp.o[0m
[2.133s] [ 41%] [32mBuilding CXX object CMakeFiles/custom_interfaces__rosidl_typesupport_fastrtps_cpp.dir/rosidl_typesupport_fastrtps_cpp/custom_interfaces/action/detail/dds_fastrtps/navigate_to_aruco__type_support.cpp.o[0m
[2.179s] [ 45%] [32mBuilding CXX object CMakeFiles/custom_interfaces__rosidl_typesupport_c.dir/rosidl_typesupport_c/custom_interfaces/action/navigate_to_aruco__type_support.cpp.o[0m
[2.208s] [ 48%] [32m[1mLinking CXX shared library libcustom_interfaces__rosidl_typesupport_c.so[0m
[2.239s] [ 48%] Built target custom_interfaces__rosidl_typesupport_c
[2.268s] [ 51%] [32mBuilding C object CMakeFiles/custom_interfaces__rosidl_typesupport_introspection_c.dir/rosidl_typesupport_introspection_c/custom_interfaces/action/detail/navigate_to_aruco__type_support.c.o[0m
[2.291s] [ 54%] [32mBuilding CXX object CMakeFiles/custom_interfaces__rosidl_typesupport_fastrtps_c.dir/rosidl_typesupport_fastrtps_c/custom_interfaces/action/detail/navigate_to_aruco__type_support_c.cpp.o[0m
[2.304s] [ 58%] [32m[1mLinking C shared library libcustom_interfaces__rosidl_typesupport_introspection_c.so[0m
[2.328s] [ 58%] Built target custom_interfaces__rosidl_typesupport_introspection_c
[2.356s] [ 61%] [32m[1mLinking CXX shared library libcustom_interfaces__rosidl_typesupport_cpp.so[0m
[2.389s] [ 61%] Built target custom_interfaces__rosidl_typesupport_cpp
[2.493s] [ 64%] [32m[1mLinking CXX shared library libcustom_interfaces__rosidl_typesupport_introspection_cpp.so[0m
[2.513s] [ 67%] [32m[1mLinking CXX shared library libcustom_interfaces__rosidl_typesupport_fastrtps_cpp.so[0m
[2.541s] [ 67%] Built target custom_interfaces__rosidl_typesupport_introspection_cpp
[2.566s] [ 70%] [32m[1mLinking CXX shared library libcustom_interfaces__rosidl_typesupport_fastrtps_c.so[0m
[2.566s] [ 70%] Built target custom_interfaces__rosidl_typesupport_fastrtps_cpp
[2.614s] [ 70%] Built target custom_interfaces__rosidl_typesupport_fastrtps_c
[2.628s] [ 70%] Built target custom_interfaces
[2.641s] [ 74%] [34m[1mGenerating Python code for ROS interfaces[0m
[3.353s] [ 74%] Built target custom_interfaces__py
[3.368s] [ 77%] [32mBuilding C object CMakeFiles/custom_interfaces__rosidl_generator_py.dir/rosidl_generator_py/custom_interfaces/action/_navigate_to_aruco_s.c.o[0m
[3.472s] [ 80%] [32m[1mLinking C shared library rosidl_generator_py/custom_interfaces/libcustom_interfaces__rosidl_generator_py.so[0m
[3.502s] [ 80%] Built target custom_interfaces__rosidl_generator_py
[3.515s] [ 83%] [32mBuilding C object CMakeFiles/custom_interfaces__rosidl_typesupport_fastrtps_c__pyext.dir/rosidl_generator_py/custom_interfaces/_custom_interfaces_s.ep.rosidl_typesupport_fastrtps_c.c.o[0m
[3.517s] [ 87%] [32mBuilding C object CMakeFiles/custom_interfaces__rosidl_typesupport_introspection_c__pyext.dir/rosidl_generator_py/custom_interfaces/_custom_interfaces_s.ep.rosidl_typesupport_introspection_c.c.o[0m
[3.519s] [ 90%] [32mBuilding C object CMakeFiles/custom_interfaces__rosidl_typesupport_c__pyext.dir/rosidl_generator_py/custom_interfaces/_custom_interfaces_s.ep.rosidl_typesupport_c.c.o[0m
[3.599s] [ 93%] [32m[1mLinking C shared library rosidl_generator_py/custom_interfaces/custom_interfaces_s__rosidl_typesupport_fastrtps_c.cpython-310-x86_64-linux-gnu.so[0m
[3.603s] [ 96%] [32m[1mLinking C shared library rosidl_generator_py/custom_interfaces/custom_interfaces_s__rosidl_typesupport_c.cpython-310-x86_64-linux-gnu.so[0m
[3.604s] [100%] [32m[1mLinking C shared library rosidl_generator_py/custom_interfaces/custom_interfaces_s__rosidl_typesupport_introspection_c.cpython-310-x86_64-linux-gnu.so[0m
[3.626s] [100%] Built target custom_interfaces__rosidl_typesupport_fastrtps_c__pyext
[3.630s] [100%] Built target custom_interfaces__rosidl_typesupport_c__pyext
[3.639s] [100%] Built target custom_interfaces__rosidl_typesupport_introspection_c__pyext
[3.646s] Invoked command in '/home/wayay/Ros/ROS2_Project/build/custom_interfaces' returned '0': CMAKE_PREFIX_PATH=/opt/ros/humble /usr/bin/cmake --build /home/wayay/Ros/ROS2_Project/build/custom_interfaces -- -j6 -l6
[3.653s] Invoking command in '/home/wayay/Ros/ROS2_Project/build/custom_interfaces': CMAKE_PREFIX_PATH=/opt/ros/humble /usr/bin/cmake --install /home/wayay/Ros/ROS2_Project/build/custom_interfaces
[3.658s] -- Install configuration: ""
[3.658s] -- Installing: /home/wayay/Ros/ROS2_Project/install/custom_interfaces/share/ament_index/resource_index/rosidl_interfaces/custom_interfaces
[3.658s] -- Installing: /home/wayay/Ros/ROS2_Project/install/custom_interfaces/include/custom_interfaces/custom_interfaces
[3.659s] -- Installing: /home/wayay/Ros/ROS2_Project/install/custom_interfaces/include/custom_interfaces/custom_interfaces/msg
[3.659s] -- Installing: /home/wayay/Ros/ROS2_Project/install/custom_interfaces/include/custom_interfaces/custom_interfaces/msg/rosidl_generator_c__visibility_control.h
[3.659s] -- Installing: /home/wayay/Ros/ROS2_Project/install/custom_interfaces/include/custom_interfaces/custom_interfaces/action
[3.659s] -- Installing: /home/wayay/Ros/ROS2_Project/install/custom_interfaces/include/custom_interfaces/custom_interfaces/action/detail
[3.659s] -- Installing: /home/wayay/Ros/ROS2_Project/install/custom_interfaces/include/custom_interfaces/custom_interfaces/action/detail/navigate_to_aruco__functions.c
[3.659s] -- Installing: /home/wayay/Ros/ROS2_Project/install/custom_interfaces/include/custom_interfaces/custom_interfaces/action/detail/navigate_to_aruco__struct.h
[3.659s] -- Installing: /home/wayay/Ros/ROS2_Project/install/custom_interfaces/include/custom_interfaces/custom_interfaces/action/detail/navigate_to_aruco__type_support.h
[3.659s] -- Installing: /home/wayay/Ros/ROS2_Project/install/custom_interfaces/include/custom_interfaces/custom_interfaces/action/detail/navigate_to_aruco__functions.h
[3.659s] -- Installing: /home/wayay/Ros/ROS2_Project/install/custom_interfaces/include/custom_interfaces/custom_interfaces/action/navigate_to_aruco.h
[3.659s] -- Installing: /home/wayay/Ros/ROS2_Project/install/custom_interfaces/share/custom_interfaces/environment/library_path.sh
[3.659s] -- Installing: /home/wayay/Ros/ROS2_Project/install/custom_interfaces/share/custom_interfaces/environment/library_path.dsv
[3.659s] -- Installing: /home/wayay/Ros/ROS2_Project/install/custom_interfaces/lib/libcustom_interfaces__rosidl_generator_c.so
[3.660s] -- Set runtime path of "/home/wayay/Ros/ROS2_Project/install/custom_interfaces/lib/libcustom_interfaces__rosidl_generator_c.so" to ""
[3.660s] -- Up-to-date: /home/wayay/Ros/ROS2_Project/install/custom_interfaces/include/custom_interfaces/custom_interfaces
[3.660s] -- Up-to-date: /home/wayay/Ros/ROS2_Project/install/custom_interfaces/include/custom_interfaces/custom_interfaces/msg
[3.660s] -- Installing: /home/wayay/Ros/ROS2_Project/install/custom_interfaces/include/custom_interfaces/custom_interfaces/msg/rosidl_typesupport_fastrtps_c__visibility_control.h
[3.660s] -- Up-to-date: /home/wayay/Ros/ROS2_Project/install/custom_interfaces/include/custom_interfaces/custom_interfaces/action
[3.660s] -- Up-to-date: /home/wayay/Ros/ROS2_Project/install/custom_interfaces/include/custom_interfaces/custom_interfaces/action/detail
[3.660s] -- Installing: /home/wayay/Ros/ROS2_Project/install/custom_interfaces/include/custom_interfaces/custom_interfaces/action/detail/navigate_to_aruco__rosidl_typesupport_fastrtps_c.h
[3.660s] -- Installing: /home/wayay/Ros/ROS2_Project/install/custom_interfaces/lib/libcustom_interfaces__rosidl_typesupport_fastrtps_c.so
[3.660s] -- Set runtime path of "/home/wayay/Ros/ROS2_Project/install/custom_interfaces/lib/libcustom_interfaces__rosidl_typesupport_fastrtps_c.so" to ""
[3.660s] -- Up-to-date: /home/wayay/Ros/ROS2_Project/install/custom_interfaces/include/custom_interfaces/custom_interfaces
[3.660s] -- Up-to-date: /home/wayay/Ros/ROS2_Project/install/custom_interfaces/include/custom_interfaces/custom_interfaces/msg
[3.660s] -- Installing: /home/wayay/Ros/ROS2_Project/install/custom_interfaces/include/custom_interfaces/custom_interfaces/msg/rosidl_typesupport_introspection_c__visibility_control.h
[3.660s] -- Up-to-date: /home/wayay/Ros/ROS2_Project/install/custom_interfaces/include/custom_interfaces/custom_interfaces/action
[3.660s] -- Up-to-date: /home/wayay/Ros/ROS2_Project/install/custom_interfaces/include/custom_interfaces/custom_interfaces/action/detail
[3.660s] -- Installing: /home/wayay/Ros/ROS2_Project/install/custom_interfaces/include/custom_interfaces/custom_interfaces/action/detail/navigate_to_aruco__rosidl_typesupport_introspection_c.h
[3.660s] -- Installing: /home/wayay/Ros/ROS2_Project/install/custom_interfaces/include/custom_interfaces/custom_interfaces/action/detail/navigate_to_aruco__type_support.c
[3.661s] -- Installing: /home/wayay/Ros/ROS2_Project/install/custom_interfaces/lib/libcustom_interfaces__rosidl_typesupport_introspection_c.so
[3.661s] -- Set runtime path of "/home/wayay/Ros/ROS2_Project/install/custom_interfaces/lib/libcustom_interfaces__rosidl_typesupport_introspection_c.so" to ""
[3.661s] -- Installing: /home/wayay/Ros/ROS2_Project/install/custom_interfaces/lib/libcustom_interfaces__rosidl_typesupport_c.so
[3.661s] -- Set runtime path of "/home/wayay/Ros/ROS2_Project/install/custom_interfaces/lib/libcustom_interfaces__rosidl_typesupport_c.so" to ""
[3.661s] -- Up-to-date: /home/wayay/Ros/ROS2_Project/install/custom_interfaces/include/custom_interfaces/custom_interfaces
[3.661s] -- Up-to-date: /home/wayay/Ros/ROS2_Project/install/custom_interfaces/include/custom_interfaces/custom_interfaces/msg
[3.661s] -- Installing: /home/wayay/Ros/ROS2_Project/install/custom_interfaces/include/custom_interfaces/custom_interfaces/msg/rosidl_generator_cpp__visibility_control.hpp
[3.661s] -- Up-to-date: /home/wayay/Ros/ROS2_Project/install/custom_interfaces/include/custom_interfaces/custom_interfaces/action
[3.661s] -- Up-to-date: /home/wayay/Ros/ROS2_Project/install/custom_interfaces/include/custom_interfaces/custom_interfaces/action/detail
[3.661s] -- Installing: /home/wayay/Ros/ROS2_Project/install/custom_interfaces/include/custom_interfaces/custom_interfaces/action/detail/navigate_to_aruco__type_support.hpp
[3.661s] -- Installing: /home/wayay/Ros/ROS2_Project/install/custom_interfaces/include/custom_interfaces/custom_interfaces/action/detail/navigate_to_aruco__traits.hpp
[3.661s] -- Installing: /home/wayay/Ros/ROS2_Project/install/custom_interfaces/include/custom_interfaces/custom_interfaces/action/detail/navigate_to_aruco__builder.hpp
[3.662s] -- Installing: /home/wayay/Ros/ROS2_Project/install/custom_interfaces/include/custom_interfaces/custom_interfaces/action/detail/navigate_to_aruco__struct.hpp
[3.662s] -- Installing: /home/wayay/Ros/ROS2_Project/install/custom_interfaces/include/custom_interfaces/custom_interfaces/action/navigate_to_aruco.hpp
[3.662s] -- Up-to-date: /home/wayay/Ros/ROS2_Project/install/custom_interfaces/include/custom_interfaces/custom_interfaces
[3.662s] -- Up-to-date: /home/wayay/Ros/ROS2_Project/install/custom_interfaces/include/custom_interfaces/custom_interfaces/msg
[3.662s] -- Installing: /home/wayay/Ros/ROS2_Project/install/custom_interfaces/include/custom_interfaces/custom_interfaces/msg/rosidl_typesupport_fastrtps_cpp__visibility_control.h
[3.662s] -- Up-to-date: /home/wayay/Ros/ROS2_Project/install/custom_interfaces/include/custom_interfaces/custom_interfaces/action
[3.662s] -- Up-to-date: /home/wayay/Ros/ROS2_Project/install/custom_interfaces/include/custom_interfaces/custom_interfaces/action/detail
[3.662s] -- Installing: /home/wayay/Ros/ROS2_Project/install/custom_interfaces/include/custom_interfaces/custom_interfaces/action/detail/navigate_to_aruco__rosidl_typesupport_fastrtps_cpp.hpp
[3.662s] -- Installing: /home/wayay/Ros/ROS2_Project/install/custom_interfaces/include/custom_interfaces/custom_interfaces/action/detail/dds_fastrtps
[3.662s] -- Installing: /home/wayay/Ros/ROS2_Project/install/custom_interfaces/lib/libcustom_interfaces__rosidl_typesupport_fastrtps_cpp.so
[3.662s] -- Set runtime path of "/home/wayay/Ros/ROS2_Project/install/custom_interfaces/lib/libcustom_interfaces__rosidl_typesupport_fastrtps_cpp.so" to ""
[3.662s] -- Up-to-date: /home/wayay/Ros/ROS2_Project/install/custom_interfaces/include/custom_interfaces/custom_interfaces
[3.662s] -- Up-to-date: /home/wayay/Ros/ROS2_Project/install/custom_interfaces/include/custom_interfaces/custom_interfaces/action
[3.662s] -- Up-to-date: /home/wayay/Ros/ROS2_Project/install/custom_interfaces/include/custom_interfaces/custom_interfaces/action/detail
[3.662s] -- Installing: /home/wayay/Ros/ROS2_Project/install/custom_interfaces/include/custom_interfaces/custom_interfaces/action/detail/navigate_to_aruco__type_support.cpp
[3.662s] -- Installing: /home/wayay/Ros/ROS2_Project/install/custom_interfaces/include/custom_interfaces/custom_interfaces/action/detail/navigate_to_aruco__rosidl_typesupport_introspection_cpp.hpp
[3.662s] -- Installing: /home/wayay/Ros/ROS2_Project/install/custom_interfaces/lib/libcustom_interfaces__rosidl_typesupport_introspection_cpp.so
[3.663s] -- Set runtime path of "/home/wayay/Ros/ROS2_Project/install/custom_interfaces/lib/libcustom_interfaces__rosidl_typesupport_introspection_cpp.so" to ""
[3.663s] -- Installing: /home/wayay/Ros/ROS2_Project/install/custom_interfaces/lib/libcustom_interfaces__rosidl_typesupport_cpp.so
[3.663s] -- Set runtime path of "/home/wayay/Ros/ROS2_Project/install/custom_interfaces/lib/libcustom_interfaces__rosidl_typesupport_cpp.so" to ""
[3.663s] -- Installing: /home/wayay/Ros/ROS2_Project/install/custom_interfaces/share/custom_interfaces/environment/pythonpath.sh
[3.663s] -- Installing: /home/wayay/Ros/ROS2_Project/install/custom_interfaces/share/custom_interfaces/environment/pythonpath.dsv
[3.663s] -- Installing: /home/wayay/Ros/ROS2_Project/install/custom_interfaces/local/lib/python3.10/dist-packages/custom_interfaces-0.0.0-py3.10.egg-info
[3.663s] -- Installing: /home/wayay/Ros/ROS2_Project/install/custom_interfaces/local/lib/python3.10/dist-packages/custom_interfaces-0.0.0-py3.10.egg-info/dependency_links.txt
[3.663s] -- Installing: /home/wayay/Ros/ROS2_Project/install/custom_interfaces/local/lib/python3.10/dist-packages/custom_interfaces-0.0.0-py3.10.egg-info/PKG-INFO
[3.663s] -- Installing: /home/wayay/Ros/ROS2_Project/install/custom_interfaces/local/lib/python3.10/dist-packages/custom_interfaces-0.0.0-py3.10.egg-info/top_level.txt
[3.663s] -- Installing: /home/wayay/Ros/ROS2_Project/install/custom_interfaces/local/lib/python3.10/dist-packages/custom_interfaces-0.0.0-py3.10.egg-info/SOURCES.txt
[3.663s] -- Installing: /home/wayay/Ros/ROS2_Project/install/custom_interfaces/local/lib/python3.10/dist-packages/custom_interfaces
[3.664s] -- Installing: /home/wayay/Ros/ROS2_Project/install/custom_interfaces/local/lib/python3.10/dist-packages/custom_interfaces/custom_interfaces_s__rosidl_typesupport_c.cpython-310-x86_64-linux-gnu.so
[3.664s] -- Installing: /home/wayay/Ros/ROS2_Project/install/custom_interfaces/local/lib/python3.10/dist-packages/custom_interfaces/_custom_interfaces_s.ep.rosidl_typesupport_introspection_c.c
[3.664s] -- Installing: /home/wayay/Ros/ROS2_Project/install/custom_interfaces/local/lib/python3.10/dist-packages/custom_interfaces/libcustom_interfaces__rosidl_generator_py.so
[3.664s] -- Installing: /home/wayay/Ros/ROS2_Project/install/custom_interfaces/local/lib/python3.10/dist-packages/custom_interfaces/_custom_interfaces_s.ep.rosidl_typesupport_fastrtps_c.c
[3.664s] -- Installing: /home/wayay/Ros/ROS2_Project/install/custom_interfaces/local/lib/python3.10/dist-packages/custom_interfaces/custom_interfaces_s__rosidl_typesupport_fastrtps_c.cpython-310-x86_64-linux-gnu.so
[3.664s] -- Installing: /home/wayay/Ros/ROS2_Project/install/custom_interfaces/local/lib/python3.10/dist-packages/custom_interfaces/action
[3.664s] -- Installing: /home/wayay/Ros/ROS2_Project/install/custom_interfaces/local/lib/python3.10/dist-packages/custom_interfaces/action/_navigate_to_aruco.py
[3.664s] -- Installing: /home/wayay/Ros/ROS2_Project/install/custom_interfaces/local/lib/python3.10/dist-packages/custom_interfaces/action/_navigate_to_aruco_s.c
[3.664s] -- Installing: /home/wayay/Ros/ROS2_Project/install/custom_interfaces/local/lib/python3.10/dist-packages/custom_interfaces/action/__init__.py
[3.664s] -- Installing: /home/wayay/Ros/ROS2_Project/install/custom_interfaces/local/lib/python3.10/dist-packages/custom_interfaces/__init__.py
[3.664s] -- Installing: /home/wayay/Ros/ROS2_Project/install/custom_interfaces/local/lib/python3.10/dist-packages/custom_interfaces/_custom_interfaces_s.ep.rosidl_typesupport_c.c
[3.664s] -- Installing: /home/wayay/Ros/ROS2_Project/install/custom_interfaces/local/lib/python3.10/dist-packages/custom_interfaces/custom_interfaces_s__rosidl_typesupport_introspection_c.cpython-310-x86_64-linux-gnu.so
[3.692s] Listing '/home/wayay/Ros/ROS2_Project/install/custom_interfaces/local/lib/python3.10/dist-packages/custom_interfaces'...
[3.692s] Compiling '/home/wayay/Ros/ROS2_Project/install/custom_interfaces/local/lib/python3.10/dist-packages/custom_interfaces/__init__.py'...
[3.692s] Listing '/home/wayay/Ros/ROS2_Project/install/custom_interfaces/local/lib/python3.10/dist-packages/custom_interfaces/action'...
[3.692s] Compiling '/home/wayay/Ros/ROS2_Project/install/custom_interfaces/local/lib/python3.10/dist-packages/custom_interfaces/action/__init__.py'...
[3.692s] Compiling '/home/wayay/Ros/ROS2_Project/install/custom_interfaces/local/lib/python3.10/dist-packages/custom_interfaces/action/_navigate_to_aruco.py'...
[3.695s] -- Installing: /home/wayay/Ros/ROS2_Project/install/custom_interfaces/local/lib/python3.10/dist-packages/custom_interfaces/custom_interfaces_s__rosidl_typesupport_fastrtps_c.cpython-310-x86_64-linux-gnu.so
[3.695s] -- Set runtime path of "/home/wayay/Ros/ROS2_Project/install/custom_interfaces/local/lib/python3.10/dist-packages/custom_interfaces/custom_interfaces_s__rosidl_typesupport_fastrtps_c.cpython-310-x86_64-linux-gnu.so" to ""
[3.695s] -- Installing: /home/wayay/Ros/ROS2_Project/install/custom_interfaces/local/lib/python3.10/dist-packages/custom_interfaces/custom_interfaces_s__rosidl_typesupport_introspection_c.cpython-310-x86_64-linux-gnu.so
[3.696s] -- Set runtime path of "/home/wayay/Ros/ROS2_Project/install/custom_interfaces/local/lib/python3.10/dist-packages/custom_interfaces/custom_interfaces_s__rosidl_typesupport_introspection_c.cpython-310-x86_64-linux-gnu.so" to ""
[3.696s] -- Installing: /home/wayay/Ros/ROS2_Project/install/custom_interfaces/local/lib/python3.10/dist-packages/custom_interfaces/custom_interfaces_s__rosidl_typesupport_c.cpython-310-x86_64-linux-gnu.so
[3.696s] -- Set runtime path of "/home/wayay/Ros/ROS2_Project/install/custom_interfaces/local/lib/python3.10/dist-packages/custom_interfaces/custom_interfaces_s__rosidl_typesupport_c.cpython-310-x86_64-linux-gnu.so" to ""
[3.696s] -- Installing: /home/wayay/Ros/ROS2_Project/install/custom_interfaces/lib/libcustom_interfaces__rosidl_generator_py.so
[3.696s] -- Set runtime path of "/home/wayay/Ros/ROS2_Project/install/custom_interfaces/lib/libcustom_interfaces__rosidl_generator_py.so" to ""
[3.696s] -- Installing: /home/wayay/Ros/ROS2_Project/install/custom_interfaces/share/custom_interfaces/action/NavigateToAruco.idl
[3.697s] -- Installing: /home/wayay/Ros/ROS2_Project/install/custom_interfaces/share/custom_interfaces/action/NavigateToAruco.action
[3.697s] -- Installing: /home/wayay/Ros/ROS2_Project/install/custom_interfaces/share/ament_index/resource_index/package_run_dependencies/custom_interfaces
[3.697s] -- Installing: /home/wayay/Ros/ROS2_Project/install/custom_interfaces/share/ament_index/resource_index/parent_prefix_path/custom_interfaces
[3.697s] -- Installing: /home/wayay/Ros/ROS2_Project/install/custom_interfaces/share/custom_interfaces/environment/ament_prefix_path.sh
[3.697s] -- Installing: /home/wayay/Ros/ROS2_Project/install/custom_interfaces/share/custom_interfaces/environment/ament_prefix_path.dsv
[3.697s] -- Installing: /home/wayay/Ros/ROS2_Project/install/custom_interfaces/share/custom_interfaces/environment/path.sh
[3.697s] -- Installing: /home/wayay/Ros/ROS2_Project/install/custom_interfaces/share/custom_interfaces/environment/path.dsv
[3.698s] -- Installing: /home/wayay/Ros/ROS2_Project/install/custom_interfaces/share/custom_interfaces/local_setup.bash
[3.698s] -- Installing: /home/wayay/Ros/ROS2_Project/install/custom_interfaces/share/custom_interfaces/local_setup.sh
[3.698s] -- Installing: /home/wayay/Ros/ROS2_Project/install/custom_interfaces/share/custom_interfaces/local_setup.zsh
[3.698s] -- Installing: /home/wayay/Ros/ROS2_Project/install/custom_interfaces/share/custom_interfaces/local_setup.dsv
[3.698s] -- Installing: /home/wayay/Ros/ROS2_Project/install/custom_interfaces/share/custom_interfaces/package.dsv
[3.698s] -- Installing: /home/wayay/Ros/ROS2_Project/install/custom_interfaces/share/ament_index/resource_index/packages/custom_interfaces
[3.698s] -- Installing: /home/wayay/Ros/ROS2_Project/install/custom_interfaces/share/custom_interfaces/cmake/export_custom_interfaces__rosidl_generator_cExport.cmake
[3.698s] -- Installing: /home/wayay/Ros/ROS2_Project/install/custom_interfaces/share/custom_interfaces/cmake/export_custom_interfaces__rosidl_generator_cExport-noconfig.cmake
[3.698s] -- Installing: /home/wayay/Ros/ROS2_Project/install/custom_interfaces/share/custom_interfaces/cmake/export_custom_interfaces__rosidl_typesupport_fastrtps_cExport.cmake
[3.698s] -- Installing: /home/wayay/Ros/ROS2_Project/install/custom_interfaces/share/custom_interfaces/cmake/export_custom_interfaces__rosidl_typesupport_fastrtps_cExport-noconfig.cmake
[3.699s] -- Installing: /home/wayay/Ros/ROS2_Project/install/custom_interfaces/share/custom_interfaces/cmake/custom_interfaces__rosidl_typesupport_introspection_cExport.cmake
[3.699s] -- Installing: /home/wayay/Ros/ROS2_Project/install/custom_interfaces/share/custom_interfaces/cmake/custom_interfaces__rosidl_typesupport_introspection_cExport-noconfig.cmake
[3.699s] -- Installing: /home/wayay/Ros/ROS2_Project/install/custom_interfaces/share/custom_interfaces/cmake/custom_interfaces__rosidl_typesupport_cExport.cmake
[3.699s] -- Installing: /home/wayay/Ros/ROS2_Project/install/custom_interfaces/share/custom_interfaces/cmake/custom_interfaces__rosidl_typesupport_cExport-noconfig.cmake
[3.699s] -- Installing: /home/wayay/Ros/ROS2_Project/install/custom_interfaces/share/custom_interfaces/cmake/export_custom_interfaces__rosidl_generator_cppExport.cmake
[3.699s] -- Installing: /home/wayay/Ros/ROS2_Project/install/custom_interfaces/share/custom_interfaces/cmake/export_custom_interfaces__rosidl_typesupport_fastrtps_cppExport.cmake
[3.699s] -- Installing: /home/wayay/Ros/ROS2_Project/install/custom_interfaces/share/custom_interfaces/cmake/export_custom_interfaces__rosidl_typesupport_fastrtps_cppExport-noconfig.cmake
[3.699s] -- Installing: /home/wayay/Ros/ROS2_Project/install/custom_interfaces/share/custom_interfaces/cmake/custom_interfaces__rosidl_typesupport_introspection_cppExport.cmake
[3.699s] -- Installing: /home/wayay/Ros/ROS2_Project/install/custom_interfaces/share/custom_interfaces/cmake/custom_interfaces__rosidl_typesupport_introspection_cppExport-noconfig.cmake
[3.699s] -- Installing: /home/wayay/Ros/ROS2_Project/install/custom_interfaces/share/custom_interfaces/cmake/custom_interfaces__rosidl_typesupport_cppExport.cmake
[3.699s] -- Installing: /home/wayay/Ros/ROS2_Project/install/custom_interfaces/share/custom_interfaces/cmake/custom_interfaces__rosidl_typesupport_cppExport-noconfig.cmake
[3.700s] -- Installing: /home/wayay/Ros/ROS2_Project/install/custom_interfaces/share/custom_interfaces/cmake/export_custom_interfaces__rosidl_generator_pyExport.cmake
[3.700s] -- Installing: /home/wayay/Ros/ROS2_Project/install/custom_interfaces/share/custom_interfaces/cmake/export_custom_interfaces__rosidl_generator_pyExport-noconfig.cmake
[3.700s] -- Installing: /home/wayay/Ros/ROS2_Project/install/custom_interfaces/share/custom_interfaces/cmake/rosidl_cmake-extras.cmake
[3.700s] -- Installing: /home/wayay/Ros/ROS2_Project/install/custom_interfaces/share/custom_interfaces/cmake/ament_cmake_export_dependencies-extras.cmake
[3.700s] -- Installing: /home/wayay/Ros/ROS2_Project/install/custom_interfaces/share/custom_interfaces/cmake/ament_cmake_export_include_directories-extras.cmake
[3.700s] -- Installing: /home/wayay/Ros/ROS2_Project/install/custom_interfaces/share/custom_interfaces/cmake/ament_cmake_export_libraries-extras.cmake
[3.700s] -- Installing: /home/wayay/Ros/ROS2_Project/install/custom_interfaces/share/custom_interfaces/cmake/ament_cmake_export_targets-extras.cmake
[3.700s] -- Installing: /home/wayay/Ros/ROS2_Project/install/custom_interfaces/share/custom_interfaces/cmake/rosidl_cmake_export_typesupport_targets-extras.cmake
[3.700s] -- Installing: /home/wayay/Ros/ROS2_Project/install/custom_interfaces/share/custom_interfaces/cmake/rosidl_cmake_export_typesupport_libraries-extras.cmake
[3.700s] -- Installing: /home/wayay/Ros/ROS2_Project/install/custom_interfaces/share/custom_interfaces/cmake/custom_interfacesConfig.cmake
[3.700s] -- Installing: /home/wayay/Ros/ROS2_Project/install/custom_interfaces/share/custom_interfaces/cmake/custom_interfacesConfig-version.cmake
[3.700s] -- Installing: /home/wayay/Ros/ROS2_Project/install/custom_interfaces/share/custom_interfaces/package.xml
[3.702s] Invoked command in '/home/wayay/Ros/ROS2_Project/build/custom_interfaces' returned '0': CMAKE_PREFIX_PATH=/opt/ros/humble /usr/bin/cmake --install /home/wayay/Ros/ROS2_Project/build/custom_interfaces
