[0.491s] Invoking command in '/home/wayay/line_follower_ws/src/blue_line_follower': AMENT_PREFIX_PATH=/home/wayay/line_follower_ws/install/custom_interfaces:${AMENT_PREFIX_PATH} CMAKE_PREFIX_PATH=/home/wayay/line_follower_ws/install/custom_interfaces:${CMAKE_PREFIX_PATH} LD_LIBRARY_PATH=/home/wayay/line_follower_ws/install/custom_interfaces/lib:${LD_LIBRARY_PATH} PYTHONPATH=/home/wayay/line_follower_ws/build/blue_line_follower/prefix_override:/usr/lib/python3/dist-packages/colcon_core/task/python/colcon_distutils_commands:/home/wayay/line_follower_ws/install/blue_line_follower/lib/python3.10/site-packages:/home/wayay/line_follower_ws/install/custom_interfaces/local/lib/python3.10/dist-packages:${PYTHONPATH} /usr/bin/python3 -W ignore:setup.py install is deprecated -W ignore:easy_install command is deprecated setup.py egg_info --egg-base ../../build/blue_line_follower build --build-base /home/wayay/line_follower_ws/build/blue_line_follower/build install --record /home/wayay/line_follower_ws/build/blue_line_follower/install.log --single-version-externally-managed install_data
[0.678s] running egg_info
[0.678s] writing ../../build/blue_line_follower/blue_line_follower.egg-info/PKG-INFO
[0.678s] writing dependency_links to ../../build/blue_line_follower/blue_line_follower.egg-info/dependency_links.txt
[0.679s] writing entry points to ../../build/blue_line_follower/blue_line_follower.egg-info/entry_points.txt
[0.679s] writing requirements to ../../build/blue_line_follower/blue_line_follower.egg-info/requires.txt
[0.679s] writing top-level names to ../../build/blue_line_follower/blue_line_follower.egg-info/top_level.txt
[0.680s] reading manifest file '../../build/blue_line_follower/blue_line_follower.egg-info/SOURCES.txt'
[0.681s] writing manifest file '../../build/blue_line_follower/blue_line_follower.egg-info/SOURCES.txt'
[0.681s] running build
[0.681s] running build_py
[0.681s] running install
[0.681s] running install_lib
[0.682s] running install_data
[0.682s] running install_egg_info
[0.683s] removing '/home/wayay/line_follower_ws/install/blue_line_follower/lib/python3.10/site-packages/blue_line_follower-1.0.0-py3.10.egg-info' (and everything under it)
[0.684s] Copying ../../build/blue_line_follower/blue_line_follower.egg-info to /home/wayay/line_follower_ws/install/blue_line_follower/lib/python3.10/site-packages/blue_line_follower-1.0.0-py3.10.egg-info
[0.684s] running install_scripts
[0.699s] Installing aruco_navigation_client script to /home/wayay/line_follower_ws/install/blue_line_follower/lib/blue_line_follower
[0.699s] Installing aruco_navigation_server script to /home/wayay/line_follower_ws/install/blue_line_follower/lib/blue_line_follower
[0.699s] Installing line_follower_node script to /home/wayay/line_follower_ws/install/blue_line_follower/lib/blue_line_follower
[0.699s] writing list of installed files to '/home/wayay/line_follower_ws/build/blue_line_follower/install.log'
[0.715s] Invoked command in '/home/wayay/line_follower_ws/src/blue_line_follower' returned '0': AMENT_PREFIX_PATH=/home/wayay/line_follower_ws/install/custom_interfaces:${AMENT_PREFIX_PATH} CMAKE_PREFIX_PATH=/home/wayay/line_follower_ws/install/custom_interfaces:${CMAKE_PREFIX_PATH} LD_LIBRARY_PATH=/home/wayay/line_follower_ws/install/custom_interfaces/lib:${LD_LIBRARY_PATH} PYTHONPATH=/home/wayay/line_follower_ws/build/blue_line_follower/prefix_override:/usr/lib/python3/dist-packages/colcon_core/task/python/colcon_distutils_commands:/home/wayay/line_follower_ws/install/blue_line_follower/lib/python3.10/site-packages:/home/wayay/line_follower_ws/install/custom_interfaces/local/lib/python3.10/dist-packages:${PYTHONPATH} /usr/bin/python3 -W ignore:setup.py install is deprecated -W ignore:easy_install command is deprecated setup.py egg_info --egg-base ../../build/blue_line_follower build --build-base /home/wayay/line_follower_ws/build/blue_line_follower/build install --record /home/wayay/line_follower_ws/build/blue_line_follower/install.log --single-version-externally-managed install_data
