[0.474s] Invoking command in '/home/wayay/Ros/ROS2_Project/src/blue_line_follower': AMENT_PREFIX_PATH=/home/wayay/Ros/ROS2_Project/install/custom_interfaces:${AMENT_PREFIX_PATH} CMAKE_PREFIX_PATH=/home/wayay/Ros/ROS2_Project/install/custom_interfaces LD_LIBRARY_PATH=/home/wayay/Ros/ROS2_Project/install/custom_interfaces/lib:${LD_LIBRARY_PATH} PYTHONPATH=/home/wayay/Ros/ROS2_Project/build/blue_line_follower/prefix_override:/usr/lib/python3/dist-packages/colcon_core/task/python/colcon_distutils_commands:/home/wayay/Ros/ROS2_Project/install/blue_line_follower/lib/python3.10/site-packages:/home/wayay/Ros/ROS2_Project/install/custom_interfaces/local/lib/python3.10/dist-packages:${PYTHONPATH} /usr/bin/python3 -W ignore:setup.py install is deprecated -W ignore:easy_install command is deprecated setup.py egg_info --egg-base ../../build/blue_line_follower build --build-base /home/wayay/Ros/ROS2_Project/build/blue_line_follower/build install --record /home/wayay/Ros/ROS2_Project/build/blue_line_follower/install.log --single-version-externally-managed install_data
[0.650s] running egg_info
[0.650s] writing ../../build/blue_line_follower/blue_line_follower.egg-info/PKG-INFO
[0.650s] writing dependency_links to ../../build/blue_line_follower/blue_line_follower.egg-info/dependency_links.txt
[0.650s] writing entry points to ../../build/blue_line_follower/blue_line_follower.egg-info/entry_points.txt
[0.651s] writing requirements to ../../build/blue_line_follower/blue_line_follower.egg-info/requires.txt
[0.651s] writing top-level names to ../../build/blue_line_follower/blue_line_follower.egg-info/top_level.txt
[0.652s] reading manifest file '../../build/blue_line_follower/blue_line_follower.egg-info/SOURCES.txt'
[0.653s] writing manifest file '../../build/blue_line_follower/blue_line_follower.egg-info/SOURCES.txt'
[0.653s] running build
[0.653s] running build_py
[0.653s] running install
[0.653s] running install_lib
[0.654s] creating /home/wayay/Ros/ROS2_Project/install/blue_line_follower/lib/python3.10/site-packages/blue_line_follower
[0.654s] copying /home/wayay/Ros/ROS2_Project/build/blue_line_follower/build/lib/blue_line_follower/aruco_diagnostic.py -> /home/wayay/Ros/ROS2_Project/install/blue_line_follower/lib/python3.10/site-packages/blue_line_follower
[0.654s] copying /home/wayay/Ros/ROS2_Project/build/blue_line_follower/build/lib/blue_line_follower/line_follower_node.py -> /home/wayay/Ros/ROS2_Project/install/blue_line_follower/lib/python3.10/site-packages/blue_line_follower
[0.654s] copying /home/wayay/Ros/ROS2_Project/build/blue_line_follower/build/lib/blue_line_follower/__init__.py -> /home/wayay/Ros/ROS2_Project/install/blue_line_follower/lib/python3.10/site-packages/blue_line_follower
[0.654s] copying /home/wayay/Ros/ROS2_Project/build/blue_line_follower/build/lib/blue_line_follower/aruco_navigation_server.py -> /home/wayay/Ros/ROS2_Project/install/blue_line_follower/lib/python3.10/site-packages/blue_line_follower
[0.654s] copying /home/wayay/Ros/ROS2_Project/build/blue_line_follower/build/lib/blue_line_follower/aruco_navigation_client.py -> /home/wayay/Ros/ROS2_Project/install/blue_line_follower/lib/python3.10/site-packages/blue_line_follower
[0.654s] byte-compiling /home/wayay/Ros/ROS2_Project/install/blue_line_follower/lib/python3.10/site-packages/blue_line_follower/aruco_diagnostic.py to aruco_diagnostic.cpython-310.pyc
[0.655s] byte-compiling /home/wayay/Ros/ROS2_Project/install/blue_line_follower/lib/python3.10/site-packages/blue_line_follower/line_follower_node.py to line_follower_node.cpython-310.pyc
[0.657s] byte-compiling /home/wayay/Ros/ROS2_Project/install/blue_line_follower/lib/python3.10/site-packages/blue_line_follower/__init__.py to __init__.cpython-310.pyc
[0.657s] byte-compiling /home/wayay/Ros/ROS2_Project/install/blue_line_follower/lib/python3.10/site-packages/blue_line_follower/aruco_navigation_server.py to aruco_navigation_server.cpython-310.pyc
[0.659s] byte-compiling /home/wayay/Ros/ROS2_Project/install/blue_line_follower/lib/python3.10/site-packages/blue_line_follower/aruco_navigation_client.py to aruco_navigation_client.cpython-310.pyc
[0.659s] running install_data
[0.659s] creating /home/wayay/Ros/ROS2_Project/install/blue_line_follower/share/ament_index
[0.659s] creating /home/wayay/Ros/ROS2_Project/install/blue_line_follower/share/ament_index/resource_index
[0.659s] creating /home/wayay/Ros/ROS2_Project/install/blue_line_follower/share/ament_index/resource_index/packages
[0.660s] copying resource/blue_line_follower -> /home/wayay/Ros/ROS2_Project/install/blue_line_follower/share/ament_index/resource_index/packages
[0.660s] copying package.xml -> /home/wayay/Ros/ROS2_Project/install/blue_line_follower/share/blue_line_follower
[0.660s] creating /home/wayay/Ros/ROS2_Project/install/blue_line_follower/share/blue_line_follower/launch
[0.660s] copying launch/simulation.launch.py -> /home/wayay/Ros/ROS2_Project/install/blue_line_follower/share/blue_line_follower/launch
[0.660s] creating /home/wayay/Ros/ROS2_Project/install/blue_line_follower/share/blue_line_follower/worlds
[0.660s] copying worlds/blue_line_track.world -> /home/wayay/Ros/ROS2_Project/install/blue_line_follower/share/blue_line_follower/worlds
[0.660s] creating /home/wayay/Ros/ROS2_Project/install/blue_line_follower/share/blue_line_follower/urdf
[0.660s] copying urdf/line_follower_robot.urdf.xacro -> /home/wayay/Ros/ROS2_Project/install/blue_line_follower/share/blue_line_follower/urdf
[0.660s] creating /home/wayay/Ros/ROS2_Project/install/blue_line_follower/share/blue_line_follower/models
[0.660s] creating /home/wayay/Ros/ROS2_Project/install/blue_line_follower/share/blue_line_follower/models/aruco_5
[0.661s] copying models/aruco_5/model.sdf -> /home/wayay/Ros/ROS2_Project/install/blue_line_follower/share/blue_line_follower/models/aruco_5
[0.661s] copying models/aruco_5/model.config -> /home/wayay/Ros/ROS2_Project/install/blue_line_follower/share/blue_line_follower/models/aruco_5
[0.661s] creating /home/wayay/Ros/ROS2_Project/install/blue_line_follower/share/blue_line_follower/models/aruco_6
[0.661s] copying models/aruco_6/model.sdf -> /home/wayay/Ros/ROS2_Project/install/blue_line_follower/share/blue_line_follower/models/aruco_6
[0.661s] copying models/aruco_6/model.config -> /home/wayay/Ros/ROS2_Project/install/blue_line_follower/share/blue_line_follower/models/aruco_6
[0.661s] creating /home/wayay/Ros/ROS2_Project/install/blue_line_follower/share/blue_line_follower/models/aruco_0
[0.661s] copying models/aruco_0/model.sdf -> /home/wayay/Ros/ROS2_Project/install/blue_line_follower/share/blue_line_follower/models/aruco_0
[0.661s] copying models/aruco_0/model.config -> /home/wayay/Ros/ROS2_Project/install/blue_line_follower/share/blue_line_follower/models/aruco_0
[0.661s] creating /home/wayay/Ros/ROS2_Project/install/blue_line_follower/share/blue_line_follower/models/aruco_4
[0.661s] copying models/aruco_4/model.sdf -> /home/wayay/Ros/ROS2_Project/install/blue_line_follower/share/blue_line_follower/models/aruco_4
[0.661s] copying models/aruco_4/model.config -> /home/wayay/Ros/ROS2_Project/install/blue_line_follower/share/blue_line_follower/models/aruco_4
[0.661s] creating /home/wayay/Ros/ROS2_Project/install/blue_line_follower/share/blue_line_follower/models/aruco_1
[0.661s] copying models/aruco_1/model.sdf -> /home/wayay/Ros/ROS2_Project/install/blue_line_follower/share/blue_line_follower/models/aruco_1
[0.661s] copying models/aruco_1/model.config -> /home/wayay/Ros/ROS2_Project/install/blue_line_follower/share/blue_line_follower/models/aruco_1
[0.661s] creating /home/wayay/Ros/ROS2_Project/install/blue_line_follower/share/blue_line_follower/models/aruco_2
[0.661s] copying models/aruco_2/model.sdf -> /home/wayay/Ros/ROS2_Project/install/blue_line_follower/share/blue_line_follower/models/aruco_2
[0.661s] copying models/aruco_2/model.config -> /home/wayay/Ros/ROS2_Project/install/blue_line_follower/share/blue_line_follower/models/aruco_2
[0.662s] creating /home/wayay/Ros/ROS2_Project/install/blue_line_follower/share/blue_line_follower/models/aruco_7
[0.662s] copying models/aruco_7/model.sdf -> /home/wayay/Ros/ROS2_Project/install/blue_line_follower/share/blue_line_follower/models/aruco_7
[0.662s] copying models/aruco_7/model.config -> /home/wayay/Ros/ROS2_Project/install/blue_line_follower/share/blue_line_follower/models/aruco_7
[0.662s] creating /home/wayay/Ros/ROS2_Project/install/blue_line_follower/share/blue_line_follower/models/aruco_3
[0.662s] copying models/aruco_3/model.sdf -> /home/wayay/Ros/ROS2_Project/install/blue_line_follower/share/blue_line_follower/models/aruco_3
[0.662s] copying models/aruco_3/model.config -> /home/wayay/Ros/ROS2_Project/install/blue_line_follower/share/blue_line_follower/models/aruco_3
[0.662s] creating /home/wayay/Ros/ROS2_Project/install/blue_line_follower/share/blue_line_follower/aruco
[0.662s] copying aruco/5.png -> /home/wayay/Ros/ROS2_Project/install/blue_line_follower/share/blue_line_follower/aruco/.
[0.662s] copying aruco/7.png -> /home/wayay/Ros/ROS2_Project/install/blue_line_follower/share/blue_line_follower/aruco/.
[0.662s] copying aruco/0.png -> /home/wayay/Ros/ROS2_Project/install/blue_line_follower/share/blue_line_follower/aruco/.
[0.662s] copying aruco/4.png -> /home/wayay/Ros/ROS2_Project/install/blue_line_follower/share/blue_line_follower/aruco/.
[0.662s] copying aruco/2.png -> /home/wayay/Ros/ROS2_Project/install/blue_line_follower/share/blue_line_follower/aruco/.
[0.662s] copying aruco/1.png -> /home/wayay/Ros/ROS2_Project/install/blue_line_follower/share/blue_line_follower/aruco/.
[0.662s] copying aruco/6.png -> /home/wayay/Ros/ROS2_Project/install/blue_line_follower/share/blue_line_follower/aruco/.
[0.662s] copying aruco/3.png -> /home/wayay/Ros/ROS2_Project/install/blue_line_follower/share/blue_line_follower/aruco/.
[0.663s] running install_egg_info
[0.663s] Copying ../../build/blue_line_follower/blue_line_follower.egg-info to /home/wayay/Ros/ROS2_Project/install/blue_line_follower/lib/python3.10/site-packages/blue_line_follower-1.0.0-py3.10.egg-info
[0.663s] running install_scripts
[0.676s] Installing aruco_diagnostic script to /home/wayay/Ros/ROS2_Project/install/blue_line_follower/lib/blue_line_follower
[0.676s] Installing aruco_navigation_client script to /home/wayay/Ros/ROS2_Project/install/blue_line_follower/lib/blue_line_follower
[0.676s] Installing aruco_navigation_server script to /home/wayay/Ros/ROS2_Project/install/blue_line_follower/lib/blue_line_follower
[0.676s] Installing line_follower_node script to /home/wayay/Ros/ROS2_Project/install/blue_line_follower/lib/blue_line_follower
[0.676s] writing list of installed files to '/home/wayay/Ros/ROS2_Project/build/blue_line_follower/install.log'
[0.691s] Invoked command in '/home/wayay/Ros/ROS2_Project/src/blue_line_follower' returned '0': AMENT_PREFIX_PATH=/home/wayay/Ros/ROS2_Project/install/custom_interfaces:${AMENT_PREFIX_PATH} CMAKE_PREFIX_PATH=/home/wayay/Ros/ROS2_Project/install/custom_interfaces LD_LIBRARY_PATH=/home/wayay/Ros/ROS2_Project/install/custom_interfaces/lib:${LD_LIBRARY_PATH} PYTHONPATH=/home/wayay/Ros/ROS2_Project/build/blue_line_follower/prefix_override:/usr/lib/python3/dist-packages/colcon_core/task/python/colcon_distutils_commands:/home/wayay/Ros/ROS2_Project/install/blue_line_follower/lib/python3.10/site-packages:/home/wayay/Ros/ROS2_Project/install/custom_interfaces/local/lib/python3.10/dist-packages:${PYTHONPATH} /usr/bin/python3 -W ignore:setup.py install is deprecated -W ignore:easy_install command is deprecated setup.py egg_info --egg-base ../../build/blue_line_follower build --build-base /home/wayay/Ros/ROS2_Project/build/blue_line_follower/build install --record /home/wayay/Ros/ROS2_Project/build/blue_line_follower/install.log --single-version-externally-managed install_data
