[0.007s] Invoking command in '/home/wayay/Ros/ROS2_Project/build/custom_interfaces': CMAKE_PREFIX_PATH=/opt/ros/humble /usr/bin/cmake --build /home/wayay/Ros/ROS2_Project/build/custom_interfaces -- -j6 -l6
[0.024s] -- Found ament_cmake: 1.3.12 (/opt/ros/humble/share/ament_cmake/cmake)
[0.113s] -- Found rosidl_default_generators: 1.2.0 (/opt/ros/humble/share/rosidl_default_generators/cmake)
[0.114s] -- Using all available rosidl_typesupport_c: rosidl_typesupport_fastrtps_c;rosidl_typesupport_introspection_c
[0.116s] -- Found rosidl_adapter: 3.1.7 (/opt/ros/humble/share/rosidl_adapter/cmake)
[0.139s] -- Using all available rosidl_typesupport_cpp: rosidl_typesupport_fastrtps_cpp;rosidl_typesupport_introspection_cpp
[0.159s] -- Found action_msgs: 1.2.2 (/opt/ros/humble/share/action_msgs/cmake)
[0.371s] -- Found ament_cmake_ros: 0.10.0 (/opt/ros/humble/share/ament_cmake_ros/cmake)
[0.514s] -- Using all available rosidl_typesupport_c: rosidl_typesupport_fastrtps_c;rosidl_typesupport_introspection_c
[0.716s] -- Using all available rosidl_typesupport_cpp: rosidl_typesupport_fastrtps_cpp;rosidl_typesupport_introspection_cpp
[0.735s] -- Found python_cmake_module: 0.10.0 (/opt/ros/humble/share/python_cmake_module/cmake)
[0.751s] -- Using PYTHON_EXECUTABLE: /usr/bin/python3
[0.751s] -- Using PYTHON_INCLUDE_DIRS: /usr/include/python3.10
[0.752s] -- Using PYTHON_LIBRARIES: /usr/lib/x86_64-linux-gnu/libpython3.10.so
[0.764s] -- Found ament_lint_auto: 0.12.14 (/opt/ros/humble/share/ament_lint_auto/cmake)
[0.770s] -- Added test 'lint_cmake' to check CMake code style
[0.771s] -- Added test 'xmllint' to check XML markup files
[0.772s] -- Configuring done
[0.795s] -- Generating done
[0.804s] -- Build files have been written to: /home/wayay/Ros/ROS2_Project/build/custom_interfaces
[0.822s] [  3%] [34m[1mGenerating C code for ROS interfaces[0m
[0.831s] [  6%] [34m[1mGenerating C++ code for ROS interfaces[0m
[0.835s] [  6%] Built target ament_cmake_python_copy_custom_interfaces
[1.021s] running egg_info
[1.021s] writing custom_interfaces.egg-info/PKG-INFO
[1.021s] writing dependency_links to custom_interfaces.egg-info/dependency_links.txt
[1.022s] writing top-level names to custom_interfaces.egg-info/top_level.txt
[1.023s] reading manifest file 'custom_interfaces.egg-info/SOURCES.txt'
[1.023s] writing manifest file 'custom_interfaces.egg-info/SOURCES.txt'
[1.042s] [  6%] Built target ament_cmake_python_build_custom_interfaces_egg
[1.282s] [35m[1mConsolidate compiler generated dependencies of target custom_interfaces__rosidl_generator_c[0m
[1.289s] [  9%] [32mBuilding C object CMakeFiles/custom_interfaces__rosidl_generator_c.dir/rosidl_generator_c/custom_interfaces/action/detail/navigate_to_aruco__functions.c.o[0m
[1.313s] [  9%] Built target custom_interfaces__cpp
[1.324s] [ 12%] [34m[1mGenerating C++ type support for eProsima Fast-RTPS[0m
[1.325s] [ 16%] [34m[1mGenerating C++ introspection for ROS interfaces[0m
[1.326s] [ 19%] [34m[1mGenerating C++ type support dispatch for ROS interfaces[0m
[1.397s] [ 22%] [32m[1mLinking C shared library libcustom_interfaces__rosidl_generator_c.so[0m
[1.429s] [ 22%] Built target custom_interfaces__rosidl_generator_c
[1.438s] [ 25%] [34m[1mGenerating C type support for eProsima Fast-RTPS[0m
[1.439s] [ 29%] [34m[1mGenerating C introspection for ROS interfaces[0m
[1.444s] [ 32%] [34m[1mGenerating C type support dispatch for ROS interfaces[0m
[1.846s] [35m[1mConsolidate compiler generated dependencies of target custom_interfaces__rosidl_typesupport_introspection_cpp[0m
[1.862s] [ 35%] [32mBuilding CXX object CMakeFiles/custom_interfaces__rosidl_typesupport_introspection_cpp.dir/rosidl_typesupport_introspection_cpp/custom_interfaces/action/detail/navigate_to_aruco__type_support.cpp.o[0m
[1.882s] [35m[1mConsolidate compiler generated dependencies of target custom_interfaces__rosidl_typesupport_c[0m
[1.892s] [ 38%] [32mBuilding CXX object CMakeFiles/custom_interfaces__rosidl_typesupport_c.dir/rosidl_typesupport_c/custom_interfaces/action/navigate_to_aruco__type_support.cpp.o[0m
[1.896s] [35m[1mConsolidate compiler generated dependencies of target custom_interfaces__rosidl_typesupport_cpp[0m
[1.908s] [ 41%] [32mBuilding CXX object CMakeFiles/custom_interfaces__rosidl_typesupport_cpp.dir/rosidl_typesupport_cpp/custom_interfaces/action/navigate_to_aruco__type_support.cpp.o[0m
[1.942s] [ 45%] [32m[1mLinking CXX shared library libcustom_interfaces__rosidl_typesupport_c.so[0m
[1.956s] [35m[1mConsolidate compiler generated dependencies of target custom_interfaces__rosidl_typesupport_fastrtps_cpp[0m
[1.971s] [ 48%] [32mBuilding CXX object CMakeFiles/custom_interfaces__rosidl_typesupport_fastrtps_cpp.dir/rosidl_typesupport_fastrtps_cpp/custom_interfaces/action/detail/dds_fastrtps/navigate_to_aruco__type_support.cpp.o[0m
[1.994s] [ 48%] Built target custom_interfaces__rosidl_typesupport_c
[2.022s] [35m[1mConsolidate compiler generated dependencies of target custom_interfaces__rosidl_typesupport_fastrtps_c[0m
[2.036s] [ 51%] [32mBuilding CXX object CMakeFiles/custom_interfaces__rosidl_typesupport_fastrtps_c.dir/rosidl_typesupport_fastrtps_c/custom_interfaces/action/detail/navigate_to_aruco__type_support_c.cpp.o[0m
[2.079s] [35m[1mConsolidate compiler generated dependencies of target custom_interfaces__rosidl_typesupport_introspection_c[0m
[2.090s] [ 54%] [32mBuilding C object CMakeFiles/custom_interfaces__rosidl_typesupport_introspection_c.dir/rosidl_typesupport_introspection_c/custom_interfaces/action/detail/navigate_to_aruco__type_support.c.o[0m
[2.124s] [ 58%] [32m[1mLinking C shared library libcustom_interfaces__rosidl_typesupport_introspection_c.so[0m
[2.149s] [ 58%] Built target custom_interfaces__rosidl_typesupport_introspection_c
[2.264s] [ 61%] [32m[1mLinking CXX shared library libcustom_interfaces__rosidl_typesupport_cpp.so[0m
[2.299s] [ 61%] Built target custom_interfaces__rosidl_typesupport_cpp
[2.330s] [ 64%] [32m[1mLinking CXX shared library libcustom_interfaces__rosidl_typesupport_introspection_cpp.so[0m
[2.350s] [ 67%] [32m[1mLinking CXX shared library libcustom_interfaces__rosidl_typesupport_fastrtps_c.so[0m
[2.384s] [ 67%] Built target custom_interfaces__rosidl_typesupport_introspection_cpp
[2.406s] [ 67%] Built target custom_interfaces__rosidl_typesupport_fastrtps_c
[2.430s] [ 70%] [32m[1mLinking CXX shared library libcustom_interfaces__rosidl_typesupport_fastrtps_cpp.so[0m
[2.478s] [ 70%] Built target custom_interfaces__rosidl_typesupport_fastrtps_cpp
[2.491s] [ 70%] Built target custom_interfaces
[2.504s] [ 74%] [34m[1mGenerating Python code for ROS interfaces[0m
[3.307s] [ 74%] Built target custom_interfaces__py
[3.314s] [35m[1mConsolidate compiler generated dependencies of target custom_interfaces__rosidl_generator_py[0m
[3.323s] [ 77%] [32mBuilding C object CMakeFiles/custom_interfaces__rosidl_generator_py.dir/rosidl_generator_py/custom_interfaces/action/_navigate_to_aruco_s.c.o[0m
[3.434s] [ 80%] [32m[1mLinking C shared library rosidl_generator_py/custom_interfaces/libcustom_interfaces__rosidl_generator_py.so[0m
[3.464s] [ 80%] Built target custom_interfaces__rosidl_generator_py
[3.471s] [35m[1mConsolidate compiler generated dependencies of target custom_interfaces__rosidl_typesupport_c__pyext[0m
[3.472s] [35m[1mConsolidate compiler generated dependencies of target custom_interfaces__rosidl_typesupport_introspection_c__pyext[0m
[3.472s] [35m[1mConsolidate compiler generated dependencies of target custom_interfaces__rosidl_typesupport_fastrtps_c__pyext[0m
[3.481s] [ 87%] [32mBuilding C object CMakeFiles/custom_interfaces__rosidl_typesupport_introspection_c__pyext.dir/rosidl_generator_py/custom_interfaces/_custom_interfaces_s.ep.rosidl_typesupport_introspection_c.c.o[0m
[3.481s] [ 87%] [32mBuilding C object CMakeFiles/custom_interfaces__rosidl_typesupport_c__pyext.dir/rosidl_generator_py/custom_interfaces/_custom_interfaces_s.ep.rosidl_typesupport_c.c.o[0m
[3.481s] [ 90%] [32mBuilding C object CMakeFiles/custom_interfaces__rosidl_typesupport_fastrtps_c__pyext.dir/rosidl_generator_py/custom_interfaces/_custom_interfaces_s.ep.rosidl_typesupport_fastrtps_c.c.o[0m
[3.575s] [ 93%] [32m[1mLinking C shared library rosidl_generator_py/custom_interfaces/custom_interfaces_s__rosidl_typesupport_introspection_c.cpython-310-x86_64-linux-gnu.so[0m
[3.575s] [ 96%] [32m[1mLinking C shared library rosidl_generator_py/custom_interfaces/custom_interfaces_s__rosidl_typesupport_c.cpython-310-x86_64-linux-gnu.so[0m
[3.576s] [100%] [32m[1mLinking C shared library rosidl_generator_py/custom_interfaces/custom_interfaces_s__rosidl_typesupport_fastrtps_c.cpython-310-x86_64-linux-gnu.so[0m
[3.606s] [100%] Built target custom_interfaces__rosidl_typesupport_c__pyext
[3.607s] [100%] Built target custom_interfaces__rosidl_typesupport_introspection_c__pyext
[3.610s] [100%] Built target custom_interfaces__rosidl_typesupport_fastrtps_c__pyext
[3.619s] Invoked command in '/home/wayay/Ros/ROS2_Project/build/custom_interfaces' returned '0': CMAKE_PREFIX_PATH=/opt/ros/humble /usr/bin/cmake --build /home/wayay/Ros/ROS2_Project/build/custom_interfaces -- -j6 -l6
[3.626s] Invoking command in '/home/wayay/Ros/ROS2_Project/build/custom_interfaces': CMAKE_PREFIX_PATH=/opt/ros/humble /usr/bin/cmake --install /home/wayay/Ros/ROS2_Project/build/custom_interfaces
[3.631s] -- Install configuration: ""
[3.631s] -- Up-to-date: /home/wayay/Ros/ROS2_Project/install/custom_interfaces/share/ament_index/resource_index/rosidl_interfaces/custom_interfaces
[3.631s] -- Up-to-date: /home/wayay/Ros/ROS2_Project/install/custom_interfaces/include/custom_interfaces/custom_interfaces
[3.631s] -- Up-to-date: /home/wayay/Ros/ROS2_Project/install/custom_interfaces/include/custom_interfaces/custom_interfaces/msg
[3.631s] -- Up-to-date: /home/wayay/Ros/ROS2_Project/install/custom_interfaces/include/custom_interfaces/custom_interfaces/msg/rosidl_generator_c__visibility_control.h
[3.631s] -- Up-to-date: /home/wayay/Ros/ROS2_Project/install/custom_interfaces/include/custom_interfaces/custom_interfaces/action
[3.631s] -- Up-to-date: /home/wayay/Ros/ROS2_Project/install/custom_interfaces/include/custom_interfaces/custom_interfaces/action/detail
[3.631s] -- Installing: /home/wayay/Ros/ROS2_Project/install/custom_interfaces/include/custom_interfaces/custom_interfaces/action/detail/navigate_to_aruco__functions.c
[3.631s] -- Installing: /home/wayay/Ros/ROS2_Project/install/custom_interfaces/include/custom_interfaces/custom_interfaces/action/detail/navigate_to_aruco__struct.h
[3.631s] -- Installing: /home/wayay/Ros/ROS2_Project/install/custom_interfaces/include/custom_interfaces/custom_interfaces/action/detail/navigate_to_aruco__type_support.h
[3.631s] -- Installing: /home/wayay/Ros/ROS2_Project/install/custom_interfaces/include/custom_interfaces/custom_interfaces/action/detail/navigate_to_aruco__functions.h
[3.631s] -- Installing: /home/wayay/Ros/ROS2_Project/install/custom_interfaces/include/custom_interfaces/custom_interfaces/action/navigate_to_aruco.h
[3.631s] -- Up-to-date: /home/wayay/Ros/ROS2_Project/install/custom_interfaces/share/custom_interfaces/environment/library_path.sh
[3.632s] -- Installing: /home/wayay/Ros/ROS2_Project/install/custom_interfaces/share/custom_interfaces/environment/library_path.dsv
[3.632s] -- Installing: /home/wayay/Ros/ROS2_Project/install/custom_interfaces/lib/libcustom_interfaces__rosidl_generator_c.so
[3.632s] -- Set runtime path of "/home/wayay/Ros/ROS2_Project/install/custom_interfaces/lib/libcustom_interfaces__rosidl_generator_c.so" to ""
[3.632s] -- Up-to-date: /home/wayay/Ros/ROS2_Project/install/custom_interfaces/include/custom_interfaces/custom_interfaces
[3.632s] -- Up-to-date: /home/wayay/Ros/ROS2_Project/install/custom_interfaces/include/custom_interfaces/custom_interfaces/msg
[3.632s] -- Up-to-date: /home/wayay/Ros/ROS2_Project/install/custom_interfaces/include/custom_interfaces/custom_interfaces/msg/rosidl_typesupport_fastrtps_c__visibility_control.h
[3.632s] -- Up-to-date: /home/wayay/Ros/ROS2_Project/install/custom_interfaces/include/custom_interfaces/custom_interfaces/action
[3.632s] -- Up-to-date: /home/wayay/Ros/ROS2_Project/install/custom_interfaces/include/custom_interfaces/custom_interfaces/action/detail
[3.632s] -- Installing: /home/wayay/Ros/ROS2_Project/install/custom_interfaces/include/custom_interfaces/custom_interfaces/action/detail/navigate_to_aruco__rosidl_typesupport_fastrtps_c.h
[3.632s] -- Installing: /home/wayay/Ros/ROS2_Project/install/custom_interfaces/lib/libcustom_interfaces__rosidl_typesupport_fastrtps_c.so
[3.633s] -- Set runtime path of "/home/wayay/Ros/ROS2_Project/install/custom_interfaces/lib/libcustom_interfaces__rosidl_typesupport_fastrtps_c.so" to ""
[3.633s] -- Up-to-date: /home/wayay/Ros/ROS2_Project/install/custom_interfaces/include/custom_interfaces/custom_interfaces
[3.633s] -- Up-to-date: /home/wayay/Ros/ROS2_Project/install/custom_interfaces/include/custom_interfaces/custom_interfaces/msg
[3.633s] -- Up-to-date: /home/wayay/Ros/ROS2_Project/install/custom_interfaces/include/custom_interfaces/custom_interfaces/msg/rosidl_typesupport_introspection_c__visibility_control.h
[3.633s] -- Up-to-date: /home/wayay/Ros/ROS2_Project/install/custom_interfaces/include/custom_interfaces/custom_interfaces/action
[3.633s] -- Up-to-date: /home/wayay/Ros/ROS2_Project/install/custom_interfaces/include/custom_interfaces/custom_interfaces/action/detail
[3.633s] -- Installing: /home/wayay/Ros/ROS2_Project/install/custom_interfaces/include/custom_interfaces/custom_interfaces/action/detail/navigate_to_aruco__rosidl_typesupport_introspection_c.h
[3.633s] -- Installing: /home/wayay/Ros/ROS2_Project/install/custom_interfaces/include/custom_interfaces/custom_interfaces/action/detail/navigate_to_aruco__type_support.c
[3.633s] -- Installing: /home/wayay/Ros/ROS2_Project/install/custom_interfaces/lib/libcustom_interfaces__rosidl_typesupport_introspection_c.so
[3.633s] -- Set runtime path of "/home/wayay/Ros/ROS2_Project/install/custom_interfaces/lib/libcustom_interfaces__rosidl_typesupport_introspection_c.so" to ""
[3.633s] -- Installing: /home/wayay/Ros/ROS2_Project/install/custom_interfaces/lib/libcustom_interfaces__rosidl_typesupport_c.so
[3.634s] -- Set runtime path of "/home/wayay/Ros/ROS2_Project/install/custom_interfaces/lib/libcustom_interfaces__rosidl_typesupport_c.so" to ""
[3.634s] -- Up-to-date: /home/wayay/Ros/ROS2_Project/install/custom_interfaces/include/custom_interfaces/custom_interfaces
[3.634s] -- Up-to-date: /home/wayay/Ros/ROS2_Project/install/custom_interfaces/include/custom_interfaces/custom_interfaces/msg
[3.634s] -- Up-to-date: /home/wayay/Ros/ROS2_Project/install/custom_interfaces/include/custom_interfaces/custom_interfaces/msg/rosidl_generator_cpp__visibility_control.hpp
[3.634s] -- Up-to-date: /home/wayay/Ros/ROS2_Project/install/custom_interfaces/include/custom_interfaces/custom_interfaces/action
[3.634s] -- Up-to-date: /home/wayay/Ros/ROS2_Project/install/custom_interfaces/include/custom_interfaces/custom_interfaces/action/detail
[3.634s] -- Installing: /home/wayay/Ros/ROS2_Project/install/custom_interfaces/include/custom_interfaces/custom_interfaces/action/detail/navigate_to_aruco__type_support.hpp
[3.634s] -- Installing: /home/wayay/Ros/ROS2_Project/install/custom_interfaces/include/custom_interfaces/custom_interfaces/action/detail/navigate_to_aruco__traits.hpp
[3.634s] -- Installing: /home/wayay/Ros/ROS2_Project/install/custom_interfaces/include/custom_interfaces/custom_interfaces/action/detail/navigate_to_aruco__builder.hpp
[3.634s] -- Installing: /home/wayay/Ros/ROS2_Project/install/custom_interfaces/include/custom_interfaces/custom_interfaces/action/detail/navigate_to_aruco__struct.hpp
[3.634s] -- Installing: /home/wayay/Ros/ROS2_Project/install/custom_interfaces/include/custom_interfaces/custom_interfaces/action/navigate_to_aruco.hpp
[3.635s] -- Up-to-date: /home/wayay/Ros/ROS2_Project/install/custom_interfaces/include/custom_interfaces/custom_interfaces
[3.635s] -- Up-to-date: /home/wayay/Ros/ROS2_Project/install/custom_interfaces/include/custom_interfaces/custom_interfaces/msg
[3.635s] -- Up-to-date: /home/wayay/Ros/ROS2_Project/install/custom_interfaces/include/custom_interfaces/custom_interfaces/msg/rosidl_typesupport_fastrtps_cpp__visibility_control.h
[3.635s] -- Up-to-date: /home/wayay/Ros/ROS2_Project/install/custom_interfaces/include/custom_interfaces/custom_interfaces/action
[3.635s] -- Up-to-date: /home/wayay/Ros/ROS2_Project/install/custom_interfaces/include/custom_interfaces/custom_interfaces/action/detail
[3.635s] -- Installing: /home/wayay/Ros/ROS2_Project/install/custom_interfaces/include/custom_interfaces/custom_interfaces/action/detail/navigate_to_aruco__rosidl_typesupport_fastrtps_cpp.hpp
[3.635s] -- Up-to-date: /home/wayay/Ros/ROS2_Project/install/custom_interfaces/include/custom_interfaces/custom_interfaces/action/detail/dds_fastrtps
[3.635s] -- Installing: /home/wayay/Ros/ROS2_Project/install/custom_interfaces/lib/libcustom_interfaces__rosidl_typesupport_fastrtps_cpp.so
[3.636s] -- Set runtime path of "/home/wayay/Ros/ROS2_Project/install/custom_interfaces/lib/libcustom_interfaces__rosidl_typesupport_fastrtps_cpp.so" to ""
[3.636s] -- Up-to-date: /home/wayay/Ros/ROS2_Project/install/custom_interfaces/include/custom_interfaces/custom_interfaces
[3.636s] -- Up-to-date: /home/wayay/Ros/ROS2_Project/install/custom_interfaces/include/custom_interfaces/custom_interfaces/action
[3.636s] -- Up-to-date: /home/wayay/Ros/ROS2_Project/install/custom_interfaces/include/custom_interfaces/custom_interfaces/action/detail
[3.636s] -- Installing: /home/wayay/Ros/ROS2_Project/install/custom_interfaces/include/custom_interfaces/custom_interfaces/action/detail/navigate_to_aruco__type_support.cpp
[3.636s] -- Installing: /home/wayay/Ros/ROS2_Project/install/custom_interfaces/include/custom_interfaces/custom_interfaces/action/detail/navigate_to_aruco__rosidl_typesupport_introspection_cpp.hpp
[3.636s] -- Installing: /home/wayay/Ros/ROS2_Project/install/custom_interfaces/lib/libcustom_interfaces__rosidl_typesupport_introspection_cpp.so
[3.636s] -- Set runtime path of "/home/wayay/Ros/ROS2_Project/install/custom_interfaces/lib/libcustom_interfaces__rosidl_typesupport_introspection_cpp.so" to ""
[3.636s] -- Installing: /home/wayay/Ros/ROS2_Project/install/custom_interfaces/lib/libcustom_interfaces__rosidl_typesupport_cpp.so
[3.636s] -- Set runtime path of "/home/wayay/Ros/ROS2_Project/install/custom_interfaces/lib/libcustom_interfaces__rosidl_typesupport_cpp.so" to ""
[3.636s] -- Up-to-date: /home/wayay/Ros/ROS2_Project/install/custom_interfaces/share/custom_interfaces/environment/pythonpath.sh
[3.636s] -- Installing: /home/wayay/Ros/ROS2_Project/install/custom_interfaces/share/custom_interfaces/environment/pythonpath.dsv
[3.636s] -- Up-to-date: /home/wayay/Ros/ROS2_Project/install/custom_interfaces/local/lib/python3.10/dist-packages/custom_interfaces-0.0.0-py3.10.egg-info
[3.636s] -- Installing: /home/wayay/Ros/ROS2_Project/install/custom_interfaces/local/lib/python3.10/dist-packages/custom_interfaces-0.0.0-py3.10.egg-info/dependency_links.txt
[3.637s] -- Installing: /home/wayay/Ros/ROS2_Project/install/custom_interfaces/local/lib/python3.10/dist-packages/custom_interfaces-0.0.0-py3.10.egg-info/PKG-INFO
[3.637s] -- Installing: /home/wayay/Ros/ROS2_Project/install/custom_interfaces/local/lib/python3.10/dist-packages/custom_interfaces-0.0.0-py3.10.egg-info/top_level.txt
[3.637s] -- Installing: /home/wayay/Ros/ROS2_Project/install/custom_interfaces/local/lib/python3.10/dist-packages/custom_interfaces-0.0.0-py3.10.egg-info/SOURCES.txt
[3.637s] -- Up-to-date: /home/wayay/Ros/ROS2_Project/install/custom_interfaces/local/lib/python3.10/dist-packages/custom_interfaces
[3.637s] -- Installing: /home/wayay/Ros/ROS2_Project/install/custom_interfaces/local/lib/python3.10/dist-packages/custom_interfaces/custom_interfaces_s__rosidl_typesupport_c.cpython-310-x86_64-linux-gnu.so
[3.637s] -- Installing: /home/wayay/Ros/ROS2_Project/install/custom_interfaces/local/lib/python3.10/dist-packages/custom_interfaces/_custom_interfaces_s.ep.rosidl_typesupport_introspection_c.c
[3.637s] -- Installing: /home/wayay/Ros/ROS2_Project/install/custom_interfaces/local/lib/python3.10/dist-packages/custom_interfaces/libcustom_interfaces__rosidl_generator_py.so
[3.637s] -- Installing: /home/wayay/Ros/ROS2_Project/install/custom_interfaces/local/lib/python3.10/dist-packages/custom_interfaces/_custom_interfaces_s.ep.rosidl_typesupport_fastrtps_c.c
[3.637s] -- Installing: /home/wayay/Ros/ROS2_Project/install/custom_interfaces/local/lib/python3.10/dist-packages/custom_interfaces/custom_interfaces_s__rosidl_typesupport_fastrtps_c.cpython-310-x86_64-linux-gnu.so
[3.637s] -- Up-to-date: /home/wayay/Ros/ROS2_Project/install/custom_interfaces/local/lib/python3.10/dist-packages/custom_interfaces/action
[3.637s] -- Installing: /home/wayay/Ros/ROS2_Project/install/custom_interfaces/local/lib/python3.10/dist-packages/custom_interfaces/action/_navigate_to_aruco.py
[3.637s] -- Installing: /home/wayay/Ros/ROS2_Project/install/custom_interfaces/local/lib/python3.10/dist-packages/custom_interfaces/action/_navigate_to_aruco_s.c
[3.638s] -- Installing: /home/wayay/Ros/ROS2_Project/install/custom_interfaces/local/lib/python3.10/dist-packages/custom_interfaces/action/__init__.py
[3.638s] -- Installing: /home/wayay/Ros/ROS2_Project/install/custom_interfaces/local/lib/python3.10/dist-packages/custom_interfaces/__init__.py
[3.638s] -- Installing: /home/wayay/Ros/ROS2_Project/install/custom_interfaces/local/lib/python3.10/dist-packages/custom_interfaces/_custom_interfaces_s.ep.rosidl_typesupport_c.c
[3.638s] -- Installing: /home/wayay/Ros/ROS2_Project/install/custom_interfaces/local/lib/python3.10/dist-packages/custom_interfaces/custom_interfaces_s__rosidl_typesupport_introspection_c.cpython-310-x86_64-linux-gnu.so
[3.668s] Listing '/home/wayay/Ros/ROS2_Project/install/custom_interfaces/local/lib/python3.10/dist-packages/custom_interfaces'...
[3.668s] Compiling '/home/wayay/Ros/ROS2_Project/install/custom_interfaces/local/lib/python3.10/dist-packages/custom_interfaces/__init__.py'...
[3.668s] Listing '/home/wayay/Ros/ROS2_Project/install/custom_interfaces/local/lib/python3.10/dist-packages/custom_interfaces/action'...
[3.668s] Compiling '/home/wayay/Ros/ROS2_Project/install/custom_interfaces/local/lib/python3.10/dist-packages/custom_interfaces/action/__init__.py'...
[3.668s] Compiling '/home/wayay/Ros/ROS2_Project/install/custom_interfaces/local/lib/python3.10/dist-packages/custom_interfaces/action/_navigate_to_aruco.py'...
[3.673s] -- Installing: /home/wayay/Ros/ROS2_Project/install/custom_interfaces/local/lib/python3.10/dist-packages/custom_interfaces/custom_interfaces_s__rosidl_typesupport_fastrtps_c.cpython-310-x86_64-linux-gnu.so
[3.673s] -- Set runtime path of "/home/wayay/Ros/ROS2_Project/install/custom_interfaces/local/lib/python3.10/dist-packages/custom_interfaces/custom_interfaces_s__rosidl_typesupport_fastrtps_c.cpython-310-x86_64-linux-gnu.so" to ""
[3.673s] -- Installing: /home/wayay/Ros/ROS2_Project/install/custom_interfaces/local/lib/python3.10/dist-packages/custom_interfaces/custom_interfaces_s__rosidl_typesupport_introspection_c.cpython-310-x86_64-linux-gnu.so
[3.674s] -- Set runtime path of "/home/wayay/Ros/ROS2_Project/install/custom_interfaces/local/lib/python3.10/dist-packages/custom_interfaces/custom_interfaces_s__rosidl_typesupport_introspection_c.cpython-310-x86_64-linux-gnu.so" to ""
[3.674s] -- Installing: /home/wayay/Ros/ROS2_Project/install/custom_interfaces/local/lib/python3.10/dist-packages/custom_interfaces/custom_interfaces_s__rosidl_typesupport_c.cpython-310-x86_64-linux-gnu.so
[3.674s] -- Set runtime path of "/home/wayay/Ros/ROS2_Project/install/custom_interfaces/local/lib/python3.10/dist-packages/custom_interfaces/custom_interfaces_s__rosidl_typesupport_c.cpython-310-x86_64-linux-gnu.so" to ""
[3.674s] -- Installing: /home/wayay/Ros/ROS2_Project/install/custom_interfaces/lib/libcustom_interfaces__rosidl_generator_py.so
[3.674s] -- Set runtime path of "/home/wayay/Ros/ROS2_Project/install/custom_interfaces/lib/libcustom_interfaces__rosidl_generator_py.so" to ""
[3.674s] -- Installing: /home/wayay/Ros/ROS2_Project/install/custom_interfaces/share/custom_interfaces/action/NavigateToAruco.idl
[3.675s] -- Installing: /home/wayay/Ros/ROS2_Project/install/custom_interfaces/share/custom_interfaces/action/NavigateToAruco.action
[3.675s] -- Up-to-date: /home/wayay/Ros/ROS2_Project/install/custom_interfaces/share/ament_index/resource_index/package_run_dependencies/custom_interfaces
[3.675s] -- Installing: /home/wayay/Ros/ROS2_Project/install/custom_interfaces/share/ament_index/resource_index/parent_prefix_path/custom_interfaces
[3.675s] -- Up-to-date: /home/wayay/Ros/ROS2_Project/install/custom_interfaces/share/custom_interfaces/environment/ament_prefix_path.sh
[3.675s] -- Installing: /home/wayay/Ros/ROS2_Project/install/custom_interfaces/share/custom_interfaces/environment/ament_prefix_path.dsv
[3.675s] -- Up-to-date: /home/wayay/Ros/ROS2_Project/install/custom_interfaces/share/custom_interfaces/environment/path.sh
[3.675s] -- Installing: /home/wayay/Ros/ROS2_Project/install/custom_interfaces/share/custom_interfaces/environment/path.dsv
[3.675s] -- Up-to-date: /home/wayay/Ros/ROS2_Project/install/custom_interfaces/share/custom_interfaces/local_setup.bash
[3.675s] -- Up-to-date: /home/wayay/Ros/ROS2_Project/install/custom_interfaces/share/custom_interfaces/local_setup.sh
[3.675s] -- Up-to-date: /home/wayay/Ros/ROS2_Project/install/custom_interfaces/share/custom_interfaces/local_setup.zsh
[3.675s] -- Installing: /home/wayay/Ros/ROS2_Project/install/custom_interfaces/share/custom_interfaces/local_setup.dsv
[3.675s] -- Installing: /home/wayay/Ros/ROS2_Project/install/custom_interfaces/share/custom_interfaces/package.dsv
[3.675s] -- Up-to-date: /home/wayay/Ros/ROS2_Project/install/custom_interfaces/share/ament_index/resource_index/packages/custom_interfaces
[3.675s] -- Up-to-date: /home/wayay/Ros/ROS2_Project/install/custom_interfaces/share/custom_interfaces/cmake/export_custom_interfaces__rosidl_generator_cExport.cmake
[3.676s] -- Up-to-date: /home/wayay/Ros/ROS2_Project/install/custom_interfaces/share/custom_interfaces/cmake/export_custom_interfaces__rosidl_generator_cExport-noconfig.cmake
[3.676s] -- Up-to-date: /home/wayay/Ros/ROS2_Project/install/custom_interfaces/share/custom_interfaces/cmake/export_custom_interfaces__rosidl_typesupport_fastrtps_cExport.cmake
[3.676s] -- Up-to-date: /home/wayay/Ros/ROS2_Project/install/custom_interfaces/share/custom_interfaces/cmake/export_custom_interfaces__rosidl_typesupport_fastrtps_cExport-noconfig.cmake
[3.676s] -- Up-to-date: /home/wayay/Ros/ROS2_Project/install/custom_interfaces/share/custom_interfaces/cmake/custom_interfaces__rosidl_typesupport_introspection_cExport.cmake
[3.676s] -- Up-to-date: /home/wayay/Ros/ROS2_Project/install/custom_interfaces/share/custom_interfaces/cmake/custom_interfaces__rosidl_typesupport_introspection_cExport-noconfig.cmake
[3.676s] -- Up-to-date: /home/wayay/Ros/ROS2_Project/install/custom_interfaces/share/custom_interfaces/cmake/custom_interfaces__rosidl_typesupport_cExport.cmake
[3.676s] -- Up-to-date: /home/wayay/Ros/ROS2_Project/install/custom_interfaces/share/custom_interfaces/cmake/custom_interfaces__rosidl_typesupport_cExport-noconfig.cmake
[3.676s] -- Up-to-date: /home/wayay/Ros/ROS2_Project/install/custom_interfaces/share/custom_interfaces/cmake/export_custom_interfaces__rosidl_generator_cppExport.cmake
[3.676s] -- Up-to-date: /home/wayay/Ros/ROS2_Project/install/custom_interfaces/share/custom_interfaces/cmake/export_custom_interfaces__rosidl_typesupport_fastrtps_cppExport.cmake
[3.676s] -- Up-to-date: /home/wayay/Ros/ROS2_Project/install/custom_interfaces/share/custom_interfaces/cmake/export_custom_interfaces__rosidl_typesupport_fastrtps_cppExport-noconfig.cmake
[3.676s] -- Up-to-date: /home/wayay/Ros/ROS2_Project/install/custom_interfaces/share/custom_interfaces/cmake/custom_interfaces__rosidl_typesupport_introspection_cppExport.cmake
[3.676s] -- Up-to-date: /home/wayay/Ros/ROS2_Project/install/custom_interfaces/share/custom_interfaces/cmake/custom_interfaces__rosidl_typesupport_introspection_cppExport-noconfig.cmake
[3.676s] -- Up-to-date: /home/wayay/Ros/ROS2_Project/install/custom_interfaces/share/custom_interfaces/cmake/custom_interfaces__rosidl_typesupport_cppExport.cmake
[3.677s] -- Up-to-date: /home/wayay/Ros/ROS2_Project/install/custom_interfaces/share/custom_interfaces/cmake/custom_interfaces__rosidl_typesupport_cppExport-noconfig.cmake
[3.677s] -- Up-to-date: /home/wayay/Ros/ROS2_Project/install/custom_interfaces/share/custom_interfaces/cmake/export_custom_interfaces__rosidl_generator_pyExport.cmake
[3.677s] -- Up-to-date: /home/wayay/Ros/ROS2_Project/install/custom_interfaces/share/custom_interfaces/cmake/export_custom_interfaces__rosidl_generator_pyExport-noconfig.cmake
[3.677s] -- Up-to-date: /home/wayay/Ros/ROS2_Project/install/custom_interfaces/share/custom_interfaces/cmake/rosidl_cmake-extras.cmake
[3.677s] -- Up-to-date: /home/wayay/Ros/ROS2_Project/install/custom_interfaces/share/custom_interfaces/cmake/ament_cmake_export_dependencies-extras.cmake
[3.677s] -- Up-to-date: /home/wayay/Ros/ROS2_Project/install/custom_interfaces/share/custom_interfaces/cmake/ament_cmake_export_include_directories-extras.cmake
[3.677s] -- Up-to-date: /home/wayay/Ros/ROS2_Project/install/custom_interfaces/share/custom_interfaces/cmake/ament_cmake_export_libraries-extras.cmake
[3.677s] -- Up-to-date: /home/wayay/Ros/ROS2_Project/install/custom_interfaces/share/custom_interfaces/cmake/ament_cmake_export_targets-extras.cmake
[3.677s] -- Up-to-date: /home/wayay/Ros/ROS2_Project/install/custom_interfaces/share/custom_interfaces/cmake/rosidl_cmake_export_typesupport_targets-extras.cmake
[3.677s] -- Up-to-date: /home/wayay/Ros/ROS2_Project/install/custom_interfaces/share/custom_interfaces/cmake/rosidl_cmake_export_typesupport_libraries-extras.cmake
[3.677s] -- Up-to-date: /home/wayay/Ros/ROS2_Project/install/custom_interfaces/share/custom_interfaces/cmake/custom_interfacesConfig.cmake
[3.677s] -- Up-to-date: /home/wayay/Ros/ROS2_Project/install/custom_interfaces/share/custom_interfaces/cmake/custom_interfacesConfig-version.cmake
[3.677s] -- Up-to-date: /home/wayay/Ros/ROS2_Project/install/custom_interfaces/share/custom_interfaces/package.xml
[3.678s] Invoked command in '/home/wayay/Ros/ROS2_Project/build/custom_interfaces' returned '0': CMAKE_PREFIX_PATH=/opt/ros/humble /usr/bin/cmake --install /home/wayay/Ros/ROS2_Project/build/custom_interfaces
