[0.081s] DEBUG:colcon:Command line arguments: ['/usr/bin/colcon', 'build', '--symlink-install']
[0.081s] DEBUG:colcon:Parsed command line arguments: Namespace(log_base=None, log_level=None, verb_name='build', build_base='build', install_base='install', merge_install=False, symlink_install=True, test_result_base=None, continue_on_error=False, executor='parallel', parallel_workers=6, event_handlers=None, ignore_user_meta=False, metas=['./colcon.meta'], base_paths=['.'], packages_ignore=None, packages_ignore_regex=None, paths=None, packages_up_to=None, packages_up_to_regex=None, packages_above=None, packages_above_and_dependencies=None, packages_above_depth=None, packages_select_by_dep=None, packages_skip_by_dep=None, packages_skip_up_to=None, packages_select_build_failed=False, packages_skip_build_finished=False, packages_select_test_failures=False, packages_skip_test_passed=False, packages_select=None, packages_skip=None, packages_select_regex=None, packages_skip_regex=None, packages_start=None, packages_end=None, allow_overriding=[], cmake_args=None, cmake_target=None, cmake_target_skip_unavailable=False, cmake_clean_cache=False, cmake_clean_first=False, cmake_force_configure=False, ament_cmake_args=None, catkin_cmake_args=None, catkin_skip_building_tests=False, mixin_files=None, mixin=None, verb_parser=<colcon_mixin.mixin.mixin_argument.MixinArgumentDecorator object at 0x7f8be1ac6e30>, verb_extension=<colcon_core.verb.build.BuildVerb object at 0x7f8be1ac6860>, main=<bound method BuildVerb.main of <colcon_core.verb.build.BuildVerb object at 0x7f8be1ac6860>>, mixin_verb=('build',))
[0.207s] Level 1:colcon.colcon_core.package_discovery:discover_packages(colcon_meta) check parameters
[0.207s] Level 1:colcon.colcon_core.package_discovery:discover_packages(recursive) check parameters
[0.207s] Level 1:colcon.colcon_core.package_discovery:discover_packages(ignore) check parameters
[0.207s] Level 1:colcon.colcon_core.package_discovery:discover_packages(path) check parameters
[0.207s] Level 1:colcon.colcon_core.package_discovery:discover_packages(colcon_meta) discover
[0.207s] Level 1:colcon.colcon_core.package_discovery:discover_packages(recursive) discover
[0.207s] INFO:colcon.colcon_core.package_discovery:Crawling recursively for packages in '/home/wayay/mixed'
[0.207s] Level 1:colcon.colcon_core.package_identification:_identify(.) by extensions ['ignore', 'ignore_ament_install']
[0.207s] Level 1:colcon.colcon_core.package_identification:_identify(.) by extension 'ignore'
[0.207s] Level 1:colcon.colcon_core.package_identification:_identify(.) by extension 'ignore_ament_install'
[0.207s] Level 1:colcon.colcon_core.package_identification:_identify(.) by extensions ['colcon_pkg']
[0.207s] Level 1:colcon.colcon_core.package_identification:_identify(.) by extension 'colcon_pkg'
[0.207s] Level 1:colcon.colcon_core.package_identification:_identify(.) by extensions ['colcon_meta']
[0.207s] Level 1:colcon.colcon_core.package_identification:_identify(.) by extension 'colcon_meta'
[0.207s] Level 1:colcon.colcon_core.package_identification:_identify(.) by extensions ['ros']
[0.207s] Level 1:colcon.colcon_core.package_identification:_identify(.) by extension 'ros'
[0.215s] Level 1:colcon.colcon_core.package_identification:_identify(.) by extensions ['cmake', 'python']
[0.215s] Level 1:colcon.colcon_core.package_identification:_identify(.) by extension 'cmake'
[0.215s] Level 1:colcon.colcon_core.package_identification:_identify(.) by extension 'python'
[0.215s] Level 1:colcon.colcon_core.package_identification:_identify(.) by extensions ['python_setup_py']
[0.215s] Level 1:colcon.colcon_core.package_identification:_identify(.) by extension 'python_setup_py'
[0.215s] Level 1:colcon.colcon_core.package_identification:_identify(build) by extensions ['ignore', 'ignore_ament_install']
[0.215s] Level 1:colcon.colcon_core.package_identification:_identify(build) by extension 'ignore'
[0.215s] Level 1:colcon.colcon_core.package_identification:_identify(build) ignored
[0.215s] Level 1:colcon.colcon_core.package_identification:_identify(install) by extensions ['ignore', 'ignore_ament_install']
[0.215s] Level 1:colcon.colcon_core.package_identification:_identify(install) by extension 'ignore'
[0.215s] Level 1:colcon.colcon_core.package_identification:_identify(install) ignored
[0.215s] Level 1:colcon.colcon_core.package_identification:_identify(launch) by extensions ['ignore', 'ignore_ament_install']
[0.216s] Level 1:colcon.colcon_core.package_identification:_identify(launch) by extension 'ignore'
[0.216s] Level 1:colcon.colcon_core.package_identification:_identify(launch) by extension 'ignore_ament_install'
[0.216s] Level 1:colcon.colcon_core.package_identification:_identify(launch) by extensions ['colcon_pkg']
[0.216s] Level 1:colcon.colcon_core.package_identification:_identify(launch) by extension 'colcon_pkg'
[0.216s] Level 1:colcon.colcon_core.package_identification:_identify(launch) by extensions ['colcon_meta']
[0.216s] Level 1:colcon.colcon_core.package_identification:_identify(launch) by extension 'colcon_meta'
[0.216s] Level 1:colcon.colcon_core.package_identification:_identify(launch) by extensions ['ros']
[0.216s] Level 1:colcon.colcon_core.package_identification:_identify(launch) by extension 'ros'
[0.216s] Level 1:colcon.colcon_core.package_identification:_identify(launch) by extensions ['cmake', 'python']
[0.216s] Level 1:colcon.colcon_core.package_identification:_identify(launch) by extension 'cmake'
[0.216s] Level 1:colcon.colcon_core.package_identification:_identify(launch) by extension 'python'
[0.216s] Level 1:colcon.colcon_core.package_identification:_identify(launch) by extensions ['python_setup_py']
[0.216s] Level 1:colcon.colcon_core.package_identification:_identify(launch) by extension 'python_setup_py'
[0.216s] Level 1:colcon.colcon_core.package_identification:_identify(launch/__pycache__) by extensions ['ignore', 'ignore_ament_install']
[0.216s] Level 1:colcon.colcon_core.package_identification:_identify(launch/__pycache__) by extension 'ignore'
[0.216s] Level 1:colcon.colcon_core.package_identification:_identify(launch/__pycache__) by extension 'ignore_ament_install'
[0.216s] Level 1:colcon.colcon_core.package_identification:_identify(launch/__pycache__) by extensions ['colcon_pkg']
[0.216s] Level 1:colcon.colcon_core.package_identification:_identify(launch/__pycache__) by extension 'colcon_pkg'
[0.216s] Level 1:colcon.colcon_core.package_identification:_identify(launch/__pycache__) by extensions ['colcon_meta']
[0.216s] Level 1:colcon.colcon_core.package_identification:_identify(launch/__pycache__) by extension 'colcon_meta'
[0.216s] Level 1:colcon.colcon_core.package_identification:_identify(launch/__pycache__) by extensions ['ros']
[0.216s] Level 1:colcon.colcon_core.package_identification:_identify(launch/__pycache__) by extension 'ros'
[0.216s] Level 1:colcon.colcon_core.package_identification:_identify(launch/__pycache__) by extensions ['cmake', 'python']
[0.216s] Level 1:colcon.colcon_core.package_identification:_identify(launch/__pycache__) by extension 'cmake'
[0.216s] Level 1:colcon.colcon_core.package_identification:_identify(launch/__pycache__) by extension 'python'
[0.216s] Level 1:colcon.colcon_core.package_identification:_identify(launch/__pycache__) by extensions ['python_setup_py']
[0.216s] Level 1:colcon.colcon_core.package_identification:_identify(launch/__pycache__) by extension 'python_setup_py'
[0.216s] Level 1:colcon.colcon_core.package_identification:_identify(log) by extensions ['ignore', 'ignore_ament_install']
[0.216s] Level 1:colcon.colcon_core.package_identification:_identify(log) by extension 'ignore'
[0.217s] Level 1:colcon.colcon_core.package_identification:_identify(log) ignored
[0.217s] Level 1:colcon.colcon_core.package_identification:_identify(maps) by extensions ['ignore', 'ignore_ament_install']
[0.217s] Level 1:colcon.colcon_core.package_identification:_identify(maps) by extension 'ignore'
[0.217s] Level 1:colcon.colcon_core.package_identification:_identify(maps) by extension 'ignore_ament_install'
[0.217s] Level 1:colcon.colcon_core.package_identification:_identify(maps) by extensions ['colcon_pkg']
[0.217s] Level 1:colcon.colcon_core.package_identification:_identify(maps) by extension 'colcon_pkg'
[0.217s] Level 1:colcon.colcon_core.package_identification:_identify(maps) by extensions ['colcon_meta']
[0.217s] Level 1:colcon.colcon_core.package_identification:_identify(maps) by extension 'colcon_meta'
[0.217s] Level 1:colcon.colcon_core.package_identification:_identify(maps) by extensions ['ros']
[0.217s] Level 1:colcon.colcon_core.package_identification:_identify(maps) by extension 'ros'
[0.217s] Level 1:colcon.colcon_core.package_identification:_identify(maps) by extensions ['cmake', 'python']
[0.217s] Level 1:colcon.colcon_core.package_identification:_identify(maps) by extension 'cmake'
[0.217s] Level 1:colcon.colcon_core.package_identification:_identify(maps) by extension 'python'
[0.217s] Level 1:colcon.colcon_core.package_identification:_identify(maps) by extensions ['python_setup_py']
[0.217s] Level 1:colcon.colcon_core.package_identification:_identify(maps) by extension 'python_setup_py'
[0.217s] Level 1:colcon.colcon_core.package_identification:_identify(src) by extensions ['ignore', 'ignore_ament_install']
[0.217s] Level 1:colcon.colcon_core.package_identification:_identify(src) by extension 'ignore'
[0.217s] Level 1:colcon.colcon_core.package_identification:_identify(src) by extension 'ignore_ament_install'
[0.217s] Level 1:colcon.colcon_core.package_identification:_identify(src) by extensions ['colcon_pkg']
[0.217s] Level 1:colcon.colcon_core.package_identification:_identify(src) by extension 'colcon_pkg'
[0.217s] Level 1:colcon.colcon_core.package_identification:_identify(src) by extensions ['colcon_meta']
[0.217s] Level 1:colcon.colcon_core.package_identification:_identify(src) by extension 'colcon_meta'
[0.217s] Level 1:colcon.colcon_core.package_identification:_identify(src) by extensions ['ros']
[0.217s] Level 1:colcon.colcon_core.package_identification:_identify(src) by extension 'ros'
[0.217s] Level 1:colcon.colcon_core.package_identification:_identify(src) by extensions ['cmake', 'python']
[0.217s] Level 1:colcon.colcon_core.package_identification:_identify(src) by extension 'cmake'
[0.217s] Level 1:colcon.colcon_core.package_identification:_identify(src) by extension 'python'
[0.217s] Level 1:colcon.colcon_core.package_identification:_identify(src) by extensions ['python_setup_py']
[0.217s] Level 1:colcon.colcon_core.package_identification:_identify(src) by extension 'python_setup_py'
[0.217s] Level 1:colcon.colcon_core.package_identification:_identify(src/blue_line_follower) by extensions ['ignore', 'ignore_ament_install']
[0.218s] Level 1:colcon.colcon_core.package_identification:_identify(src/blue_line_follower) by extension 'ignore'
[0.218s] Level 1:colcon.colcon_core.package_identification:_identify(src/blue_line_follower) by extension 'ignore_ament_install'
[0.218s] Level 1:colcon.colcon_core.package_identification:_identify(src/blue_line_follower) by extensions ['colcon_pkg']
[0.218s] Level 1:colcon.colcon_core.package_identification:_identify(src/blue_line_follower) by extension 'colcon_pkg'
[0.218s] Level 1:colcon.colcon_core.package_identification:_identify(src/blue_line_follower) by extensions ['colcon_meta']
[0.218s] Level 1:colcon.colcon_core.package_identification:_identify(src/blue_line_follower) by extension 'colcon_meta'
[0.218s] Level 1:colcon.colcon_core.package_identification:_identify(src/blue_line_follower) by extensions ['ros']
[0.218s] Level 1:colcon.colcon_core.package_identification:_identify(src/blue_line_follower) by extension 'ros'
[0.220s] DEBUG:colcon.colcon_core.package_identification:Package 'src/blue_line_follower' with type 'ros.ament_python' and name 'blue_line_follower'
[0.220s] Level 1:colcon.colcon_core.package_identification:_identify(src/custom_interfaces) by extensions ['ignore', 'ignore_ament_install']
[0.220s] Level 1:colcon.colcon_core.package_identification:_identify(src/custom_interfaces) by extension 'ignore'
[0.220s] Level 1:colcon.colcon_core.package_identification:_identify(src/custom_interfaces) by extension 'ignore_ament_install'
[0.220s] Level 1:colcon.colcon_core.package_identification:_identify(src/custom_interfaces) by extensions ['colcon_pkg']
[0.220s] Level 1:colcon.colcon_core.package_identification:_identify(src/custom_interfaces) by extension 'colcon_pkg'
[0.221s] Level 1:colcon.colcon_core.package_identification:_identify(src/custom_interfaces) by extensions ['colcon_meta']
[0.221s] Level 1:colcon.colcon_core.package_identification:_identify(src/custom_interfaces) by extension 'colcon_meta'
[0.221s] Level 1:colcon.colcon_core.package_identification:_identify(src/custom_interfaces) by extensions ['ros']
[0.221s] Level 1:colcon.colcon_core.package_identification:_identify(src/custom_interfaces) by extension 'ros'
[0.221s] DEBUG:colcon.colcon_core.package_identification:Package 'src/custom_interfaces' with type 'ros.ament_cmake' and name 'custom_interfaces'
[0.221s] Level 1:colcon.colcon_core.package_identification:_identify(src/my_robot_controller) by extensions ['ignore', 'ignore_ament_install']
[0.221s] Level 1:colcon.colcon_core.package_identification:_identify(src/my_robot_controller) by extension 'ignore'
[0.221s] Level 1:colcon.colcon_core.package_identification:_identify(src/my_robot_controller) by extension 'ignore_ament_install'
[0.221s] Level 1:colcon.colcon_core.package_identification:_identify(src/my_robot_controller) by extensions ['colcon_pkg']
[0.221s] Level 1:colcon.colcon_core.package_identification:_identify(src/my_robot_controller) by extension 'colcon_pkg'
[0.221s] Level 1:colcon.colcon_core.package_identification:_identify(src/my_robot_controller) by extensions ['colcon_meta']
[0.221s] Level 1:colcon.colcon_core.package_identification:_identify(src/my_robot_controller) by extension 'colcon_meta'
[0.221s] Level 1:colcon.colcon_core.package_identification:_identify(src/my_robot_controller) by extensions ['ros']
[0.221s] Level 1:colcon.colcon_core.package_identification:_identify(src/my_robot_controller) by extension 'ros'
[0.223s] DEBUG:colcon.colcon_core.package_identification:Package 'src/my_robot_controller' with type 'ros.ament_cmake' and name 'my_robot_controller'
[0.223s] Level 1:colcon.colcon_core.package_identification:_identify(worlds) by extensions ['ignore', 'ignore_ament_install']
[0.223s] Level 1:colcon.colcon_core.package_identification:_identify(worlds) by extension 'ignore'
[0.223s] Level 1:colcon.colcon_core.package_identification:_identify(worlds) by extension 'ignore_ament_install'
[0.223s] Level 1:colcon.colcon_core.package_identification:_identify(worlds) by extensions ['colcon_pkg']
[0.223s] Level 1:colcon.colcon_core.package_identification:_identify(worlds) by extension 'colcon_pkg'
[0.223s] Level 1:colcon.colcon_core.package_identification:_identify(worlds) by extensions ['colcon_meta']
[0.223s] Level 1:colcon.colcon_core.package_identification:_identify(worlds) by extension 'colcon_meta'
[0.223s] Level 1:colcon.colcon_core.package_identification:_identify(worlds) by extensions ['ros']
[0.223s] Level 1:colcon.colcon_core.package_identification:_identify(worlds) by extension 'ros'
[0.223s] Level 1:colcon.colcon_core.package_identification:_identify(worlds) by extensions ['cmake', 'python']
[0.223s] Level 1:colcon.colcon_core.package_identification:_identify(worlds) by extension 'cmake'
[0.223s] Level 1:colcon.colcon_core.package_identification:_identify(worlds) by extension 'python'
[0.223s] Level 1:colcon.colcon_core.package_identification:_identify(worlds) by extensions ['python_setup_py']
[0.223s] Level 1:colcon.colcon_core.package_identification:_identify(worlds) by extension 'python_setup_py'
[0.223s] Level 1:colcon.colcon_core.package_discovery:discover_packages(recursive) using defaults
[0.223s] Level 1:colcon.colcon_core.package_discovery:discover_packages(ignore) discover
[0.223s] Level 1:colcon.colcon_core.package_discovery:discover_packages(ignore) using defaults
[0.223s] Level 1:colcon.colcon_core.package_discovery:discover_packages(path) discover
[0.223s] Level 1:colcon.colcon_core.package_discovery:discover_packages(path) using defaults
[0.244s] Level 1:colcon.colcon_core.package_discovery:discover_packages(prefix_path) check parameters
[0.244s] Level 1:colcon.colcon_core.package_discovery:discover_packages(prefix_path) discover
[0.245s] WARNING:colcon.colcon_ros.prefix_path.ament:The path '/home/wayay/mixed/install/my_robot_controller' in the environment variable AMENT_PREFIX_PATH doesn't exist
[0.245s] WARNING:colcon.colcon_ros.prefix_path.ament:The path '/home/wayay/mixed/install/blue_line_follower' in the environment variable AMENT_PREFIX_PATH doesn't exist
[0.245s] WARNING:colcon.colcon_ros.prefix_path.ament:The path '/home/wayay/mixed/install/custom_interfaces' in the environment variable AMENT_PREFIX_PATH doesn't exist
[0.245s] WARNING:colcon.colcon_ros.prefix_path.catkin:The path '/home/wayay/mixed/install/my_robot_controller' in the environment variable CMAKE_PREFIX_PATH doesn't exist
[0.245s] WARNING:colcon.colcon_ros.prefix_path.catkin:The path '/home/wayay/mixed/install/custom_interfaces' in the environment variable CMAKE_PREFIX_PATH doesn't exist
[0.245s] DEBUG:colcon.colcon_installed_package_information.package_discovery:Found 0 installed packages in /home/wayay/mixed/install
[0.246s] DEBUG:colcon.colcon_installed_package_information.package_discovery:Found 374 installed packages in /opt/ros/humble
[0.248s] Level 1:colcon.colcon_core.package_discovery:discover_packages(prefix_path) using defaults
[0.281s] Level 5:colcon.colcon_core.verb:set package 'custom_interfaces' build argument 'cmake_args' from command line to 'None'
[0.281s] Level 5:colcon.colcon_core.verb:set package 'custom_interfaces' build argument 'cmake_target' from command line to 'None'
[0.281s] Level 5:colcon.colcon_core.verb:set package 'custom_interfaces' build argument 'cmake_target_skip_unavailable' from command line to 'False'
[0.281s] Level 5:colcon.colcon_core.verb:set package 'custom_interfaces' build argument 'cmake_clean_cache' from command line to 'False'
[0.281s] Level 5:colcon.colcon_core.verb:set package 'custom_interfaces' build argument 'cmake_clean_first' from command line to 'False'
[0.281s] Level 5:colcon.colcon_core.verb:set package 'custom_interfaces' build argument 'cmake_force_configure' from command line to 'False'
[0.281s] Level 5:colcon.colcon_core.verb:set package 'custom_interfaces' build argument 'ament_cmake_args' from command line to 'None'
[0.282s] Level 5:colcon.colcon_core.verb:set package 'custom_interfaces' build argument 'catkin_cmake_args' from command line to 'None'
[0.282s] Level 5:colcon.colcon_core.verb:set package 'custom_interfaces' build argument 'catkin_skip_building_tests' from command line to 'False'
[0.282s] DEBUG:colcon.colcon_core.verb:Building package 'custom_interfaces' with the following arguments: {'ament_cmake_args': None, 'build_base': '/home/wayay/mixed/build/custom_interfaces', 'catkin_cmake_args': None, 'catkin_skip_building_tests': False, 'cmake_args': None, 'cmake_clean_cache': False, 'cmake_clean_first': False, 'cmake_force_configure': False, 'cmake_target': None, 'cmake_target_skip_unavailable': False, 'install_base': '/home/wayay/mixed/install/custom_interfaces', 'merge_install': False, 'path': '/home/wayay/mixed/src/custom_interfaces', 'symlink_install': True, 'test_result_base': None}
[0.282s] Level 5:colcon.colcon_core.verb:set package 'my_robot_controller' build argument 'cmake_args' from command line to 'None'
[0.282s] Level 5:colcon.colcon_core.verb:set package 'my_robot_controller' build argument 'cmake_target' from command line to 'None'
[0.282s] Level 5:colcon.colcon_core.verb:set package 'my_robot_controller' build argument 'cmake_target_skip_unavailable' from command line to 'False'
[0.282s] Level 5:colcon.colcon_core.verb:set package 'my_robot_controller' build argument 'cmake_clean_cache' from command line to 'False'
[0.282s] Level 5:colcon.colcon_core.verb:set package 'my_robot_controller' build argument 'cmake_clean_first' from command line to 'False'
[0.282s] Level 5:colcon.colcon_core.verb:set package 'my_robot_controller' build argument 'cmake_force_configure' from command line to 'False'
[0.282s] Level 5:colcon.colcon_core.verb:set package 'my_robot_controller' build argument 'ament_cmake_args' from command line to 'None'
[0.282s] Level 5:colcon.colcon_core.verb:set package 'my_robot_controller' build argument 'catkin_cmake_args' from command line to 'None'
[0.282s] Level 5:colcon.colcon_core.verb:set package 'my_robot_controller' build argument 'catkin_skip_building_tests' from command line to 'False'
[0.282s] DEBUG:colcon.colcon_core.verb:Building package 'my_robot_controller' with the following arguments: {'ament_cmake_args': None, 'build_base': '/home/wayay/mixed/build/my_robot_controller', 'catkin_cmake_args': None, 'catkin_skip_building_tests': False, 'cmake_args': None, 'cmake_clean_cache': False, 'cmake_clean_first': False, 'cmake_force_configure': False, 'cmake_target': None, 'cmake_target_skip_unavailable': False, 'install_base': '/home/wayay/mixed/install/my_robot_controller', 'merge_install': False, 'path': '/home/wayay/mixed/src/my_robot_controller', 'symlink_install': True, 'test_result_base': None}
[0.282s] Level 5:colcon.colcon_core.verb:set package 'blue_line_follower' build argument 'cmake_args' from command line to 'None'
[0.282s] Level 5:colcon.colcon_core.verb:set package 'blue_line_follower' build argument 'cmake_target' from command line to 'None'
[0.282s] Level 5:colcon.colcon_core.verb:set package 'blue_line_follower' build argument 'cmake_target_skip_unavailable' from command line to 'False'
[0.282s] Level 5:colcon.colcon_core.verb:set package 'blue_line_follower' build argument 'cmake_clean_cache' from command line to 'False'
[0.282s] Level 5:colcon.colcon_core.verb:set package 'blue_line_follower' build argument 'cmake_clean_first' from command line to 'False'
[0.282s] Level 5:colcon.colcon_core.verb:set package 'blue_line_follower' build argument 'cmake_force_configure' from command line to 'False'
[0.282s] Level 5:colcon.colcon_core.verb:set package 'blue_line_follower' build argument 'ament_cmake_args' from command line to 'None'
[0.282s] Level 5:colcon.colcon_core.verb:set package 'blue_line_follower' build argument 'catkin_cmake_args' from command line to 'None'
[0.282s] Level 5:colcon.colcon_core.verb:set package 'blue_line_follower' build argument 'catkin_skip_building_tests' from command line to 'False'
[0.282s] DEBUG:colcon.colcon_core.verb:Building package 'blue_line_follower' with the following arguments: {'ament_cmake_args': None, 'build_base': '/home/wayay/mixed/build/blue_line_follower', 'catkin_cmake_args': None, 'catkin_skip_building_tests': False, 'cmake_args': None, 'cmake_clean_cache': False, 'cmake_clean_first': False, 'cmake_force_configure': False, 'cmake_target': None, 'cmake_target_skip_unavailable': False, 'install_base': '/home/wayay/mixed/install/blue_line_follower', 'merge_install': False, 'path': '/home/wayay/mixed/src/blue_line_follower', 'symlink_install': True, 'test_result_base': None}
[0.282s] INFO:colcon.colcon_core.executor:Executing jobs using 'parallel' executor
[0.283s] DEBUG:colcon.colcon_parallel_executor.executor.parallel:run_until_complete
[0.283s] INFO:colcon.colcon_ros.task.ament_cmake.build:Building ROS package in '/home/wayay/mixed/src/custom_interfaces' with build type 'ament_cmake'
[0.283s] INFO:colcon.colcon_cmake.task.cmake.build:Building CMake package in '/home/wayay/mixed/src/custom_interfaces'
[0.285s] INFO:colcon.colcon_core.plugin_system:Skipping extension 'colcon_core.shell.bat': Not used on non-Windows systems
[0.285s] INFO:colcon.colcon_core.shell:Skip shell extension 'powershell' for command environment: Not usable outside of PowerShell
[0.285s] DEBUG:colcon.colcon_core.shell:Skip shell extension 'dsv' for command environment
[0.287s] INFO:colcon.colcon_ros.task.ament_cmake.build:Building ROS package in '/home/wayay/mixed/src/my_robot_controller' with build type 'ament_cmake'
[0.287s] INFO:colcon.colcon_cmake.task.cmake.build:Building CMake package in '/home/wayay/mixed/src/my_robot_controller'
[0.287s] INFO:colcon.colcon_core.shell:Skip shell extension 'powershell' for command environment: Not usable outside of PowerShell
[0.287s] DEBUG:colcon.colcon_core.shell:Skip shell extension 'dsv' for command environment
[0.292s] DEBUG:colcon.colcon_core.event_handler.log_command:Invoking command in '/home/wayay/mixed/build/custom_interfaces': CMAKE_PREFIX_PATH=${CMAKE_PREFIX_PATH}:/home/wayay/mixed/install/blue_line_follower:/opt/ros/humble /usr/bin/cmake /home/wayay/mixed/src/custom_interfaces -DAMENT_CMAKE_SYMLINK_INSTALL=1 -DCMAKE_INSTALL_PREFIX=/home/wayay/mixed/install/custom_interfaces
[0.294s] DEBUG:colcon.colcon_core.event_handler.log_command:Invoking command in '/home/wayay/mixed/build/my_robot_controller': CMAKE_PREFIX_PATH=${CMAKE_PREFIX_PATH}:/home/wayay/mixed/install/blue_line_follower:/opt/ros/humble /usr/bin/cmake /home/wayay/mixed/src/my_robot_controller -DAMENT_CMAKE_SYMLINK_INSTALL=1 -DCMAKE_INSTALL_PREFIX=/home/wayay/mixed/install/my_robot_controller
[0.729s] DEBUG:colcon.colcon_core.event_handler.log_command:Invoked command in '/home/wayay/mixed/build/my_robot_controller' returned '0': CMAKE_PREFIX_PATH=${CMAKE_PREFIX_PATH}:/home/wayay/mixed/install/blue_line_follower:/opt/ros/humble /usr/bin/cmake /home/wayay/mixed/src/my_robot_controller -DAMENT_CMAKE_SYMLINK_INSTALL=1 -DCMAKE_INSTALL_PREFIX=/home/wayay/mixed/install/my_robot_controller
[0.729s] DEBUG:colcon.colcon_core.event_handler.log_command:Invoking command in '/home/wayay/mixed/build/my_robot_controller': CMAKE_PREFIX_PATH=${CMAKE_PREFIX_PATH}:/home/wayay/mixed/install/blue_line_follower:/opt/ros/humble /usr/bin/cmake --build /home/wayay/mixed/build/my_robot_controller -- -j6 -l6
[0.754s] DEBUG:colcon.colcon_core.event_handler.log_command:Invoked command in '/home/wayay/mixed/build/my_robot_controller' returned '0': CMAKE_PREFIX_PATH=${CMAKE_PREFIX_PATH}:/home/wayay/mixed/install/blue_line_follower:/opt/ros/humble /usr/bin/cmake --build /home/wayay/mixed/build/my_robot_controller -- -j6 -l6
[0.760s] DEBUG:colcon.colcon_core.event_handler.log_command:Invoking command in '/home/wayay/mixed/build/my_robot_controller': CMAKE_PREFIX_PATH=${CMAKE_PREFIX_PATH}:/home/wayay/mixed/install/blue_line_follower:/opt/ros/humble /usr/bin/cmake --install /home/wayay/mixed/build/my_robot_controller
[1.076s] Level 1:colcon.colcon_core.environment:create_environment_scripts_only(my_robot_controller)
[1.077s] DEBUG:colcon.colcon_core.event_handler.log_command:Invoked command in '/home/wayay/mixed/build/my_robot_controller' returned '0': CMAKE_PREFIX_PATH=${CMAKE_PREFIX_PATH}:/home/wayay/mixed/install/blue_line_follower:/opt/ros/humble /usr/bin/cmake --install /home/wayay/mixed/build/my_robot_controller
[1.080s] Level 1:colcon.colcon_core.environment:checking '/home/wayay/mixed/install/my_robot_controller' for CMake module files
[1.080s] Level 1:colcon.colcon_core.environment:checking '/home/wayay/mixed/install/my_robot_controller' for CMake config files
[1.081s] Level 1:colcon.colcon_core.shell:create_environment_hook('my_robot_controller', 'cmake_prefix_path')
[1.081s] INFO:colcon.colcon_core.shell:Creating environment hook '/home/wayay/mixed/install/my_robot_controller/share/my_robot_controller/hook/cmake_prefix_path.ps1'
[1.082s] INFO:colcon.colcon_core.shell:Creating environment descriptor '/home/wayay/mixed/install/my_robot_controller/share/my_robot_controller/hook/cmake_prefix_path.dsv'
[1.083s] INFO:colcon.colcon_core.shell:Creating environment hook '/home/wayay/mixed/install/my_robot_controller/share/my_robot_controller/hook/cmake_prefix_path.sh'
[1.084s] Level 1:colcon.colcon_core.environment:checking '/home/wayay/mixed/install/my_robot_controller/lib'
[1.084s] Level 1:colcon.colcon_core.environment:checking '/home/wayay/mixed/install/my_robot_controller/bin'
[1.084s] Level 1:colcon.colcon_core.environment:checking '/home/wayay/mixed/install/my_robot_controller/lib/pkgconfig/my_robot_controller.pc'
[1.084s] Level 1:colcon.colcon_core.environment:checking '/home/wayay/mixed/install/my_robot_controller/lib/python3.10/site-packages'
[1.085s] Level 1:colcon.colcon_core.environment:checking '/home/wayay/mixed/install/my_robot_controller/bin'
[1.085s] INFO:colcon.colcon_core.shell:Creating package script '/home/wayay/mixed/install/my_robot_controller/share/my_robot_controller/package.ps1'
[1.086s] INFO:colcon.colcon_core.shell:Creating package descriptor '/home/wayay/mixed/install/my_robot_controller/share/my_robot_controller/package.dsv'
[1.087s] INFO:colcon.colcon_core.shell:Creating package script '/home/wayay/mixed/install/my_robot_controller/share/my_robot_controller/package.sh'
[1.088s] INFO:colcon.colcon_core.shell:Creating package script '/home/wayay/mixed/install/my_robot_controller/share/my_robot_controller/package.bash'
[1.089s] INFO:colcon.colcon_core.shell:Creating package script '/home/wayay/mixed/install/my_robot_controller/share/my_robot_controller/package.zsh'
[1.090s] Level 1:colcon.colcon_core.environment:create_file_with_runtime_dependencies(/home/wayay/mixed/install/my_robot_controller/share/colcon-core/packages/my_robot_controller)
[1.090s] Level 1:colcon.colcon_core.environment:create_environment_scripts_only(my_robot_controller)
[1.090s] Level 1:colcon.colcon_core.environment:checking '/home/wayay/mixed/install/my_robot_controller' for CMake module files
[1.091s] Level 1:colcon.colcon_core.environment:checking '/home/wayay/mixed/install/my_robot_controller' for CMake config files
[1.092s] Level 1:colcon.colcon_core.shell:create_environment_hook('my_robot_controller', 'cmake_prefix_path')
[1.092s] INFO:colcon.colcon_core.shell:Creating environment hook '/home/wayay/mixed/install/my_robot_controller/share/my_robot_controller/hook/cmake_prefix_path.ps1'
[1.093s] INFO:colcon.colcon_core.shell:Creating environment descriptor '/home/wayay/mixed/install/my_robot_controller/share/my_robot_controller/hook/cmake_prefix_path.dsv'
[1.093s] INFO:colcon.colcon_core.shell:Creating environment hook '/home/wayay/mixed/install/my_robot_controller/share/my_robot_controller/hook/cmake_prefix_path.sh'
[1.094s] Level 1:colcon.colcon_core.environment:checking '/home/wayay/mixed/install/my_robot_controller/lib'
[1.094s] Level 1:colcon.colcon_core.environment:checking '/home/wayay/mixed/install/my_robot_controller/bin'
[1.094s] Level 1:colcon.colcon_core.environment:checking '/home/wayay/mixed/install/my_robot_controller/lib/pkgconfig/my_robot_controller.pc'
[1.094s] Level 1:colcon.colcon_core.environment:checking '/home/wayay/mixed/install/my_robot_controller/lib/python3.10/site-packages'
[1.095s] Level 1:colcon.colcon_core.environment:checking '/home/wayay/mixed/install/my_robot_controller/bin'
[1.095s] INFO:colcon.colcon_core.shell:Creating package script '/home/wayay/mixed/install/my_robot_controller/share/my_robot_controller/package.ps1'
[1.095s] INFO:colcon.colcon_core.shell:Creating package descriptor '/home/wayay/mixed/install/my_robot_controller/share/my_robot_controller/package.dsv'
[1.096s] INFO:colcon.colcon_core.shell:Creating package script '/home/wayay/mixed/install/my_robot_controller/share/my_robot_controller/package.sh'
[1.097s] INFO:colcon.colcon_core.shell:Creating package script '/home/wayay/mixed/install/my_robot_controller/share/my_robot_controller/package.bash'
[1.097s] INFO:colcon.colcon_core.shell:Creating package script '/home/wayay/mixed/install/my_robot_controller/share/my_robot_controller/package.zsh'
[1.098s] Level 1:colcon.colcon_core.environment:create_file_with_runtime_dependencies(/home/wayay/mixed/install/my_robot_controller/share/colcon-core/packages/my_robot_controller)
[1.436s] DEBUG:colcon.colcon_core.event_handler.log_command:Invoked command in '/home/wayay/mixed/build/custom_interfaces' returned '0': CMAKE_PREFIX_PATH=${CMAKE_PREFIX_PATH}:/home/wayay/mixed/install/blue_line_follower:/opt/ros/humble /usr/bin/cmake /home/wayay/mixed/src/custom_interfaces -DAMENT_CMAKE_SYMLINK_INSTALL=1 -DCMAKE_INSTALL_PREFIX=/home/wayay/mixed/install/custom_interfaces
[1.437s] DEBUG:colcon.colcon_core.event_handler.log_command:Invoking command in '/home/wayay/mixed/build/custom_interfaces': CMAKE_PREFIX_PATH=${CMAKE_PREFIX_PATH}:/home/wayay/mixed/install/blue_line_follower:/opt/ros/humble /usr/bin/cmake --build /home/wayay/mixed/build/custom_interfaces -- -j6 -l6
[4.118s] DEBUG:colcon.colcon_core.event_handler.log_command:Invoked command in '/home/wayay/mixed/build/custom_interfaces' returned '0': CMAKE_PREFIX_PATH=${CMAKE_PREFIX_PATH}:/home/wayay/mixed/install/blue_line_follower:/opt/ros/humble /usr/bin/cmake --build /home/wayay/mixed/build/custom_interfaces -- -j6 -l6
[4.119s] DEBUG:colcon.colcon_core.event_handler.log_command:Invoking command in '/home/wayay/mixed/build/custom_interfaces': CMAKE_PREFIX_PATH=${CMAKE_PREFIX_PATH}:/home/wayay/mixed/install/blue_line_follower:/opt/ros/humble /usr/bin/cmake --install /home/wayay/mixed/build/custom_interfaces
[4.567s] Level 1:colcon.colcon_core.environment:create_environment_scripts_only(custom_interfaces)
[4.568s] Level 1:colcon.colcon_core.environment:checking '/home/wayay/mixed/install/custom_interfaces' for CMake module files
[4.568s] DEBUG:colcon.colcon_core.event_handler.log_command:Invoked command in '/home/wayay/mixed/build/custom_interfaces' returned '0': CMAKE_PREFIX_PATH=${CMAKE_PREFIX_PATH}:/home/wayay/mixed/install/blue_line_follower:/opt/ros/humble /usr/bin/cmake --install /home/wayay/mixed/build/custom_interfaces
[4.569s] Level 1:colcon.colcon_core.environment:checking '/home/wayay/mixed/install/custom_interfaces' for CMake config files
[4.569s] Level 1:colcon.colcon_core.shell:create_environment_hook('custom_interfaces', 'cmake_prefix_path')
[4.569s] INFO:colcon.colcon_core.shell:Creating environment hook '/home/wayay/mixed/install/custom_interfaces/share/custom_interfaces/hook/cmake_prefix_path.ps1'
[4.570s] INFO:colcon.colcon_core.shell:Creating environment descriptor '/home/wayay/mixed/install/custom_interfaces/share/custom_interfaces/hook/cmake_prefix_path.dsv'
[4.570s] INFO:colcon.colcon_core.shell:Creating environment hook '/home/wayay/mixed/install/custom_interfaces/share/custom_interfaces/hook/cmake_prefix_path.sh'
[4.570s] Level 1:colcon.colcon_core.environment:checking '/home/wayay/mixed/install/custom_interfaces/lib'
[4.570s] Level 1:colcon.colcon_core.shell:create_environment_hook('custom_interfaces', 'ld_library_path_lib')
[4.571s] INFO:colcon.colcon_core.shell:Creating environment hook '/home/wayay/mixed/install/custom_interfaces/share/custom_interfaces/hook/ld_library_path_lib.ps1'
[4.571s] INFO:colcon.colcon_core.shell:Creating environment descriptor '/home/wayay/mixed/install/custom_interfaces/share/custom_interfaces/hook/ld_library_path_lib.dsv'
[4.571s] INFO:colcon.colcon_core.shell:Creating environment hook '/home/wayay/mixed/install/custom_interfaces/share/custom_interfaces/hook/ld_library_path_lib.sh'
[4.572s] Level 1:colcon.colcon_core.environment:checking '/home/wayay/mixed/install/custom_interfaces/bin'
[4.572s] Level 1:colcon.colcon_core.environment:checking '/home/wayay/mixed/install/custom_interfaces/lib/pkgconfig/custom_interfaces.pc'
[4.572s] Level 1:colcon.colcon_core.environment:checking '/home/wayay/mixed/install/custom_interfaces/lib/python3.10/site-packages'
[4.572s] Level 1:colcon.colcon_core.environment:checking '/home/wayay/mixed/install/custom_interfaces/bin'
[4.572s] INFO:colcon.colcon_core.shell:Creating package script '/home/wayay/mixed/install/custom_interfaces/share/custom_interfaces/package.ps1'
[4.573s] INFO:colcon.colcon_core.shell:Creating package descriptor '/home/wayay/mixed/install/custom_interfaces/share/custom_interfaces/package.dsv'
[4.573s] INFO:colcon.colcon_core.shell:Creating package script '/home/wayay/mixed/install/custom_interfaces/share/custom_interfaces/package.sh'
[4.574s] INFO:colcon.colcon_core.shell:Creating package script '/home/wayay/mixed/install/custom_interfaces/share/custom_interfaces/package.bash'
[4.574s] INFO:colcon.colcon_core.shell:Creating package script '/home/wayay/mixed/install/custom_interfaces/share/custom_interfaces/package.zsh'
[4.574s] Level 1:colcon.colcon_core.environment:create_file_with_runtime_dependencies(/home/wayay/mixed/install/custom_interfaces/share/colcon-core/packages/custom_interfaces)
[4.575s] Level 1:colcon.colcon_core.environment:create_environment_scripts_only(custom_interfaces)
[4.575s] Level 1:colcon.colcon_core.environment:checking '/home/wayay/mixed/install/custom_interfaces' for CMake module files
[4.576s] Level 1:colcon.colcon_core.environment:checking '/home/wayay/mixed/install/custom_interfaces' for CMake config files
[4.576s] Level 1:colcon.colcon_core.shell:create_environment_hook('custom_interfaces', 'cmake_prefix_path')
[4.576s] INFO:colcon.colcon_core.shell:Creating environment hook '/home/wayay/mixed/install/custom_interfaces/share/custom_interfaces/hook/cmake_prefix_path.ps1'
[4.576s] INFO:colcon.colcon_core.shell:Creating environment descriptor '/home/wayay/mixed/install/custom_interfaces/share/custom_interfaces/hook/cmake_prefix_path.dsv'
[4.577s] INFO:colcon.colcon_core.shell:Creating environment hook '/home/wayay/mixed/install/custom_interfaces/share/custom_interfaces/hook/cmake_prefix_path.sh'
[4.577s] Level 1:colcon.colcon_core.environment:checking '/home/wayay/mixed/install/custom_interfaces/lib'
[4.577s] Level 1:colcon.colcon_core.shell:create_environment_hook('custom_interfaces', 'ld_library_path_lib')
[4.578s] INFO:colcon.colcon_core.shell:Creating environment hook '/home/wayay/mixed/install/custom_interfaces/share/custom_interfaces/hook/ld_library_path_lib.ps1'
[4.578s] INFO:colcon.colcon_core.shell:Creating environment descriptor '/home/wayay/mixed/install/custom_interfaces/share/custom_interfaces/hook/ld_library_path_lib.dsv'
[4.578s] INFO:colcon.colcon_core.shell:Creating environment hook '/home/wayay/mixed/install/custom_interfaces/share/custom_interfaces/hook/ld_library_path_lib.sh'
[4.578s] Level 1:colcon.colcon_core.environment:checking '/home/wayay/mixed/install/custom_interfaces/bin'
[4.579s] Level 1:colcon.colcon_core.environment:checking '/home/wayay/mixed/install/custom_interfaces/lib/pkgconfig/custom_interfaces.pc'
[4.579s] Level 1:colcon.colcon_core.environment:checking '/home/wayay/mixed/install/custom_interfaces/lib/python3.10/site-packages'
[4.579s] Level 1:colcon.colcon_core.environment:checking '/home/wayay/mixed/install/custom_interfaces/bin'
[4.579s] INFO:colcon.colcon_core.shell:Creating package script '/home/wayay/mixed/install/custom_interfaces/share/custom_interfaces/package.ps1'
[4.580s] INFO:colcon.colcon_core.shell:Creating package descriptor '/home/wayay/mixed/install/custom_interfaces/share/custom_interfaces/package.dsv'
[4.580s] INFO:colcon.colcon_core.shell:Creating package script '/home/wayay/mixed/install/custom_interfaces/share/custom_interfaces/package.sh'
[4.581s] INFO:colcon.colcon_core.shell:Creating package script '/home/wayay/mixed/install/custom_interfaces/share/custom_interfaces/package.bash'
[4.581s] INFO:colcon.colcon_core.shell:Creating package script '/home/wayay/mixed/install/custom_interfaces/share/custom_interfaces/package.zsh'
[4.581s] Level 1:colcon.colcon_core.environment:create_file_with_runtime_dependencies(/home/wayay/mixed/install/custom_interfaces/share/colcon-core/packages/custom_interfaces)
[4.582s] INFO:colcon.colcon_ros.task.ament_python.build:Building ROS package in '/home/wayay/mixed/src/blue_line_follower' with build type 'ament_python'
[4.582s] Level 1:colcon.colcon_core.shell:create_environment_hook('blue_line_follower', 'ament_prefix_path')
[4.582s] INFO:colcon.colcon_core.shell:Creating environment hook '/home/wayay/mixed/install/blue_line_follower/share/blue_line_follower/hook/ament_prefix_path.ps1'
[4.583s] INFO:colcon.colcon_core.shell:Creating environment descriptor '/home/wayay/mixed/install/blue_line_follower/share/blue_line_follower/hook/ament_prefix_path.dsv'
[4.583s] INFO:colcon.colcon_core.shell:Creating environment hook '/home/wayay/mixed/install/blue_line_follower/share/blue_line_follower/hook/ament_prefix_path.sh'
[4.583s] INFO:colcon.colcon_core.shell:Skip shell extension 'powershell' for command environment: Not usable outside of PowerShell
[4.584s] DEBUG:colcon.colcon_core.shell:Skip shell extension 'dsv' for command environment
[4.781s] INFO:colcon.colcon_core.task.python.build:Building Python package in '/home/wayay/mixed/src/blue_line_follower'
[4.781s] INFO:colcon.colcon_core.shell:Skip shell extension 'powershell' for command environment: Not usable outside of PowerShell
[4.781s] DEBUG:colcon.colcon_core.shell:Skip shell extension 'dsv' for command environment
[5.052s] DEBUG:colcon.colcon_core.event_handler.log_command:Invoking command in '/home/wayay/mixed/build/blue_line_follower': CMAKE_PREFIX_PATH=/home/wayay/mixed/install/custom_interfaces:/home/wayay/mixed/install/my_robot_controller PYTHONPATH=/home/wayay/mixed/build/blue_line_follower/prefix_override:/usr/lib/python3/dist-packages/colcon_core/task/python/colcon_distutils_commands:/home/wayay/mixed/install/blue_line_follower/lib/python3.10/site-packages:${PYTHONPATH} /usr/bin/python3 -W ignore:setup.py install is deprecated -W ignore:easy_install command is deprecated setup.py develop --editable --build-directory /home/wayay/mixed/build/blue_line_follower/build --no-deps symlink_data
[5.396s] Level 1:colcon.colcon_core.shell:create_environment_hook('blue_line_follower', 'pythonpath_develop')
[5.397s] INFO:colcon.colcon_core.shell:Creating environment hook '/home/wayay/mixed/build/blue_line_follower/share/blue_line_follower/hook/pythonpath_develop.ps1'
[5.397s] DEBUG:colcon.colcon_core.event_handler.log_command:Invoked command in '/home/wayay/mixed/build/blue_line_follower' returned '0': CMAKE_PREFIX_PATH=/home/wayay/mixed/install/custom_interfaces:/home/wayay/mixed/install/my_robot_controller PYTHONPATH=/home/wayay/mixed/build/blue_line_follower/prefix_override:/usr/lib/python3/dist-packages/colcon_core/task/python/colcon_distutils_commands:/home/wayay/mixed/install/blue_line_follower/lib/python3.10/site-packages:${PYTHONPATH} /usr/bin/python3 -W ignore:setup.py install is deprecated -W ignore:easy_install command is deprecated setup.py develop --editable --build-directory /home/wayay/mixed/build/blue_line_follower/build --no-deps symlink_data
[5.398s] INFO:colcon.colcon_core.shell:Creating environment descriptor '/home/wayay/mixed/build/blue_line_follower/share/blue_line_follower/hook/pythonpath_develop.dsv'
[5.398s] INFO:colcon.colcon_core.shell:Creating environment hook '/home/wayay/mixed/build/blue_line_follower/share/blue_line_follower/hook/pythonpath_develop.sh'
[5.399s] Level 1:colcon.colcon_core.environment:checking '/home/wayay/mixed/install/blue_line_follower' for CMake module files
[5.399s] Level 1:colcon.colcon_core.environment:checking '/home/wayay/mixed/install/blue_line_follower' for CMake config files
[5.401s] Level 1:colcon.colcon_core.environment:checking '/home/wayay/mixed/install/blue_line_follower/lib'
[5.401s] Level 1:colcon.colcon_core.environment:checking '/home/wayay/mixed/install/blue_line_follower/bin'
[5.401s] Level 1:colcon.colcon_core.environment:checking '/home/wayay/mixed/install/blue_line_follower/lib/pkgconfig/blue_line_follower.pc'
[5.401s] Level 1:colcon.colcon_core.environment:checking '/home/wayay/mixed/install/blue_line_follower/lib/python3.10/site-packages'
[5.401s] Level 1:colcon.colcon_core.shell:create_environment_hook('blue_line_follower', 'pythonpath')
[5.402s] INFO:colcon.colcon_core.shell:Creating environment hook '/home/wayay/mixed/install/blue_line_follower/share/blue_line_follower/hook/pythonpath.ps1'
[5.402s] INFO:colcon.colcon_core.shell:Creating environment descriptor '/home/wayay/mixed/install/blue_line_follower/share/blue_line_follower/hook/pythonpath.dsv'
[5.403s] INFO:colcon.colcon_core.shell:Creating environment hook '/home/wayay/mixed/install/blue_line_follower/share/blue_line_follower/hook/pythonpath.sh'
[5.403s] Level 1:colcon.colcon_core.environment:checking '/home/wayay/mixed/install/blue_line_follower/bin'
[5.403s] Level 1:colcon.colcon_core.environment:create_environment_scripts_only(blue_line_follower)
[5.404s] INFO:colcon.colcon_core.shell:Creating package script '/home/wayay/mixed/install/blue_line_follower/share/blue_line_follower/package.ps1'
[5.404s] INFO:colcon.colcon_core.shell:Creating package descriptor '/home/wayay/mixed/install/blue_line_follower/share/blue_line_follower/package.dsv'
[5.405s] INFO:colcon.colcon_core.shell:Creating package script '/home/wayay/mixed/install/blue_line_follower/share/blue_line_follower/package.sh'
[5.406s] INFO:colcon.colcon_core.shell:Creating package script '/home/wayay/mixed/install/blue_line_follower/share/blue_line_follower/package.bash'
[5.406s] INFO:colcon.colcon_core.shell:Creating package script '/home/wayay/mixed/install/blue_line_follower/share/blue_line_follower/package.zsh'
[5.406s] Level 1:colcon.colcon_core.environment:create_file_with_runtime_dependencies(/home/wayay/mixed/install/blue_line_follower/share/colcon-core/packages/blue_line_follower)
[5.407s] DEBUG:colcon.colcon_parallel_executor.executor.parallel:closing loop
[5.407s] DEBUG:colcon.colcon_parallel_executor.executor.parallel:loop closed
[5.407s] DEBUG:colcon.colcon_parallel_executor.executor.parallel:run_until_complete finished with '0'
[5.407s] DEBUG:colcon.colcon_core.event_reactor:joining thread
[5.410s] INFO:colcon.colcon_core.plugin_system:Skipping extension 'colcon_notification.desktop_notification.terminal_notifier': Not used on non-Darwin systems
[5.410s] INFO:colcon.colcon_core.plugin_system:Skipping extension 'colcon_notification.desktop_notification.win32': Not used on non-Windows systems
[5.410s] INFO:colcon.colcon_notification.desktop_notification:Sending desktop notification using 'notify2'
[5.423s] DEBUG:colcon.colcon_core.event_reactor:joined thread
[5.423s] INFO:colcon.colcon_core.shell:Creating prefix script '/home/wayay/mixed/install/local_setup.ps1'
[5.424s] INFO:colcon.colcon_core.shell:Creating prefix util module '/home/wayay/mixed/install/_local_setup_util_ps1.py'
[5.426s] INFO:colcon.colcon_core.shell:Creating prefix chain script '/home/wayay/mixed/install/setup.ps1'
[5.428s] INFO:colcon.colcon_core.shell:Creating prefix script '/home/wayay/mixed/install/local_setup.sh'
[5.428s] INFO:colcon.colcon_core.shell:Creating prefix util module '/home/wayay/mixed/install/_local_setup_util_sh.py'
[5.429s] INFO:colcon.colcon_core.shell:Creating prefix chain script '/home/wayay/mixed/install/setup.sh'
[5.430s] INFO:colcon.colcon_core.shell:Creating prefix script '/home/wayay/mixed/install/local_setup.bash'
[5.431s] INFO:colcon.colcon_core.shell:Creating prefix chain script '/home/wayay/mixed/install/setup.bash'
[5.432s] INFO:colcon.colcon_core.shell:Creating prefix script '/home/wayay/mixed/install/local_setup.zsh'
[5.433s] INFO:colcon.colcon_core.shell:Creating prefix chain script '/home/wayay/mixed/install/setup.zsh'
