running egg_info
writing ../../build/blue_line_follower/blue_line_follower.egg-info/PKG-INFO
writing dependency_links to ../../build/blue_line_follower/blue_line_follower.egg-info/dependency_links.txt
writing entry points to ../../build/blue_line_follower/blue_line_follower.egg-info/entry_points.txt
writing requirements to ../../build/blue_line_follower/blue_line_follower.egg-info/requires.txt
writing top-level names to ../../build/blue_line_follower/blue_line_follower.egg-info/top_level.txt
reading manifest file '../../build/blue_line_follower/blue_line_follower.egg-info/SOURCES.txt'
writing manifest file '../../build/blue_line_follower/blue_line_follower.egg-info/SOURCES.txt'
running build
running build_py
running install
running install_lib
creating /home/wayay/Ros/ROS2_Project/install/blue_line_follower/lib/python3.10/site-packages/blue_line_follower
copying /home/wayay/Ros/ROS2_Project/build/blue_line_follower/build/lib/blue_line_follower/aruco_diagnostic.py -> /home/wayay/Ros/ROS2_Project/install/blue_line_follower/lib/python3.10/site-packages/blue_line_follower
copying /home/wayay/Ros/ROS2_Project/build/blue_line_follower/build/lib/blue_line_follower/line_follower_node.py -> /home/wayay/Ros/ROS2_Project/install/blue_line_follower/lib/python3.10/site-packages/blue_line_follower
copying /home/wayay/Ros/ROS2_Project/build/blue_line_follower/build/lib/blue_line_follower/__init__.py -> /home/wayay/Ros/ROS2_Project/install/blue_line_follower/lib/python3.10/site-packages/blue_line_follower
copying /home/wayay/Ros/ROS2_Project/build/blue_line_follower/build/lib/blue_line_follower/aruco_navigation_server.py -> /home/wayay/Ros/ROS2_Project/install/blue_line_follower/lib/python3.10/site-packages/blue_line_follower
copying /home/wayay/Ros/ROS2_Project/build/blue_line_follower/build/lib/blue_line_follower/aruco_navigation_client.py -> /home/wayay/Ros/ROS2_Project/install/blue_line_follower/lib/python3.10/site-packages/blue_line_follower
byte-compiling /home/wayay/Ros/ROS2_Project/install/blue_line_follower/lib/python3.10/site-packages/blue_line_follower/aruco_diagnostic.py to aruco_diagnostic.cpython-310.pyc
byte-compiling /home/wayay/Ros/ROS2_Project/install/blue_line_follower/lib/python3.10/site-packages/blue_line_follower/line_follower_node.py to line_follower_node.cpython-310.pyc
byte-compiling /home/wayay/Ros/ROS2_Project/install/blue_line_follower/lib/python3.10/site-packages/blue_line_follower/__init__.py to __init__.cpython-310.pyc
byte-compiling /home/wayay/Ros/ROS2_Project/install/blue_line_follower/lib/python3.10/site-packages/blue_line_follower/aruco_navigation_server.py to aruco_navigation_server.cpython-310.pyc
byte-compiling /home/wayay/Ros/ROS2_Project/install/blue_line_follower/lib/python3.10/site-packages/blue_line_follower/aruco_navigation_client.py to aruco_navigation_client.cpython-310.pyc
running install_data
creating /home/wayay/Ros/ROS2_Project/install/blue_line_follower/share/ament_index
creating /home/wayay/Ros/ROS2_Project/install/blue_line_follower/share/ament_index/resource_index
creating /home/wayay/Ros/ROS2_Project/install/blue_line_follower/share/ament_index/resource_index/packages
copying resource/blue_line_follower -> /home/wayay/Ros/ROS2_Project/install/blue_line_follower/share/ament_index/resource_index/packages
copying package.xml -> /home/wayay/Ros/ROS2_Project/install/blue_line_follower/share/blue_line_follower
creating /home/wayay/Ros/ROS2_Project/install/blue_line_follower/share/blue_line_follower/launch
copying launch/simulation.launch.py -> /home/wayay/Ros/ROS2_Project/install/blue_line_follower/share/blue_line_follower/launch
creating /home/wayay/Ros/ROS2_Project/install/blue_line_follower/share/blue_line_follower/worlds
copying worlds/blue_line_track.world -> /home/wayay/Ros/ROS2_Project/install/blue_line_follower/share/blue_line_follower/worlds
creating /home/wayay/Ros/ROS2_Project/install/blue_line_follower/share/blue_line_follower/urdf
copying urdf/line_follower_robot.urdf.xacro -> /home/wayay/Ros/ROS2_Project/install/blue_line_follower/share/blue_line_follower/urdf
creating /home/wayay/Ros/ROS2_Project/install/blue_line_follower/share/blue_line_follower/models
creating /home/wayay/Ros/ROS2_Project/install/blue_line_follower/share/blue_line_follower/models/aruco_5
copying models/aruco_5/model.sdf -> /home/wayay/Ros/ROS2_Project/install/blue_line_follower/share/blue_line_follower/models/aruco_5
copying models/aruco_5/model.config -> /home/wayay/Ros/ROS2_Project/install/blue_line_follower/share/blue_line_follower/models/aruco_5
creating /home/wayay/Ros/ROS2_Project/install/blue_line_follower/share/blue_line_follower/models/aruco_5/materials
creating /home/wayay/Ros/ROS2_Project/install/blue_line_follower/share/blue_line_follower/models/aruco_5/materials/scripts
copying models/aruco_5/materials/scripts/aruco_5.material -> /home/wayay/Ros/ROS2_Project/install/blue_line_follower/share/blue_line_follower/models/aruco_5/materials/scripts
creating /home/wayay/Ros/ROS2_Project/install/blue_line_follower/share/blue_line_follower/models/aruco_5/materials/textures
copying models/aruco_5/materials/textures/5.png -> /home/wayay/Ros/ROS2_Project/install/blue_line_follower/share/blue_line_follower/models/aruco_5/materials/textures
creating /home/wayay/Ros/ROS2_Project/install/blue_line_follower/share/blue_line_follower/models/aruco_6
copying models/aruco_6/model.sdf -> /home/wayay/Ros/ROS2_Project/install/blue_line_follower/share/blue_line_follower/models/aruco_6
copying models/aruco_6/model.config -> /home/wayay/Ros/ROS2_Project/install/blue_line_follower/share/blue_line_follower/models/aruco_6
creating /home/wayay/Ros/ROS2_Project/install/blue_line_follower/share/blue_line_follower/models/aruco_6/materials
creating /home/wayay/Ros/ROS2_Project/install/blue_line_follower/share/blue_line_follower/models/aruco_6/materials/scripts
copying models/aruco_6/materials/scripts/aruco_6.material -> /home/wayay/Ros/ROS2_Project/install/blue_line_follower/share/blue_line_follower/models/aruco_6/materials/scripts
creating /home/wayay/Ros/ROS2_Project/install/blue_line_follower/share/blue_line_follower/models/aruco_6/materials/textures
copying models/aruco_6/materials/textures/6.png -> /home/wayay/Ros/ROS2_Project/install/blue_line_follower/share/blue_line_follower/models/aruco_6/materials/textures
creating /home/wayay/Ros/ROS2_Project/install/blue_line_follower/share/blue_line_follower/models/aruco_0
copying models/aruco_0/model.sdf -> /home/wayay/Ros/ROS2_Project/install/blue_line_follower/share/blue_line_follower/models/aruco_0
copying models/aruco_0/model.config -> /home/wayay/Ros/ROS2_Project/install/blue_line_follower/share/blue_line_follower/models/aruco_0
creating /home/wayay/Ros/ROS2_Project/install/blue_line_follower/share/blue_line_follower/models/aruco_0/materials
creating /home/wayay/Ros/ROS2_Project/install/blue_line_follower/share/blue_line_follower/models/aruco_0/materials/scripts
copying models/aruco_0/materials/scripts/aruco_0.material -> /home/wayay/Ros/ROS2_Project/install/blue_line_follower/share/blue_line_follower/models/aruco_0/materials/scripts
creating /home/wayay/Ros/ROS2_Project/install/blue_line_follower/share/blue_line_follower/models/aruco_0/materials/textures
copying models/aruco_0/materials/textures/0.png -> /home/wayay/Ros/ROS2_Project/install/blue_line_follower/share/blue_line_follower/models/aruco_0/materials/textures
creating /home/wayay/Ros/ROS2_Project/install/blue_line_follower/share/blue_line_follower/models/aruco_4
copying models/aruco_4/model.sdf -> /home/wayay/Ros/ROS2_Project/install/blue_line_follower/share/blue_line_follower/models/aruco_4
copying models/aruco_4/model.config -> /home/wayay/Ros/ROS2_Project/install/blue_line_follower/share/blue_line_follower/models/aruco_4
creating /home/wayay/Ros/ROS2_Project/install/blue_line_follower/share/blue_line_follower/models/aruco_4/materials
creating /home/wayay/Ros/ROS2_Project/install/blue_line_follower/share/blue_line_follower/models/aruco_4/materials/scripts
copying models/aruco_4/materials/scripts/aruco_4.material -> /home/wayay/Ros/ROS2_Project/install/blue_line_follower/share/blue_line_follower/models/aruco_4/materials/scripts
creating /home/wayay/Ros/ROS2_Project/install/blue_line_follower/share/blue_line_follower/models/aruco_4/materials/textures
copying models/aruco_4/materials/textures/4.png -> /home/wayay/Ros/ROS2_Project/install/blue_line_follower/share/blue_line_follower/models/aruco_4/materials/textures
creating /home/wayay/Ros/ROS2_Project/install/blue_line_follower/share/blue_line_follower/models/aruco_1
copying models/aruco_1/model.sdf -> /home/wayay/Ros/ROS2_Project/install/blue_line_follower/share/blue_line_follower/models/aruco_1
copying models/aruco_1/model.config -> /home/wayay/Ros/ROS2_Project/install/blue_line_follower/share/blue_line_follower/models/aruco_1
creating /home/wayay/Ros/ROS2_Project/install/blue_line_follower/share/blue_line_follower/models/aruco_1/materials
creating /home/wayay/Ros/ROS2_Project/install/blue_line_follower/share/blue_line_follower/models/aruco_1/materials/scripts
copying models/aruco_1/materials/scripts/aruco_1.material -> /home/wayay/Ros/ROS2_Project/install/blue_line_follower/share/blue_line_follower/models/aruco_1/materials/scripts
creating /home/wayay/Ros/ROS2_Project/install/blue_line_follower/share/blue_line_follower/models/aruco_1/materials/textures
copying models/aruco_1/materials/textures/1.png -> /home/wayay/Ros/ROS2_Project/install/blue_line_follower/share/blue_line_follower/models/aruco_1/materials/textures
creating /home/wayay/Ros/ROS2_Project/install/blue_line_follower/share/blue_line_follower/models/aruco_2
copying models/aruco_2/model.sdf -> /home/wayay/Ros/ROS2_Project/install/blue_line_follower/share/blue_line_follower/models/aruco_2
copying models/aruco_2/model.config -> /home/wayay/Ros/ROS2_Project/install/blue_line_follower/share/blue_line_follower/models/aruco_2
creating /home/wayay/Ros/ROS2_Project/install/blue_line_follower/share/blue_line_follower/models/aruco_2/materials
creating /home/wayay/Ros/ROS2_Project/install/blue_line_follower/share/blue_line_follower/models/aruco_2/materials/scripts
copying models/aruco_2/materials/scripts/aruco_2.material -> /home/wayay/Ros/ROS2_Project/install/blue_line_follower/share/blue_line_follower/models/aruco_2/materials/scripts
creating /home/wayay/Ros/ROS2_Project/install/blue_line_follower/share/blue_line_follower/models/aruco_2/materials/textures
copying models/aruco_2/materials/textures/2.png -> /home/wayay/Ros/ROS2_Project/install/blue_line_follower/share/blue_line_follower/models/aruco_2/materials/textures
creating /home/wayay/Ros/ROS2_Project/install/blue_line_follower/share/blue_line_follower/models/aruco_7
copying models/aruco_7/model.sdf -> /home/wayay/Ros/ROS2_Project/install/blue_line_follower/share/blue_line_follower/models/aruco_7
copying models/aruco_7/model.config -> /home/wayay/Ros/ROS2_Project/install/blue_line_follower/share/blue_line_follower/models/aruco_7
creating /home/wayay/Ros/ROS2_Project/install/blue_line_follower/share/blue_line_follower/models/aruco_7/materials
creating /home/wayay/Ros/ROS2_Project/install/blue_line_follower/share/blue_line_follower/models/aruco_7/materials/scripts
copying models/aruco_7/materials/scripts/aruco_7.material -> /home/wayay/Ros/ROS2_Project/install/blue_line_follower/share/blue_line_follower/models/aruco_7/materials/scripts
creating /home/wayay/Ros/ROS2_Project/install/blue_line_follower/share/blue_line_follower/models/aruco_7/materials/textures
copying models/aruco_7/materials/textures/7.png -> /home/wayay/Ros/ROS2_Project/install/blue_line_follower/share/blue_line_follower/models/aruco_7/materials/textures
creating /home/wayay/Ros/ROS2_Project/install/blue_line_follower/share/blue_line_follower/models/aruco_3
copying models/aruco_3/model.sdf -> /home/wayay/Ros/ROS2_Project/install/blue_line_follower/share/blue_line_follower/models/aruco_3
copying models/aruco_3/model.config -> /home/wayay/Ros/ROS2_Project/install/blue_line_follower/share/blue_line_follower/models/aruco_3
creating /home/wayay/Ros/ROS2_Project/install/blue_line_follower/share/blue_line_follower/models/aruco_3/materials
creating /home/wayay/Ros/ROS2_Project/install/blue_line_follower/share/blue_line_follower/models/aruco_3/materials/scripts
copying models/aruco_3/materials/scripts/aruco_3.material -> /home/wayay/Ros/ROS2_Project/install/blue_line_follower/share/blue_line_follower/models/aruco_3/materials/scripts
creating /home/wayay/Ros/ROS2_Project/install/blue_line_follower/share/blue_line_follower/models/aruco_3/materials/textures
copying models/aruco_3/materials/textures/3.png -> /home/wayay/Ros/ROS2_Project/install/blue_line_follower/share/blue_line_follower/models/aruco_3/materials/textures
creating /home/wayay/Ros/ROS2_Project/install/blue_line_follower/share/blue_line_follower/aruco
copying aruco/5.png -> /home/wayay/Ros/ROS2_Project/install/blue_line_follower/share/blue_line_follower/aruco/.
copying aruco/7.png -> /home/wayay/Ros/ROS2_Project/install/blue_line_follower/share/blue_line_follower/aruco/.
copying aruco/0.png -> /home/wayay/Ros/ROS2_Project/install/blue_line_follower/share/blue_line_follower/aruco/.
copying aruco/4.png -> /home/wayay/Ros/ROS2_Project/install/blue_line_follower/share/blue_line_follower/aruco/.
copying aruco/2.png -> /home/wayay/Ros/ROS2_Project/install/blue_line_follower/share/blue_line_follower/aruco/.
copying aruco/1.png -> /home/wayay/Ros/ROS2_Project/install/blue_line_follower/share/blue_line_follower/aruco/.
copying aruco/6.png -> /home/wayay/Ros/ROS2_Project/install/blue_line_follower/share/blue_line_follower/aruco/.
copying aruco/3.png -> /home/wayay/Ros/ROS2_Project/install/blue_line_follower/share/blue_line_follower/aruco/.
running install_egg_info
Copying ../../build/blue_line_follower/blue_line_follower.egg-info to /home/wayay/Ros/ROS2_Project/install/blue_line_follower/lib/python3.10/site-packages/blue_line_follower-1.0.0-py3.10.egg-info
running install_scripts
Installing aruco_diagnostic script to /home/wayay/Ros/ROS2_Project/install/blue_line_follower/lib/blue_line_follower
Installing aruco_navigation_client script to /home/wayay/Ros/ROS2_Project/install/blue_line_follower/lib/blue_line_follower
Installing aruco_navigation_server script to /home/wayay/Ros/ROS2_Project/install/blue_line_follower/lib/blue_line_follower
Installing line_follower_node script to /home/wayay/Ros/ROS2_Project/install/blue_line_follower/lib/blue_line_follower
writing list of installed files to '/home/wayay/Ros/ROS2_Project/build/blue_line_follower/install.log'
