[0.493s] Invoking command in '/home/wayay/line_follower_ws/src/blue_line_follower': PYTHONPATH=/home/wayay/line_follower_ws/build/blue_line_follower/prefix_override:/usr/lib/python3/dist-packages/colcon_core/task/python/colcon_distutils_commands:/home/wayay/line_follower_ws/install/blue_line_follower/lib/python3.10/site-packages:${PYTHONPATH} /usr/bin/python3 -W ignore:setup.py install is deprecated -W ignore:easy_install command is deprecated setup.py egg_info --egg-base ../../build/blue_line_follower build --build-base /home/wayay/line_follower_ws/build/blue_line_follower/build install --record /home/wayay/line_follower_ws/build/blue_line_follower/install.log --single-version-externally-managed install_data
[0.684s] running egg_info
[0.685s] writing ../../build/blue_line_follower/blue_line_follower.egg-info/PKG-INFO
[0.685s] writing dependency_links to ../../build/blue_line_follower/blue_line_follower.egg-info/dependency_links.txt
[0.685s] writing entry points to ../../build/blue_line_follower/blue_line_follower.egg-info/entry_points.txt
[0.685s] writing requirements to ../../build/blue_line_follower/blue_line_follower.egg-info/requires.txt
[0.685s] writing top-level names to ../../build/blue_line_follower/blue_line_follower.egg-info/top_level.txt
[0.686s] reading manifest file '../../build/blue_line_follower/blue_line_follower.egg-info/SOURCES.txt'
[0.687s] writing manifest file '../../build/blue_line_follower/blue_line_follower.egg-info/SOURCES.txt'
[0.687s] running build
[0.687s] running build_py
[0.687s] copying blue_line_follower/aruco_navigation_server.py -> /home/wayay/line_follower_ws/build/blue_line_follower/build/lib/blue_line_follower
[0.687s] running install
[0.687s] running install_lib
[0.688s] copying /home/wayay/line_follower_ws/build/blue_line_follower/build/lib/blue_line_follower/aruco_navigation_server.py -> /home/wayay/line_follower_ws/install/blue_line_follower/lib/python3.10/site-packages/blue_line_follower
[0.688s] byte-compiling /home/wayay/line_follower_ws/install/blue_line_follower/lib/python3.10/site-packages/blue_line_follower/aruco_navigation_server.py to aruco_navigation_server.cpython-310.pyc
[0.690s] running install_data
[0.690s] running install_egg_info
[0.691s] removing '/home/wayay/line_follower_ws/install/blue_line_follower/lib/python3.10/site-packages/blue_line_follower-1.0.0-py3.10.egg-info' (and everything under it)
[0.691s] Copying ../../build/blue_line_follower/blue_line_follower.egg-info to /home/wayay/line_follower_ws/install/blue_line_follower/lib/python3.10/site-packages/blue_line_follower-1.0.0-py3.10.egg-info
[0.692s] running install_scripts
[0.706s] Installing aruco_diagnostic script to /home/wayay/line_follower_ws/install/blue_line_follower/lib/blue_line_follower
[0.707s] Installing aruco_navigation_client script to /home/wayay/line_follower_ws/install/blue_line_follower/lib/blue_line_follower
[0.707s] Installing aruco_navigation_server script to /home/wayay/line_follower_ws/install/blue_line_follower/lib/blue_line_follower
[0.707s] Installing line_follower_node script to /home/wayay/line_follower_ws/install/blue_line_follower/lib/blue_line_follower
[0.707s] writing list of installed files to '/home/wayay/line_follower_ws/build/blue_line_follower/install.log'
[0.722s] Invoked command in '/home/wayay/line_follower_ws/src/blue_line_follower' returned '0': PYTHONPATH=/home/wayay/line_follower_ws/build/blue_line_follower/prefix_override:/usr/lib/python3/dist-packages/colcon_core/task/python/colcon_distutils_commands:/home/wayay/line_follower_ws/install/blue_line_follower/lib/python3.10/site-packages:${PYTHONPATH} /usr/bin/python3 -W ignore:setup.py install is deprecated -W ignore:easy_install command is deprecated setup.py egg_info --egg-base ../../build/blue_line_follower build --build-base /home/wayay/line_follower_ws/build/blue_line_follower/build install --record /home/wayay/line_follower_ws/build/blue_line_follower/install.log --single-version-externally-managed install_data
