[0.446s] Invoking command in '/home/wayay/Ros/ROS2_Project/src/blue_line_follower': AMENT_PREFIX_PATH=/home/wayay/Ros/ROS2_Project/install/custom_interfaces:${AMENT_PREFIX_PATH} CMAKE_PREFIX_PATH=/home/wayay/Ros/ROS2_Project/install/custom_interfaces LD_LIBRARY_PATH=/home/wayay/Ros/ROS2_Project/install/custom_interfaces/lib:${LD_LIBRARY_PATH} PYTHONPATH=/home/wayay/Ros/ROS2_Project/build/blue_line_follower/prefix_override:/usr/lib/python3/dist-packages/colcon_core/task/python/colcon_distutils_commands:/home/wayay/Ros/ROS2_Project/install/blue_line_follower/lib/python3.10/site-packages:/home/wayay/Ros/ROS2_Project/install/custom_interfaces/local/lib/python3.10/dist-packages:${PYTHONPATH} /usr/bin/python3 -W ignore:setup.py install is deprecated -W ignore:easy_install command is deprecated setup.py egg_info --egg-base ../../build/blue_line_follower build --build-base /home/wayay/Ros/ROS2_Project/build/blue_line_follower/build install --record /home/wayay/Ros/ROS2_Project/build/blue_line_follower/install.log --single-version-externally-managed install_data
[0.623s] running egg_info
[0.623s] writing ../../build/blue_line_follower/blue_line_follower.egg-info/PKG-INFO
[0.623s] writing dependency_links to ../../build/blue_line_follower/blue_line_follower.egg-info/dependency_links.txt
[0.624s] writing entry points to ../../build/blue_line_follower/blue_line_follower.egg-info/entry_points.txt
[0.624s] writing requirements to ../../build/blue_line_follower/blue_line_follower.egg-info/requires.txt
[0.624s] writing top-level names to ../../build/blue_line_follower/blue_line_follower.egg-info/top_level.txt
[0.625s] reading manifest file '../../build/blue_line_follower/blue_line_follower.egg-info/SOURCES.txt'
[0.625s] writing manifest file '../../build/blue_line_follower/blue_line_follower.egg-info/SOURCES.txt'
[0.626s] running build
[0.626s] running build_py
[0.626s] running install
[0.626s] running install_lib
[0.627s] running install_data
[0.627s] creating /home/wayay/Ros/ROS2_Project/install/blue_line_follower/share/blue_line_follower/models
[0.627s] creating /home/wayay/Ros/ROS2_Project/install/blue_line_follower/share/blue_line_follower/models/aruco_5
[0.627s] copying models/aruco_5/model.sdf -> /home/wayay/Ros/ROS2_Project/install/blue_line_follower/share/blue_line_follower/models/aruco_5
[0.627s] copying models/aruco_5/model.config -> /home/wayay/Ros/ROS2_Project/install/blue_line_follower/share/blue_line_follower/models/aruco_5
[0.627s] creating /home/wayay/Ros/ROS2_Project/install/blue_line_follower/share/blue_line_follower/models/aruco_6
[0.627s] copying models/aruco_6/model.sdf -> /home/wayay/Ros/ROS2_Project/install/blue_line_follower/share/blue_line_follower/models/aruco_6
[0.628s] copying models/aruco_6/model.config -> /home/wayay/Ros/ROS2_Project/install/blue_line_follower/share/blue_line_follower/models/aruco_6
[0.628s] creating /home/wayay/Ros/ROS2_Project/install/blue_line_follower/share/blue_line_follower/models/aruco_0
[0.628s] copying models/aruco_0/model.sdf -> /home/wayay/Ros/ROS2_Project/install/blue_line_follower/share/blue_line_follower/models/aruco_0
[0.628s] copying models/aruco_0/model.config -> /home/wayay/Ros/ROS2_Project/install/blue_line_follower/share/blue_line_follower/models/aruco_0
[0.628s] creating /home/wayay/Ros/ROS2_Project/install/blue_line_follower/share/blue_line_follower/models/aruco_4
[0.628s] copying models/aruco_4/model.sdf -> /home/wayay/Ros/ROS2_Project/install/blue_line_follower/share/blue_line_follower/models/aruco_4
[0.628s] copying models/aruco_4/model.config -> /home/wayay/Ros/ROS2_Project/install/blue_line_follower/share/blue_line_follower/models/aruco_4
[0.628s] creating /home/wayay/Ros/ROS2_Project/install/blue_line_follower/share/blue_line_follower/models/aruco_1
[0.628s] copying models/aruco_1/model.sdf -> /home/wayay/Ros/ROS2_Project/install/blue_line_follower/share/blue_line_follower/models/aruco_1
[0.628s] copying models/aruco_1/model.config -> /home/wayay/Ros/ROS2_Project/install/blue_line_follower/share/blue_line_follower/models/aruco_1
[0.628s] creating /home/wayay/Ros/ROS2_Project/install/blue_line_follower/share/blue_line_follower/models/aruco_2
[0.629s] copying models/aruco_2/model.sdf -> /home/wayay/Ros/ROS2_Project/install/blue_line_follower/share/blue_line_follower/models/aruco_2
[0.629s] copying models/aruco_2/model.config -> /home/wayay/Ros/ROS2_Project/install/blue_line_follower/share/blue_line_follower/models/aruco_2
[0.629s] creating /home/wayay/Ros/ROS2_Project/install/blue_line_follower/share/blue_line_follower/models/aruco_7
[0.629s] copying models/aruco_7/model.sdf -> /home/wayay/Ros/ROS2_Project/install/blue_line_follower/share/blue_line_follower/models/aruco_7
[0.629s] copying models/aruco_7/model.config -> /home/wayay/Ros/ROS2_Project/install/blue_line_follower/share/blue_line_follower/models/aruco_7
[0.629s] creating /home/wayay/Ros/ROS2_Project/install/blue_line_follower/share/blue_line_follower/models/aruco_3
[0.629s] copying models/aruco_3/model.sdf -> /home/wayay/Ros/ROS2_Project/install/blue_line_follower/share/blue_line_follower/models/aruco_3
[0.629s] copying models/aruco_3/model.config -> /home/wayay/Ros/ROS2_Project/install/blue_line_follower/share/blue_line_follower/models/aruco_3
[0.629s] creating /home/wayay/Ros/ROS2_Project/install/blue_line_follower/share/blue_line_follower/aruco
[0.629s] copying aruco/5.png -> /home/wayay/Ros/ROS2_Project/install/blue_line_follower/share/blue_line_follower/aruco/.
[0.629s] copying aruco/7.png -> /home/wayay/Ros/ROS2_Project/install/blue_line_follower/share/blue_line_follower/aruco/.
[0.630s] copying aruco/0.png -> /home/wayay/Ros/ROS2_Project/install/blue_line_follower/share/blue_line_follower/aruco/.
[0.630s] copying aruco/4.png -> /home/wayay/Ros/ROS2_Project/install/blue_line_follower/share/blue_line_follower/aruco/.
[0.630s] copying aruco/2.png -> /home/wayay/Ros/ROS2_Project/install/blue_line_follower/share/blue_line_follower/aruco/.
[0.630s] copying aruco/1.png -> /home/wayay/Ros/ROS2_Project/install/blue_line_follower/share/blue_line_follower/aruco/.
[0.630s] copying aruco/6.png -> /home/wayay/Ros/ROS2_Project/install/blue_line_follower/share/blue_line_follower/aruco/.
[0.630s] copying aruco/3.png -> /home/wayay/Ros/ROS2_Project/install/blue_line_follower/share/blue_line_follower/aruco/.
[0.630s] running install_egg_info
[0.630s] removing '/home/wayay/Ros/ROS2_Project/install/blue_line_follower/lib/python3.10/site-packages/blue_line_follower-1.0.0-py3.10.egg-info' (and everything under it)
[0.630s] Copying ../../build/blue_line_follower/blue_line_follower.egg-info to /home/wayay/Ros/ROS2_Project/install/blue_line_follower/lib/python3.10/site-packages/blue_line_follower-1.0.0-py3.10.egg-info
[0.630s] running install_scripts
[0.644s] Installing aruco_diagnostic script to /home/wayay/Ros/ROS2_Project/install/blue_line_follower/lib/blue_line_follower
[0.644s] Installing aruco_navigation_client script to /home/wayay/Ros/ROS2_Project/install/blue_line_follower/lib/blue_line_follower
[0.644s] Installing aruco_navigation_server script to /home/wayay/Ros/ROS2_Project/install/blue_line_follower/lib/blue_line_follower
[0.644s] Installing line_follower_node script to /home/wayay/Ros/ROS2_Project/install/blue_line_follower/lib/blue_line_follower
[0.644s] writing list of installed files to '/home/wayay/Ros/ROS2_Project/build/blue_line_follower/install.log'
[0.659s] Invoked command in '/home/wayay/Ros/ROS2_Project/src/blue_line_follower' returned '0': AMENT_PREFIX_PATH=/home/wayay/Ros/ROS2_Project/install/custom_interfaces:${AMENT_PREFIX_PATH} CMAKE_PREFIX_PATH=/home/wayay/Ros/ROS2_Project/install/custom_interfaces LD_LIBRARY_PATH=/home/wayay/Ros/ROS2_Project/install/custom_interfaces/lib:${LD_LIBRARY_PATH} PYTHONPATH=/home/wayay/Ros/ROS2_Project/build/blue_line_follower/prefix_override:/usr/lib/python3/dist-packages/colcon_core/task/python/colcon_distutils_commands:/home/wayay/Ros/ROS2_Project/install/blue_line_follower/lib/python3.10/site-packages:/home/wayay/Ros/ROS2_Project/install/custom_interfaces/local/lib/python3.10/dist-packages:${PYTHONPATH} /usr/bin/python3 -W ignore:setup.py install is deprecated -W ignore:easy_install command is deprecated setup.py egg_info --egg-base ../../build/blue_line_follower build --build-base /home/wayay/Ros/ROS2_Project/build/blue_line_follower/build install --record /home/wayay/Ros/ROS2_Project/build/blue_line_follower/install.log --single-version-externally-managed install_data
