[0.007s] Invoking command in '/home/wayay/line_follower_ws/build/custom_interfaces': CMAKE_PREFIX_PATH=/home/wayay/ros2_ws/install/simple_interfaces:/home/wayay/ros2_ws/install/robotics_sim_project:/home/wayay/ros2_ws/install/mobile_arm_gazebo:/home/wayay/ros2_ws/install/simple_params:/home/wayay/ros2_ws/install/service_practice:/home/wayay/ros2_ws/install/robot_actions:/home/wayay/ros2_ws/install/my_first_package:/home/wayay/ros2_ws/install/line_navigation:/home/wayay/ros2_ws/install/fleet_manager:/home/wayay/ros2_ws/install/exercice5_ping_pong_package:/home/wayay/ros2_ws/install/exercice4_turtlecontroller_package:/home/wayay/ros2_ws/install/calculator_service:/opt/ros/humble:/home/wayay/ros2_ws/install/mobile_arm_description:/home/wayay/ros2_ws/install/mobile_arm_control:/home/wayay/ros2_ws/install/fleet_interfaces:/home/wayay/ros2_ws/install/custom_interfaces:/home/wayay/ros2_ws/install/calculator_interfaces /usr/bin/cmake /home/wayay/line_follower_ws/src/custom_interfaces -DCMAKE_INSTALL_PREFIX=/home/wayay/line_follower_ws/install/custom_interfaces
[0.046s] -- The C compiler identification is GNU 11.4.0
[0.087s] -- The CXX compiler identification is GNU 11.4.0
[0.094s] -- Detecting C compiler ABI info
[0.145s] -- Detecting C compiler ABI info - done
[0.152s] -- Check for working C compiler: /usr/bin/cc - skipped
[0.152s] -- Detecting C compile features
[0.152s] -- Detecting C compile features - done
[0.155s] -- Detecting CXX compiler ABI info
[0.214s] -- Detecting CXX compiler ABI info - done
[0.227s] -- Check for working CXX compiler: /usr/bin/c++ - skipped
[0.227s] -- Detecting CXX compile features
[0.227s] -- Detecting CXX compile features - done
[0.233s] -- Found ament_cmake: 1.3.12 (/opt/ros/humble/share/ament_cmake/cmake)
[0.367s] -- Found Python3: /usr/bin/python3 (found version "3.10.12") found components: Interpreter 
[0.447s] -- Found rosidl_default_generators: 1.2.0 (/opt/ros/humble/share/rosidl_default_generators/cmake)
[0.451s] -- Using all available rosidl_typesupport_c: rosidl_typesupport_fastrtps_c;rosidl_typesupport_introspection_c
[0.458s] -- Found rosidl_adapter: 3.1.7 (/opt/ros/humble/share/rosidl_adapter/cmake)
[0.496s] -- Using all available rosidl_typesupport_cpp: rosidl_typesupport_fastrtps_cpp;rosidl_typesupport_introspection_cpp
[0.526s] -- Found action_msgs: 1.2.2 (/opt/ros/humble/share/action_msgs/cmake)
[0.768s] -- Found ament_cmake_ros: 0.10.0 (/opt/ros/humble/share/ament_cmake_ros/cmake)
[0.946s] -- Using all available rosidl_typesupport_c: rosidl_typesupport_fastrtps_c;rosidl_typesupport_introspection_c
[1.156s] -- Using all available rosidl_typesupport_cpp: rosidl_typesupport_fastrtps_cpp;rosidl_typesupport_introspection_cpp
[1.178s] -- Found PythonInterp: /usr/bin/python3 (found suitable version "3.10.12", minimum required is "3.6") 
[1.181s] -- Found python_cmake_module: 0.10.0 (/opt/ros/humble/share/python_cmake_module/cmake)
[1.208s] -- Found PythonLibs: /usr/lib/x86_64-linux-gnu/libpython3.10.so (found suitable version "3.10.12", minimum required is "3.5") 
[1.208s] -- Using PYTHON_EXECUTABLE: /usr/bin/python3
[1.208s] -- Using PYTHON_INCLUDE_DIRS: /usr/include/python3.10
[1.209s] -- Using PYTHON_LIBRARIES: /usr/lib/x86_64-linux-gnu/libpython3.10.so
[1.227s] -- Found PythonExtra: .so  
[1.268s] -- Found ament_lint_auto: 0.12.14 (/opt/ros/humble/share/ament_lint_auto/cmake)
[1.292s] -- Added test 'lint_cmake' to check CMake code style
[1.293s] -- Added test 'xmllint' to check XML markup files
[1.295s] -- Configuring done
[1.317s] -- Generating done
[1.326s] -- Build files have been written to: /home/wayay/line_follower_ws/build/custom_interfaces
[1.331s] Invoked command in '/home/wayay/line_follower_ws/build/custom_interfaces' returned '0': CMAKE_PREFIX_PATH=/home/wayay/ros2_ws/install/simple_interfaces:/home/wayay/ros2_ws/install/robotics_sim_project:/home/wayay/ros2_ws/install/mobile_arm_gazebo:/home/wayay/ros2_ws/install/simple_params:/home/wayay/ros2_ws/install/service_practice:/home/wayay/ros2_ws/install/robot_actions:/home/wayay/ros2_ws/install/my_first_package:/home/wayay/ros2_ws/install/line_navigation:/home/wayay/ros2_ws/install/fleet_manager:/home/wayay/ros2_ws/install/exercice5_ping_pong_package:/home/wayay/ros2_ws/install/exercice4_turtlecontroller_package:/home/wayay/ros2_ws/install/calculator_service:/opt/ros/humble:/home/wayay/ros2_ws/install/mobile_arm_description:/home/wayay/ros2_ws/install/mobile_arm_control:/home/wayay/ros2_ws/install/fleet_interfaces:/home/wayay/ros2_ws/install/custom_interfaces:/home/wayay/ros2_ws/install/calculator_interfaces /usr/bin/cmake /home/wayay/line_follower_ws/src/custom_interfaces -DCMAKE_INSTALL_PREFIX=/home/wayay/line_follower_ws/install/custom_interfaces
[1.333s] Invoking command in '/home/wayay/line_follower_ws/build/custom_interfaces': CMAKE_PREFIX_PATH=/home/wayay/ros2_ws/install/simple_interfaces:/home/wayay/ros2_ws/install/robotics_sim_project:/home/wayay/ros2_ws/install/mobile_arm_gazebo:/home/wayay/ros2_ws/install/simple_params:/home/wayay/ros2_ws/install/service_practice:/home/wayay/ros2_ws/install/robot_actions:/home/wayay/ros2_ws/install/my_first_package:/home/wayay/ros2_ws/install/line_navigation:/home/wayay/ros2_ws/install/fleet_manager:/home/wayay/ros2_ws/install/exercice5_ping_pong_package:/home/wayay/ros2_ws/install/exercice4_turtlecontroller_package:/home/wayay/ros2_ws/install/calculator_service:/opt/ros/humble:/home/wayay/ros2_ws/install/mobile_arm_description:/home/wayay/ros2_ws/install/mobile_arm_control:/home/wayay/ros2_ws/install/fleet_interfaces:/home/wayay/ros2_ws/install/custom_interfaces:/home/wayay/ros2_ws/install/calculator_interfaces /usr/bin/cmake --build /home/wayay/line_follower_ws/build/custom_interfaces -- -j6 -l6
[1.363s] [  3%] [34m[1mGenerating C code for ROS interfaces[0m
[1.371s] [  6%] [34m[1mGenerating C++ code for ROS interfaces[0m
[1.375s] [  6%] Built target ament_cmake_python_copy_custom_interfaces
[1.574s] running egg_info
[1.574s] creating custom_interfaces.egg-info
[1.575s] writing custom_interfaces.egg-info/PKG-INFO
[1.575s] writing dependency_links to custom_interfaces.egg-info/dependency_links.txt
[1.575s] writing top-level names to custom_interfaces.egg-info/top_level.txt
[1.576s] writing manifest file 'custom_interfaces.egg-info/SOURCES.txt'
[1.576s] reading manifest file 'custom_interfaces.egg-info/SOURCES.txt'
[1.577s] writing manifest file 'custom_interfaces.egg-info/SOURCES.txt'
[1.597s] [  6%] Built target ament_cmake_python_build_custom_interfaces_egg
[1.798s] [  9%] [32mBuilding C object CMakeFiles/custom_interfaces__rosidl_generator_c.dir/rosidl_generator_c/custom_interfaces/action/detail/navigate_to_aruco__functions.c.o[0m
[1.805s] [  9%] Built target custom_interfaces__cpp
[1.812s] [ 16%] [34m[1mGenerating C++ type support dispatch for ROS interfaces[0m
[1.812s] [ 16%] [34m[1mGenerating C++ type support for eProsima Fast-RTPS[0m
[1.813s] [ 19%] [34m[1mGenerating C++ introspection for ROS interfaces[0m
[1.902s] [ 22%] [32m[1mLinking C shared library libcustom_interfaces__rosidl_generator_c.so[0m
[1.931s] [ 22%] Built target custom_interfaces__rosidl_generator_c
[1.943s] [ 25%] [34m[1mGenerating C type support for eProsima Fast-RTPS[0m
[1.944s] [ 29%] [34m[1mGenerating C introspection for ROS interfaces[0m
[1.944s] [ 32%] [34m[1mGenerating C type support dispatch for ROS interfaces[0m
[2.171s] [ 35%] [32mBuilding CXX object CMakeFiles/custom_interfaces__rosidl_typesupport_cpp.dir/rosidl_typesupport_cpp/custom_interfaces/action/navigate_to_aruco__type_support.cpp.o[0m
[2.198s] [ 38%] [32mBuilding CXX object CMakeFiles/custom_interfaces__rosidl_typesupport_introspection_cpp.dir/rosidl_typesupport_introspection_cpp/custom_interfaces/action/detail/navigate_to_aruco__type_support.cpp.o[0m
[2.308s] [ 41%] [32mBuilding CXX object CMakeFiles/custom_interfaces__rosidl_typesupport_fastrtps_cpp.dir/rosidl_typesupport_fastrtps_cpp/custom_interfaces/action/detail/dds_fastrtps/navigate_to_aruco__type_support.cpp.o[0m
[2.346s] [ 45%] [32mBuilding CXX object CMakeFiles/custom_interfaces__rosidl_typesupport_c.dir/rosidl_typesupport_c/custom_interfaces/action/navigate_to_aruco__type_support.cpp.o[0m
[2.381s] [ 48%] [32m[1mLinking CXX shared library libcustom_interfaces__rosidl_typesupport_c.so[0m
[2.414s] [ 48%] Built target custom_interfaces__rosidl_typesupport_c
[2.432s] [ 51%] [32mBuilding C object CMakeFiles/custom_interfaces__rosidl_typesupport_introspection_c.dir/rosidl_typesupport_introspection_c/custom_interfaces/action/detail/navigate_to_aruco__type_support.c.o[0m
[2.466s] [ 54%] [32mBuilding CXX object CMakeFiles/custom_interfaces__rosidl_typesupport_fastrtps_c.dir/rosidl_typesupport_fastrtps_c/custom_interfaces/action/detail/navigate_to_aruco__type_support_c.cpp.o[0m
[2.472s] [ 58%] [32m[1mLinking C shared library libcustom_interfaces__rosidl_typesupport_introspection_c.so[0m
[2.501s] [ 58%] Built target custom_interfaces__rosidl_typesupport_introspection_c
[2.549s] [ 61%] [32m[1mLinking CXX shared library libcustom_interfaces__rosidl_typesupport_cpp.so[0m
[2.589s] [ 61%] Built target custom_interfaces__rosidl_typesupport_cpp
[2.690s] [ 64%] [32m[1mLinking CXX shared library libcustom_interfaces__rosidl_typesupport_introspection_cpp.so[0m
[2.746s] [ 67%] [32m[1mLinking CXX shared library libcustom_interfaces__rosidl_typesupport_fastrtps_c.so[0m
[2.746s] [ 67%] Built target custom_interfaces__rosidl_typesupport_introspection_cpp
[2.747s] [ 70%] [32m[1mLinking CXX shared library libcustom_interfaces__rosidl_typesupport_fastrtps_cpp.so[0m
[2.796s] [ 70%] Built target custom_interfaces__rosidl_typesupport_fastrtps_cpp
[2.796s] [ 70%] Built target custom_interfaces__rosidl_typesupport_fastrtps_c
[2.810s] [ 70%] Built target custom_interfaces
[2.823s] [ 74%] [34m[1mGenerating Python code for ROS interfaces[0m
[3.552s] [ 74%] Built target custom_interfaces__py
[3.566s] [ 77%] [32mBuilding C object CMakeFiles/custom_interfaces__rosidl_generator_py.dir/rosidl_generator_py/custom_interfaces/action/_navigate_to_aruco_s.c.o[0m
[3.670s] [ 80%] [32m[1mLinking C shared library rosidl_generator_py/custom_interfaces/libcustom_interfaces__rosidl_generator_py.so[0m
[3.700s] [ 80%] Built target custom_interfaces__rosidl_generator_py
[3.715s] [ 90%] [32mBuilding C object CMakeFiles/custom_interfaces__rosidl_typesupport_c__pyext.dir/rosidl_generator_py/custom_interfaces/_custom_interfaces_s.ep.rosidl_typesupport_c.c.o[0m
[3.715s] [ 90%] [32mBuilding C object CMakeFiles/custom_interfaces__rosidl_typesupport_fastrtps_c__pyext.dir/rosidl_generator_py/custom_interfaces/_custom_interfaces_s.ep.rosidl_typesupport_fastrtps_c.c.o[0m
[3.715s] [ 90%] [32mBuilding C object CMakeFiles/custom_interfaces__rosidl_typesupport_introspection_c__pyext.dir/rosidl_generator_py/custom_interfaces/_custom_interfaces_s.ep.rosidl_typesupport_introspection_c.c.o[0m
[3.803s] [ 93%] [32m[1mLinking C shared library rosidl_generator_py/custom_interfaces/custom_interfaces_s__rosidl_typesupport_fastrtps_c.cpython-310-x86_64-linux-gnu.so[0m
[3.805s] [100%] [32m[1mLinking C shared library rosidl_generator_py/custom_interfaces/custom_interfaces_s__rosidl_typesupport_introspection_c.cpython-310-x86_64-linux-gnu.so[0m
[3.805s] [100%] [32m[1mLinking C shared library rosidl_generator_py/custom_interfaces/custom_interfaces_s__rosidl_typesupport_c.cpython-310-x86_64-linux-gnu.so[0m
[3.834s] [100%] Built target custom_interfaces__rosidl_typesupport_fastrtps_c__pyext
[3.834s] [100%] Built target custom_interfaces__rosidl_typesupport_c__pyext
[3.835s] [100%] Built target custom_interfaces__rosidl_typesupport_introspection_c__pyext
[3.844s] Invoked command in '/home/wayay/line_follower_ws/build/custom_interfaces' returned '0': CMAKE_PREFIX_PATH=/home/wayay/ros2_ws/install/simple_interfaces:/home/wayay/ros2_ws/install/robotics_sim_project:/home/wayay/ros2_ws/install/mobile_arm_gazebo:/home/wayay/ros2_ws/install/simple_params:/home/wayay/ros2_ws/install/service_practice:/home/wayay/ros2_ws/install/robot_actions:/home/wayay/ros2_ws/install/my_first_package:/home/wayay/ros2_ws/install/line_navigation:/home/wayay/ros2_ws/install/fleet_manager:/home/wayay/ros2_ws/install/exercice5_ping_pong_package:/home/wayay/ros2_ws/install/exercice4_turtlecontroller_package:/home/wayay/ros2_ws/install/calculator_service:/opt/ros/humble:/home/wayay/ros2_ws/install/mobile_arm_description:/home/wayay/ros2_ws/install/mobile_arm_control:/home/wayay/ros2_ws/install/fleet_interfaces:/home/wayay/ros2_ws/install/custom_interfaces:/home/wayay/ros2_ws/install/calculator_interfaces /usr/bin/cmake --build /home/wayay/line_follower_ws/build/custom_interfaces -- -j6 -l6
[3.851s] Invoking command in '/home/wayay/line_follower_ws/build/custom_interfaces': CMAKE_PREFIX_PATH=/home/wayay/ros2_ws/install/simple_interfaces:/home/wayay/ros2_ws/install/robotics_sim_project:/home/wayay/ros2_ws/install/mobile_arm_gazebo:/home/wayay/ros2_ws/install/simple_params:/home/wayay/ros2_ws/install/service_practice:/home/wayay/ros2_ws/install/robot_actions:/home/wayay/ros2_ws/install/my_first_package:/home/wayay/ros2_ws/install/line_navigation:/home/wayay/ros2_ws/install/fleet_manager:/home/wayay/ros2_ws/install/exercice5_ping_pong_package:/home/wayay/ros2_ws/install/exercice4_turtlecontroller_package:/home/wayay/ros2_ws/install/calculator_service:/opt/ros/humble:/home/wayay/ros2_ws/install/mobile_arm_description:/home/wayay/ros2_ws/install/mobile_arm_control:/home/wayay/ros2_ws/install/fleet_interfaces:/home/wayay/ros2_ws/install/custom_interfaces:/home/wayay/ros2_ws/install/calculator_interfaces /usr/bin/cmake --install /home/wayay/line_follower_ws/build/custom_interfaces
[3.856s] -- Install configuration: ""
[3.856s] -- Installing: /home/wayay/line_follower_ws/install/custom_interfaces/share/ament_index/resource_index/rosidl_interfaces/custom_interfaces
[3.856s] -- Installing: /home/wayay/line_follower_ws/install/custom_interfaces/include/custom_interfaces/custom_interfaces
[3.857s] -- Installing: /home/wayay/line_follower_ws/install/custom_interfaces/include/custom_interfaces/custom_interfaces/msg
[3.857s] -- Installing: /home/wayay/line_follower_ws/install/custom_interfaces/include/custom_interfaces/custom_interfaces/msg/rosidl_generator_c__visibility_control.h
[3.857s] -- Installing: /home/wayay/line_follower_ws/install/custom_interfaces/include/custom_interfaces/custom_interfaces/action
[3.857s] -- Installing: /home/wayay/line_follower_ws/install/custom_interfaces/include/custom_interfaces/custom_interfaces/action/detail
[3.857s] -- Installing: /home/wayay/line_follower_ws/install/custom_interfaces/include/custom_interfaces/custom_interfaces/action/detail/navigate_to_aruco__functions.c
[3.857s] -- Installing: /home/wayay/line_follower_ws/install/custom_interfaces/include/custom_interfaces/custom_interfaces/action/detail/navigate_to_aruco__struct.h
[3.857s] -- Installing: /home/wayay/line_follower_ws/install/custom_interfaces/include/custom_interfaces/custom_interfaces/action/detail/navigate_to_aruco__type_support.h
[3.857s] -- Installing: /home/wayay/line_follower_ws/install/custom_interfaces/include/custom_interfaces/custom_interfaces/action/detail/navigate_to_aruco__functions.h
[3.857s] -- Installing: /home/wayay/line_follower_ws/install/custom_interfaces/include/custom_interfaces/custom_interfaces/action/navigate_to_aruco.h
[3.857s] -- Installing: /home/wayay/line_follower_ws/install/custom_interfaces/share/custom_interfaces/environment/library_path.sh
[3.857s] -- Installing: /home/wayay/line_follower_ws/install/custom_interfaces/share/custom_interfaces/environment/library_path.dsv
[3.857s] -- Installing: /home/wayay/line_follower_ws/install/custom_interfaces/lib/libcustom_interfaces__rosidl_generator_c.so
[3.858s] -- Set runtime path of "/home/wayay/line_follower_ws/install/custom_interfaces/lib/libcustom_interfaces__rosidl_generator_c.so" to ""
[3.858s] -- Up-to-date: /home/wayay/line_follower_ws/install/custom_interfaces/include/custom_interfaces/custom_interfaces
[3.858s] -- Up-to-date: /home/wayay/line_follower_ws/install/custom_interfaces/include/custom_interfaces/custom_interfaces/msg
[3.858s] -- Installing: /home/wayay/line_follower_ws/install/custom_interfaces/include/custom_interfaces/custom_interfaces/msg/rosidl_typesupport_fastrtps_c__visibility_control.h
[3.858s] -- Up-to-date: /home/wayay/line_follower_ws/install/custom_interfaces/include/custom_interfaces/custom_interfaces/action
[3.858s] -- Up-to-date: /home/wayay/line_follower_ws/install/custom_interfaces/include/custom_interfaces/custom_interfaces/action/detail
[3.858s] -- Installing: /home/wayay/line_follower_ws/install/custom_interfaces/include/custom_interfaces/custom_interfaces/action/detail/navigate_to_aruco__rosidl_typesupport_fastrtps_c.h
[3.858s] -- Installing: /home/wayay/line_follower_ws/install/custom_interfaces/lib/libcustom_interfaces__rosidl_typesupport_fastrtps_c.so
[3.858s] -- Set runtime path of "/home/wayay/line_follower_ws/install/custom_interfaces/lib/libcustom_interfaces__rosidl_typesupport_fastrtps_c.so" to ""
[3.858s] -- Up-to-date: /home/wayay/line_follower_ws/install/custom_interfaces/include/custom_interfaces/custom_interfaces
[3.858s] -- Up-to-date: /home/wayay/line_follower_ws/install/custom_interfaces/include/custom_interfaces/custom_interfaces/msg
[3.858s] -- Installing: /home/wayay/line_follower_ws/install/custom_interfaces/include/custom_interfaces/custom_interfaces/msg/rosidl_typesupport_introspection_c__visibility_control.h
[3.859s] -- Up-to-date: /home/wayay/line_follower_ws/install/custom_interfaces/include/custom_interfaces/custom_interfaces/action
[3.859s] -- Up-to-date: /home/wayay/line_follower_ws/install/custom_interfaces/include/custom_interfaces/custom_interfaces/action/detail
[3.859s] -- Installing: /home/wayay/line_follower_ws/install/custom_interfaces/include/custom_interfaces/custom_interfaces/action/detail/navigate_to_aruco__rosidl_typesupport_introspection_c.h
[3.859s] -- Installing: /home/wayay/line_follower_ws/install/custom_interfaces/include/custom_interfaces/custom_interfaces/action/detail/navigate_to_aruco__type_support.c
[3.859s] -- Installing: /home/wayay/line_follower_ws/install/custom_interfaces/lib/libcustom_interfaces__rosidl_typesupport_introspection_c.so
[3.859s] -- Set runtime path of "/home/wayay/line_follower_ws/install/custom_interfaces/lib/libcustom_interfaces__rosidl_typesupport_introspection_c.so" to ""
[3.859s] -- Installing: /home/wayay/line_follower_ws/install/custom_interfaces/lib/libcustom_interfaces__rosidl_typesupport_c.so
[3.859s] -- Set runtime path of "/home/wayay/line_follower_ws/install/custom_interfaces/lib/libcustom_interfaces__rosidl_typesupport_c.so" to ""
[3.860s] -- Up-to-date: /home/wayay/line_follower_ws/install/custom_interfaces/include/custom_interfaces/custom_interfaces
[3.860s] -- Up-to-date: /home/wayay/line_follower_ws/install/custom_interfaces/include/custom_interfaces/custom_interfaces/msg
[3.860s] -- Installing: /home/wayay/line_follower_ws/install/custom_interfaces/include/custom_interfaces/custom_interfaces/msg/rosidl_generator_cpp__visibility_control.hpp
[3.860s] -- Up-to-date: /home/wayay/line_follower_ws/install/custom_interfaces/include/custom_interfaces/custom_interfaces/action
[3.860s] -- Up-to-date: /home/wayay/line_follower_ws/install/custom_interfaces/include/custom_interfaces/custom_interfaces/action/detail
[3.860s] -- Installing: /home/wayay/line_follower_ws/install/custom_interfaces/include/custom_interfaces/custom_interfaces/action/detail/navigate_to_aruco__type_support.hpp
[3.860s] -- Installing: /home/wayay/line_follower_ws/install/custom_interfaces/include/custom_interfaces/custom_interfaces/action/detail/navigate_to_aruco__traits.hpp
[3.860s] -- Installing: /home/wayay/line_follower_ws/install/custom_interfaces/include/custom_interfaces/custom_interfaces/action/detail/navigate_to_aruco__builder.hpp
[3.860s] -- Installing: /home/wayay/line_follower_ws/install/custom_interfaces/include/custom_interfaces/custom_interfaces/action/detail/navigate_to_aruco__struct.hpp
[3.860s] -- Installing: /home/wayay/line_follower_ws/install/custom_interfaces/include/custom_interfaces/custom_interfaces/action/navigate_to_aruco.hpp
[3.860s] -- Up-to-date: /home/wayay/line_follower_ws/install/custom_interfaces/include/custom_interfaces/custom_interfaces
[3.860s] -- Up-to-date: /home/wayay/line_follower_ws/install/custom_interfaces/include/custom_interfaces/custom_interfaces/msg
[3.860s] -- Installing: /home/wayay/line_follower_ws/install/custom_interfaces/include/custom_interfaces/custom_interfaces/msg/rosidl_typesupport_fastrtps_cpp__visibility_control.h
[3.860s] -- Up-to-date: /home/wayay/line_follower_ws/install/custom_interfaces/include/custom_interfaces/custom_interfaces/action
[3.860s] -- Up-to-date: /home/wayay/line_follower_ws/install/custom_interfaces/include/custom_interfaces/custom_interfaces/action/detail
[3.860s] -- Installing: /home/wayay/line_follower_ws/install/custom_interfaces/include/custom_interfaces/custom_interfaces/action/detail/navigate_to_aruco__rosidl_typesupport_fastrtps_cpp.hpp
[3.860s] -- Installing: /home/wayay/line_follower_ws/install/custom_interfaces/include/custom_interfaces/custom_interfaces/action/detail/dds_fastrtps
[3.860s] -- Installing: /home/wayay/line_follower_ws/install/custom_interfaces/lib/libcustom_interfaces__rosidl_typesupport_fastrtps_cpp.so
[3.860s] -- Set runtime path of "/home/wayay/line_follower_ws/install/custom_interfaces/lib/libcustom_interfaces__rosidl_typesupport_fastrtps_cpp.so" to ""
[3.861s] -- Up-to-date: /home/wayay/line_follower_ws/install/custom_interfaces/include/custom_interfaces/custom_interfaces
[3.861s] -- Up-to-date: /home/wayay/line_follower_ws/install/custom_interfaces/include/custom_interfaces/custom_interfaces/action
[3.861s] -- Up-to-date: /home/wayay/line_follower_ws/install/custom_interfaces/include/custom_interfaces/custom_interfaces/action/detail
[3.861s] -- Installing: /home/wayay/line_follower_ws/install/custom_interfaces/include/custom_interfaces/custom_interfaces/action/detail/navigate_to_aruco__type_support.cpp
[3.861s] -- Installing: /home/wayay/line_follower_ws/install/custom_interfaces/include/custom_interfaces/custom_interfaces/action/detail/navigate_to_aruco__rosidl_typesupport_introspection_cpp.hpp
[3.861s] -- Installing: /home/wayay/line_follower_ws/install/custom_interfaces/lib/libcustom_interfaces__rosidl_typesupport_introspection_cpp.so
[3.861s] -- Set runtime path of "/home/wayay/line_follower_ws/install/custom_interfaces/lib/libcustom_interfaces__rosidl_typesupport_introspection_cpp.so" to ""
[3.861s] -- Installing: /home/wayay/line_follower_ws/install/custom_interfaces/lib/libcustom_interfaces__rosidl_typesupport_cpp.so
[3.861s] -- Set runtime path of "/home/wayay/line_follower_ws/install/custom_interfaces/lib/libcustom_interfaces__rosidl_typesupport_cpp.so" to ""
[3.861s] -- Installing: /home/wayay/line_follower_ws/install/custom_interfaces/share/custom_interfaces/environment/pythonpath.sh
[3.861s] -- Installing: /home/wayay/line_follower_ws/install/custom_interfaces/share/custom_interfaces/environment/pythonpath.dsv
[3.862s] -- Installing: /home/wayay/line_follower_ws/install/custom_interfaces/local/lib/python3.10/dist-packages/custom_interfaces-0.0.0-py3.10.egg-info
[3.862s] -- Installing: /home/wayay/line_follower_ws/install/custom_interfaces/local/lib/python3.10/dist-packages/custom_interfaces-0.0.0-py3.10.egg-info/dependency_links.txt
[3.862s] -- Installing: /home/wayay/line_follower_ws/install/custom_interfaces/local/lib/python3.10/dist-packages/custom_interfaces-0.0.0-py3.10.egg-info/PKG-INFO
[3.862s] -- Installing: /home/wayay/line_follower_ws/install/custom_interfaces/local/lib/python3.10/dist-packages/custom_interfaces-0.0.0-py3.10.egg-info/top_level.txt
[3.862s] -- Installing: /home/wayay/line_follower_ws/install/custom_interfaces/local/lib/python3.10/dist-packages/custom_interfaces-0.0.0-py3.10.egg-info/SOURCES.txt
[3.862s] -- Installing: /home/wayay/line_follower_ws/install/custom_interfaces/local/lib/python3.10/dist-packages/custom_interfaces
[3.862s] -- Installing: /home/wayay/line_follower_ws/install/custom_interfaces/local/lib/python3.10/dist-packages/custom_interfaces/custom_interfaces_s__rosidl_typesupport_c.cpython-310-x86_64-linux-gnu.so
[3.862s] -- Installing: /home/wayay/line_follower_ws/install/custom_interfaces/local/lib/python3.10/dist-packages/custom_interfaces/_custom_interfaces_s.ep.rosidl_typesupport_introspection_c.c
[3.862s] -- Installing: /home/wayay/line_follower_ws/install/custom_interfaces/local/lib/python3.10/dist-packages/custom_interfaces/libcustom_interfaces__rosidl_generator_py.so
[3.862s] -- Installing: /home/wayay/line_follower_ws/install/custom_interfaces/local/lib/python3.10/dist-packages/custom_interfaces/_custom_interfaces_s.ep.rosidl_typesupport_fastrtps_c.c
[3.862s] -- Installing: /home/wayay/line_follower_ws/install/custom_interfaces/local/lib/python3.10/dist-packages/custom_interfaces/custom_interfaces_s__rosidl_typesupport_fastrtps_c.cpython-310-x86_64-linux-gnu.so
[3.863s] -- Installing: /home/wayay/line_follower_ws/install/custom_interfaces/local/lib/python3.10/dist-packages/custom_interfaces/action
[3.863s] -- Installing: /home/wayay/line_follower_ws/install/custom_interfaces/local/lib/python3.10/dist-packages/custom_interfaces/action/_navigate_to_aruco.py
[3.863s] -- Installing: /home/wayay/line_follower_ws/install/custom_interfaces/local/lib/python3.10/dist-packages/custom_interfaces/action/_navigate_to_aruco_s.c
[3.863s] -- Installing: /home/wayay/line_follower_ws/install/custom_interfaces/local/lib/python3.10/dist-packages/custom_interfaces/action/__init__.py
[3.863s] -- Installing: /home/wayay/line_follower_ws/install/custom_interfaces/local/lib/python3.10/dist-packages/custom_interfaces/__init__.py
[3.863s] -- Installing: /home/wayay/line_follower_ws/install/custom_interfaces/local/lib/python3.10/dist-packages/custom_interfaces/_custom_interfaces_s.ep.rosidl_typesupport_c.c
[3.863s] -- Installing: /home/wayay/line_follower_ws/install/custom_interfaces/local/lib/python3.10/dist-packages/custom_interfaces/custom_interfaces_s__rosidl_typesupport_introspection_c.cpython-310-x86_64-linux-gnu.so
[3.897s] Listing '/home/wayay/line_follower_ws/install/custom_interfaces/local/lib/python3.10/dist-packages/custom_interfaces'...
[3.897s] Compiling '/home/wayay/line_follower_ws/install/custom_interfaces/local/lib/python3.10/dist-packages/custom_interfaces/__init__.py'...
[3.897s] Listing '/home/wayay/line_follower_ws/install/custom_interfaces/local/lib/python3.10/dist-packages/custom_interfaces/action'...
[3.897s] Compiling '/home/wayay/line_follower_ws/install/custom_interfaces/local/lib/python3.10/dist-packages/custom_interfaces/action/__init__.py'...
[3.897s] Compiling '/home/wayay/line_follower_ws/install/custom_interfaces/local/lib/python3.10/dist-packages/custom_interfaces/action/_navigate_to_aruco.py'...
[3.900s] -- Installing: /home/wayay/line_follower_ws/install/custom_interfaces/local/lib/python3.10/dist-packages/custom_interfaces/custom_interfaces_s__rosidl_typesupport_fastrtps_c.cpython-310-x86_64-linux-gnu.so
[3.901s] -- Set runtime path of "/home/wayay/line_follower_ws/install/custom_interfaces/local/lib/python3.10/dist-packages/custom_interfaces/custom_interfaces_s__rosidl_typesupport_fastrtps_c.cpython-310-x86_64-linux-gnu.so" to ""
[3.901s] -- Installing: /home/wayay/line_follower_ws/install/custom_interfaces/local/lib/python3.10/dist-packages/custom_interfaces/custom_interfaces_s__rosidl_typesupport_introspection_c.cpython-310-x86_64-linux-gnu.so
[3.901s] -- Set runtime path of "/home/wayay/line_follower_ws/install/custom_interfaces/local/lib/python3.10/dist-packages/custom_interfaces/custom_interfaces_s__rosidl_typesupport_introspection_c.cpython-310-x86_64-linux-gnu.so" to ""
[3.901s] -- Installing: /home/wayay/line_follower_ws/install/custom_interfaces/local/lib/python3.10/dist-packages/custom_interfaces/custom_interfaces_s__rosidl_typesupport_c.cpython-310-x86_64-linux-gnu.so
[3.901s] -- Set runtime path of "/home/wayay/line_follower_ws/install/custom_interfaces/local/lib/python3.10/dist-packages/custom_interfaces/custom_interfaces_s__rosidl_typesupport_c.cpython-310-x86_64-linux-gnu.so" to ""
[3.901s] -- Installing: /home/wayay/line_follower_ws/install/custom_interfaces/lib/libcustom_interfaces__rosidl_generator_py.so
[3.901s] -- Set runtime path of "/home/wayay/line_follower_ws/install/custom_interfaces/lib/libcustom_interfaces__rosidl_generator_py.so" to ""
[3.902s] -- Installing: /home/wayay/line_follower_ws/install/custom_interfaces/share/custom_interfaces/action/NavigateToAruco.idl
[3.902s] -- Installing: /home/wayay/line_follower_ws/install/custom_interfaces/share/custom_interfaces/action/NavigateToAruco.action
[3.902s] -- Installing: /home/wayay/line_follower_ws/install/custom_interfaces/share/ament_index/resource_index/package_run_dependencies/custom_interfaces
[3.902s] -- Installing: /home/wayay/line_follower_ws/install/custom_interfaces/share/ament_index/resource_index/parent_prefix_path/custom_interfaces
[3.902s] -- Installing: /home/wayay/line_follower_ws/install/custom_interfaces/share/custom_interfaces/environment/ament_prefix_path.sh
[3.902s] -- Installing: /home/wayay/line_follower_ws/install/custom_interfaces/share/custom_interfaces/environment/ament_prefix_path.dsv
[3.902s] -- Installing: /home/wayay/line_follower_ws/install/custom_interfaces/share/custom_interfaces/environment/path.sh
[3.902s] -- Installing: /home/wayay/line_follower_ws/install/custom_interfaces/share/custom_interfaces/environment/path.dsv
[3.902s] -- Installing: /home/wayay/line_follower_ws/install/custom_interfaces/share/custom_interfaces/local_setup.bash
[3.902s] -- Installing: /home/wayay/line_follower_ws/install/custom_interfaces/share/custom_interfaces/local_setup.sh
[3.902s] -- Installing: /home/wayay/line_follower_ws/install/custom_interfaces/share/custom_interfaces/local_setup.zsh
[3.903s] -- Installing: /home/wayay/line_follower_ws/install/custom_interfaces/share/custom_interfaces/local_setup.dsv
[3.903s] -- Installing: /home/wayay/line_follower_ws/install/custom_interfaces/share/custom_interfaces/package.dsv
[3.903s] -- Installing: /home/wayay/line_follower_ws/install/custom_interfaces/share/ament_index/resource_index/packages/custom_interfaces
[3.903s] -- Installing: /home/wayay/line_follower_ws/install/custom_interfaces/share/custom_interfaces/cmake/export_custom_interfaces__rosidl_generator_cExport.cmake
[3.903s] -- Installing: /home/wayay/line_follower_ws/install/custom_interfaces/share/custom_interfaces/cmake/export_custom_interfaces__rosidl_generator_cExport-noconfig.cmake
[3.903s] -- Installing: /home/wayay/line_follower_ws/install/custom_interfaces/share/custom_interfaces/cmake/export_custom_interfaces__rosidl_typesupport_fastrtps_cExport.cmake
[3.903s] -- Installing: /home/wayay/line_follower_ws/install/custom_interfaces/share/custom_interfaces/cmake/export_custom_interfaces__rosidl_typesupport_fastrtps_cExport-noconfig.cmake
[3.903s] -- Installing: /home/wayay/line_follower_ws/install/custom_interfaces/share/custom_interfaces/cmake/custom_interfaces__rosidl_typesupport_introspection_cExport.cmake
[3.903s] -- Installing: /home/wayay/line_follower_ws/install/custom_interfaces/share/custom_interfaces/cmake/custom_interfaces__rosidl_typesupport_introspection_cExport-noconfig.cmake
[3.903s] -- Installing: /home/wayay/line_follower_ws/install/custom_interfaces/share/custom_interfaces/cmake/custom_interfaces__rosidl_typesupport_cExport.cmake
[3.903s] -- Installing: /home/wayay/line_follower_ws/install/custom_interfaces/share/custom_interfaces/cmake/custom_interfaces__rosidl_typesupport_cExport-noconfig.cmake
[3.903s] -- Installing: /home/wayay/line_follower_ws/install/custom_interfaces/share/custom_interfaces/cmake/export_custom_interfaces__rosidl_generator_cppExport.cmake
[3.904s] -- Installing: /home/wayay/line_follower_ws/install/custom_interfaces/share/custom_interfaces/cmake/export_custom_interfaces__rosidl_typesupport_fastrtps_cppExport.cmake
[3.904s] -- Installing: /home/wayay/line_follower_ws/install/custom_interfaces/share/custom_interfaces/cmake/export_custom_interfaces__rosidl_typesupport_fastrtps_cppExport-noconfig.cmake
[3.904s] -- Installing: /home/wayay/line_follower_ws/install/custom_interfaces/share/custom_interfaces/cmake/custom_interfaces__rosidl_typesupport_introspection_cppExport.cmake
[3.904s] -- Installing: /home/wayay/line_follower_ws/install/custom_interfaces/share/custom_interfaces/cmake/custom_interfaces__rosidl_typesupport_introspection_cppExport-noconfig.cmake
[3.904s] -- Installing: /home/wayay/line_follower_ws/install/custom_interfaces/share/custom_interfaces/cmake/custom_interfaces__rosidl_typesupport_cppExport.cmake
[3.904s] -- Installing: /home/wayay/line_follower_ws/install/custom_interfaces/share/custom_interfaces/cmake/custom_interfaces__rosidl_typesupport_cppExport-noconfig.cmake
[3.904s] -- Installing: /home/wayay/line_follower_ws/install/custom_interfaces/share/custom_interfaces/cmake/export_custom_interfaces__rosidl_generator_pyExport.cmake
[3.904s] -- Installing: /home/wayay/line_follower_ws/install/custom_interfaces/share/custom_interfaces/cmake/export_custom_interfaces__rosidl_generator_pyExport-noconfig.cmake
[3.904s] -- Installing: /home/wayay/line_follower_ws/install/custom_interfaces/share/custom_interfaces/cmake/rosidl_cmake-extras.cmake
[3.904s] -- Installing: /home/wayay/line_follower_ws/install/custom_interfaces/share/custom_interfaces/cmake/ament_cmake_export_dependencies-extras.cmake
[3.904s] -- Installing: /home/wayay/line_follower_ws/install/custom_interfaces/share/custom_interfaces/cmake/ament_cmake_export_include_directories-extras.cmake
[3.905s] -- Installing: /home/wayay/line_follower_ws/install/custom_interfaces/share/custom_interfaces/cmake/ament_cmake_export_libraries-extras.cmake
[3.905s] -- Installing: /home/wayay/line_follower_ws/install/custom_interfaces/share/custom_interfaces/cmake/ament_cmake_export_targets-extras.cmake
[3.905s] -- Installing: /home/wayay/line_follower_ws/install/custom_interfaces/share/custom_interfaces/cmake/rosidl_cmake_export_typesupport_targets-extras.cmake
[3.905s] -- Installing: /home/wayay/line_follower_ws/install/custom_interfaces/share/custom_interfaces/cmake/rosidl_cmake_export_typesupport_libraries-extras.cmake
[3.905s] -- Installing: /home/wayay/line_follower_ws/install/custom_interfaces/share/custom_interfaces/cmake/custom_interfacesConfig.cmake
[3.905s] -- Installing: /home/wayay/line_follower_ws/install/custom_interfaces/share/custom_interfaces/cmake/custom_interfacesConfig-version.cmake
[3.905s] -- Installing: /home/wayay/line_follower_ws/install/custom_interfaces/share/custom_interfaces/package.xml
[3.907s] Invoked command in '/home/wayay/line_follower_ws/build/custom_interfaces' returned '0': CMAKE_PREFIX_PATH=/home/wayay/ros2_ws/install/simple_interfaces:/home/wayay/ros2_ws/install/robotics_sim_project:/home/wayay/ros2_ws/install/mobile_arm_gazebo:/home/wayay/ros2_ws/install/simple_params:/home/wayay/ros2_ws/install/service_practice:/home/wayay/ros2_ws/install/robot_actions:/home/wayay/ros2_ws/install/my_first_package:/home/wayay/ros2_ws/install/line_navigation:/home/wayay/ros2_ws/install/fleet_manager:/home/wayay/ros2_ws/install/exercice5_ping_pong_package:/home/wayay/ros2_ws/install/exercice4_turtlecontroller_package:/home/wayay/ros2_ws/install/calculator_service:/opt/ros/humble:/home/wayay/ros2_ws/install/mobile_arm_description:/home/wayay/ros2_ws/install/mobile_arm_control:/home/wayay/ros2_ws/install/fleet_interfaces:/home/wayay/ros2_ws/install/custom_interfaces:/home/wayay/ros2_ws/install/calculator_interfaces /usr/bin/cmake --install /home/wayay/line_follower_ws/build/custom_interfaces
