[0.008s] Invoking command in '/home/wayay/Ros/ROS2_Project/build/custom_interfaces': CMAKE_PREFIX_PATH=${CMAKE_PREFIX_PATH}:/home/wayay/Ros/ROS2_Project/install/blue_line_follower:/opt/ros/humble /usr/bin/cmake --build /home/wayay/Ros/ROS2_Project/build/custom_interfaces -- -j6 -l6
[0.026s] -- Found ament_cmake: 1.3.12 (/opt/ros/humble/share/ament_cmake/cmake)
[0.118s] -- Found rosidl_default_generators: 1.2.0 (/opt/ros/humble/share/rosidl_default_generators/cmake)
[0.120s] -- Using all available rosidl_typesupport_c: rosidl_typesupport_fastrtps_c;rosidl_typesupport_introspection_c
[0.124s] -- Found rosidl_adapter: 3.1.7 (/opt/ros/humble/share/rosidl_adapter/cmake)
[0.162s] -- Using all available rosidl_typesupport_cpp: rosidl_typesupport_fastrtps_cpp;rosidl_typesupport_introspection_cpp
[0.184s] -- Found action_msgs: 1.2.2 (/opt/ros/humble/share/action_msgs/cmake)
[0.427s] -- Found ament_cmake_ros: 0.10.0 (/opt/ros/humble/share/ament_cmake_ros/cmake)
[0.589s] -- Using all available rosidl_typesupport_c: rosidl_typesupport_fastrtps_c;rosidl_typesupport_introspection_c
[0.822s] -- Using all available rosidl_typesupport_cpp: rosidl_typesupport_fastrtps_cpp;rosidl_typesupport_introspection_cpp
[0.840s] -- Found python_cmake_module: 0.10.0 (/opt/ros/humble/share/python_cmake_module/cmake)
[0.857s] -- Using PYTHON_EXECUTABLE: /usr/bin/python3
[0.857s] -- Using PYTHON_INCLUDE_DIRS: /usr/include/python3.10
[0.857s] -- Using PYTHON_LIBRARIES: /usr/lib/x86_64-linux-gnu/libpython3.10.so
[0.871s] -- Found ament_lint_auto: 0.12.14 (/opt/ros/humble/share/ament_lint_auto/cmake)
[0.876s] -- Added test 'lint_cmake' to check CMake code style
[0.877s] -- Added test 'xmllint' to check XML markup files
[0.878s] -- Configuring done
[0.900s] -- Generating done
[0.909s] -- Build files have been written to: /home/wayay/Ros/ROS2_Project/build/custom_interfaces
[0.929s] [  3%] [34m[1mGenerating C code for ROS interfaces[0m
[0.936s] [  6%] [34m[1mGenerating C++ code for ROS interfaces[0m
[0.941s] [  6%] Built target ament_cmake_python_copy_custom_interfaces
[1.121s] running egg_info
[1.121s] writing custom_interfaces.egg-info/PKG-INFO
[1.121s] writing dependency_links to custom_interfaces.egg-info/dependency_links.txt
[1.122s] writing top-level names to custom_interfaces.egg-info/top_level.txt
[1.123s] reading manifest file 'custom_interfaces.egg-info/SOURCES.txt'
[1.123s] writing manifest file 'custom_interfaces.egg-info/SOURCES.txt'
[1.142s] [  6%] Built target ament_cmake_python_build_custom_interfaces_egg
[1.377s] [35m[1mConsolidate compiler generated dependencies of target custom_interfaces__rosidl_generator_c[0m
[1.386s] [  6%] Built target custom_interfaces__cpp
[1.387s] [  9%] [32mBuilding C object CMakeFiles/custom_interfaces__rosidl_generator_c.dir/rosidl_generator_c/custom_interfaces/action/detail/navigate_to_aruco__functions.c.o[0m
[1.393s] [ 16%] [34m[1mGenerating C++ introspection for ROS interfaces[0m
[1.393s] [ 16%] [34m[1mGenerating C++ type support dispatch for ROS interfaces[0m
[1.393s] [ 19%] [34m[1mGenerating C++ type support for eProsima Fast-RTPS[0m
[1.480s] [ 22%] [32m[1mLinking C shared library libcustom_interfaces__rosidl_generator_c.so[0m
[1.504s] [ 22%] Built target custom_interfaces__rosidl_generator_c
[1.513s] [ 29%] [34m[1mGenerating C introspection for ROS interfaces[0m
[1.513s] [ 29%] [34m[1mGenerating C type support dispatch for ROS interfaces[0m
[1.515s] [ 32%] [34m[1mGenerating C type support for eProsima Fast-RTPS[0m
[1.729s] [35m[1mConsolidate compiler generated dependencies of target custom_interfaces__rosidl_typesupport_cpp[0m
[1.743s] [ 35%] [32mBuilding CXX object CMakeFiles/custom_interfaces__rosidl_typesupport_cpp.dir/rosidl_typesupport_cpp/custom_interfaces/action/navigate_to_aruco__type_support.cpp.o[0m
[1.761s] [35m[1mConsolidate compiler generated dependencies of target custom_interfaces__rosidl_typesupport_introspection_cpp[0m
[1.777s] [ 38%] [32mBuilding CXX object CMakeFiles/custom_interfaces__rosidl_typesupport_introspection_cpp.dir/rosidl_typesupport_introspection_cpp/custom_interfaces/action/detail/navigate_to_aruco__type_support.cpp.o[0m
[1.820s] [35m[1mConsolidate compiler generated dependencies of target custom_interfaces__rosidl_typesupport_fastrtps_cpp[0m
[1.828s] [ 41%] [32mBuilding CXX object CMakeFiles/custom_interfaces__rosidl_typesupport_fastrtps_cpp.dir/rosidl_typesupport_fastrtps_cpp/custom_interfaces/action/detail/dds_fastrtps/navigate_to_aruco__type_support.cpp.o[0m
[1.840s] [35m[1mConsolidate compiler generated dependencies of target custom_interfaces__rosidl_typesupport_c[0m
[1.849s] [ 45%] [32mBuilding CXX object CMakeFiles/custom_interfaces__rosidl_typesupport_c.dir/rosidl_typesupport_c/custom_interfaces/action/navigate_to_aruco__type_support.cpp.o[0m
[1.884s] [ 48%] [32m[1mLinking CXX shared library libcustom_interfaces__rosidl_typesupport_c.so[0m
[1.914s] [ 48%] Built target custom_interfaces__rosidl_typesupport_c
[1.928s] [35m[1mConsolidate compiler generated dependencies of target custom_interfaces__rosidl_typesupport_introspection_c[0m
[1.929s] [35m[1mConsolidate compiler generated dependencies of target custom_interfaces__rosidl_typesupport_fastrtps_c[0m
[1.939s] [ 51%] [32mBuilding C object CMakeFiles/custom_interfaces__rosidl_typesupport_introspection_c.dir/rosidl_typesupport_introspection_c/custom_interfaces/action/detail/navigate_to_aruco__type_support.c.o[0m
[1.939s] [ 54%] [32mBuilding CXX object CMakeFiles/custom_interfaces__rosidl_typesupport_fastrtps_c.dir/rosidl_typesupport_fastrtps_c/custom_interfaces/action/detail/navigate_to_aruco__type_support_c.cpp.o[0m
[1.973s] [ 58%] [32m[1mLinking C shared library libcustom_interfaces__rosidl_typesupport_introspection_c.so[0m
[1.995s] [ 58%] Built target custom_interfaces__rosidl_typesupport_introspection_c
[2.072s] [ 61%] [32m[1mLinking CXX shared library libcustom_interfaces__rosidl_typesupport_cpp.so[0m
[2.098s] [ 61%] Built target custom_interfaces__rosidl_typesupport_cpp
[2.184s] [ 64%] [32m[1mLinking CXX shared library libcustom_interfaces__rosidl_typesupport_introspection_cpp.so[0m
[2.211s] [ 67%] [32m[1mLinking CXX shared library libcustom_interfaces__rosidl_typesupport_fastrtps_c.so[0m
[2.217s] [ 70%] [32m[1mLinking CXX shared library libcustom_interfaces__rosidl_typesupport_fastrtps_cpp.so[0m
[2.235s] [ 70%] Built target custom_interfaces__rosidl_typesupport_introspection_cpp
[2.264s] [ 70%] Built target custom_interfaces__rosidl_typesupport_fastrtps_c
[2.269s] [ 70%] Built target custom_interfaces__rosidl_typesupport_fastrtps_cpp
[2.282s] [ 70%] Built target custom_interfaces
[2.296s] [ 74%] [34m[1mGenerating Python code for ROS interfaces[0m
[3.079s] [ 74%] Built target custom_interfaces__py
[3.086s] [35m[1mConsolidate compiler generated dependencies of target custom_interfaces__rosidl_generator_py[0m
[3.096s] [ 77%] [32mBuilding C object CMakeFiles/custom_interfaces__rosidl_generator_py.dir/rosidl_generator_py/custom_interfaces/action/_navigate_to_aruco_s.c.o[0m
[3.208s] [ 80%] [32m[1mLinking C shared library rosidl_generator_py/custom_interfaces/libcustom_interfaces__rosidl_generator_py.so[0m
[3.246s] [ 80%] Built target custom_interfaces__rosidl_generator_py
[3.255s] [35m[1mConsolidate compiler generated dependencies of target custom_interfaces__rosidl_typesupport_c__pyext[0m
[3.255s] [35m[1mConsolidate compiler generated dependencies of target custom_interfaces__rosidl_typesupport_fastrtps_c__pyext[0m
[3.258s] [35m[1mConsolidate compiler generated dependencies of target custom_interfaces__rosidl_typesupport_introspection_c__pyext[0m
[3.263s] [ 83%] [32mBuilding C object CMakeFiles/custom_interfaces__rosidl_typesupport_fastrtps_c__pyext.dir/rosidl_generator_py/custom_interfaces/_custom_interfaces_s.ep.rosidl_typesupport_fastrtps_c.c.o[0m
[3.264s] [ 87%] [32mBuilding C object CMakeFiles/custom_interfaces__rosidl_typesupport_c__pyext.dir/rosidl_generator_py/custom_interfaces/_custom_interfaces_s.ep.rosidl_typesupport_c.c.o[0m
[3.271s] [ 90%] [32mBuilding C object CMakeFiles/custom_interfaces__rosidl_typesupport_introspection_c__pyext.dir/rosidl_generator_py/custom_interfaces/_custom_interfaces_s.ep.rosidl_typesupport_introspection_c.c.o[0m
[3.348s] [ 96%] [32m[1mLinking C shared library rosidl_generator_py/custom_interfaces/custom_interfaces_s__rosidl_typesupport_fastrtps_c.cpython-310-x86_64-linux-gnu.so[0m
[3.348s] [ 96%] [32m[1mLinking C shared library rosidl_generator_py/custom_interfaces/custom_interfaces_s__rosidl_typesupport_c.cpython-310-x86_64-linux-gnu.so[0m
[3.355s] [100%] [32m[1mLinking C shared library rosidl_generator_py/custom_interfaces/custom_interfaces_s__rosidl_typesupport_introspection_c.cpython-310-x86_64-linux-gnu.so[0m
[3.374s] [100%] Built target custom_interfaces__rosidl_typesupport_fastrtps_c__pyext
[3.374s] [100%] Built target custom_interfaces__rosidl_typesupport_c__pyext
[3.381s] [100%] Built target custom_interfaces__rosidl_typesupport_introspection_c__pyext
[3.389s] Invoked command in '/home/wayay/Ros/ROS2_Project/build/custom_interfaces' returned '0': CMAKE_PREFIX_PATH=${CMAKE_PREFIX_PATH}:/home/wayay/Ros/ROS2_Project/install/blue_line_follower:/opt/ros/humble /usr/bin/cmake --build /home/wayay/Ros/ROS2_Project/build/custom_interfaces -- -j6 -l6
[3.395s] Invoking command in '/home/wayay/Ros/ROS2_Project/build/custom_interfaces': CMAKE_PREFIX_PATH=${CMAKE_PREFIX_PATH}:/home/wayay/Ros/ROS2_Project/install/blue_line_follower:/opt/ros/humble /usr/bin/cmake --install /home/wayay/Ros/ROS2_Project/build/custom_interfaces
[3.401s] -- Install configuration: ""
[3.401s] -- Up-to-date: /home/wayay/Ros/ROS2_Project/install/custom_interfaces/share/ament_index/resource_index/rosidl_interfaces/custom_interfaces
[3.401s] -- Up-to-date: /home/wayay/Ros/ROS2_Project/install/custom_interfaces/include/custom_interfaces/custom_interfaces
[3.401s] -- Up-to-date: /home/wayay/Ros/ROS2_Project/install/custom_interfaces/include/custom_interfaces/custom_interfaces/msg
[3.401s] -- Up-to-date: /home/wayay/Ros/ROS2_Project/install/custom_interfaces/include/custom_interfaces/custom_interfaces/msg/rosidl_generator_c__visibility_control.h
[3.401s] -- Up-to-date: /home/wayay/Ros/ROS2_Project/install/custom_interfaces/include/custom_interfaces/custom_interfaces/action
[3.401s] -- Up-to-date: /home/wayay/Ros/ROS2_Project/install/custom_interfaces/include/custom_interfaces/custom_interfaces/action/detail
[3.401s] -- Installing: /home/wayay/Ros/ROS2_Project/install/custom_interfaces/include/custom_interfaces/custom_interfaces/action/detail/navigate_to_aruco__functions.c
[3.401s] -- Installing: /home/wayay/Ros/ROS2_Project/install/custom_interfaces/include/custom_interfaces/custom_interfaces/action/detail/navigate_to_aruco__struct.h
[3.401s] -- Installing: /home/wayay/Ros/ROS2_Project/install/custom_interfaces/include/custom_interfaces/custom_interfaces/action/detail/navigate_to_aruco__type_support.h
[3.401s] -- Installing: /home/wayay/Ros/ROS2_Project/install/custom_interfaces/include/custom_interfaces/custom_interfaces/action/detail/navigate_to_aruco__functions.h
[3.401s] -- Installing: /home/wayay/Ros/ROS2_Project/install/custom_interfaces/include/custom_interfaces/custom_interfaces/action/navigate_to_aruco.h
[3.401s] -- Up-to-date: /home/wayay/Ros/ROS2_Project/install/custom_interfaces/share/custom_interfaces/environment/library_path.sh
[3.401s] -- Installing: /home/wayay/Ros/ROS2_Project/install/custom_interfaces/share/custom_interfaces/environment/library_path.dsv
[3.401s] -- Installing: /home/wayay/Ros/ROS2_Project/install/custom_interfaces/lib/libcustom_interfaces__rosidl_generator_c.so
[3.402s] -- Set runtime path of "/home/wayay/Ros/ROS2_Project/install/custom_interfaces/lib/libcustom_interfaces__rosidl_generator_c.so" to ""
[3.402s] -- Up-to-date: /home/wayay/Ros/ROS2_Project/install/custom_interfaces/include/custom_interfaces/custom_interfaces
[3.402s] -- Up-to-date: /home/wayay/Ros/ROS2_Project/install/custom_interfaces/include/custom_interfaces/custom_interfaces/msg
[3.402s] -- Up-to-date: /home/wayay/Ros/ROS2_Project/install/custom_interfaces/include/custom_interfaces/custom_interfaces/msg/rosidl_typesupport_fastrtps_c__visibility_control.h
[3.402s] -- Up-to-date: /home/wayay/Ros/ROS2_Project/install/custom_interfaces/include/custom_interfaces/custom_interfaces/action
[3.402s] -- Up-to-date: /home/wayay/Ros/ROS2_Project/install/custom_interfaces/include/custom_interfaces/custom_interfaces/action/detail
[3.402s] -- Installing: /home/wayay/Ros/ROS2_Project/install/custom_interfaces/include/custom_interfaces/custom_interfaces/action/detail/navigate_to_aruco__rosidl_typesupport_fastrtps_c.h
[3.402s] -- Installing: /home/wayay/Ros/ROS2_Project/install/custom_interfaces/lib/libcustom_interfaces__rosidl_typesupport_fastrtps_c.so
[3.402s] -- Set runtime path of "/home/wayay/Ros/ROS2_Project/install/custom_interfaces/lib/libcustom_interfaces__rosidl_typesupport_fastrtps_c.so" to ""
[3.402s] -- Up-to-date: /home/wayay/Ros/ROS2_Project/install/custom_interfaces/include/custom_interfaces/custom_interfaces
[3.402s] -- Up-to-date: /home/wayay/Ros/ROS2_Project/install/custom_interfaces/include/custom_interfaces/custom_interfaces/msg
[3.402s] -- Up-to-date: /home/wayay/Ros/ROS2_Project/install/custom_interfaces/include/custom_interfaces/custom_interfaces/msg/rosidl_typesupport_introspection_c__visibility_control.h
[3.403s] -- Up-to-date: /home/wayay/Ros/ROS2_Project/install/custom_interfaces/include/custom_interfaces/custom_interfaces/action
[3.403s] -- Up-to-date: /home/wayay/Ros/ROS2_Project/install/custom_interfaces/include/custom_interfaces/custom_interfaces/action/detail
[3.403s] -- Installing: /home/wayay/Ros/ROS2_Project/install/custom_interfaces/include/custom_interfaces/custom_interfaces/action/detail/navigate_to_aruco__rosidl_typesupport_introspection_c.h
[3.403s] -- Installing: /home/wayay/Ros/ROS2_Project/install/custom_interfaces/include/custom_interfaces/custom_interfaces/action/detail/navigate_to_aruco__type_support.c
[3.403s] -- Installing: /home/wayay/Ros/ROS2_Project/install/custom_interfaces/lib/libcustom_interfaces__rosidl_typesupport_introspection_c.so
[3.403s] -- Set runtime path of "/home/wayay/Ros/ROS2_Project/install/custom_interfaces/lib/libcustom_interfaces__rosidl_typesupport_introspection_c.so" to ""
[3.403s] -- Installing: /home/wayay/Ros/ROS2_Project/install/custom_interfaces/lib/libcustom_interfaces__rosidl_typesupport_c.so
[3.403s] -- Set runtime path of "/home/wayay/Ros/ROS2_Project/install/custom_interfaces/lib/libcustom_interfaces__rosidl_typesupport_c.so" to ""
[3.403s] -- Up-to-date: /home/wayay/Ros/ROS2_Project/install/custom_interfaces/include/custom_interfaces/custom_interfaces
[3.403s] -- Up-to-date: /home/wayay/Ros/ROS2_Project/install/custom_interfaces/include/custom_interfaces/custom_interfaces/msg
[3.403s] -- Up-to-date: /home/wayay/Ros/ROS2_Project/install/custom_interfaces/include/custom_interfaces/custom_interfaces/msg/rosidl_generator_cpp__visibility_control.hpp
[3.403s] -- Up-to-date: /home/wayay/Ros/ROS2_Project/install/custom_interfaces/include/custom_interfaces/custom_interfaces/action
[3.404s] -- Up-to-date: /home/wayay/Ros/ROS2_Project/install/custom_interfaces/include/custom_interfaces/custom_interfaces/action/detail
[3.404s] -- Installing: /home/wayay/Ros/ROS2_Project/install/custom_interfaces/include/custom_interfaces/custom_interfaces/action/detail/navigate_to_aruco__type_support.hpp
[3.404s] -- Installing: /home/wayay/Ros/ROS2_Project/install/custom_interfaces/include/custom_interfaces/custom_interfaces/action/detail/navigate_to_aruco__traits.hpp
[3.404s] -- Installing: /home/wayay/Ros/ROS2_Project/install/custom_interfaces/include/custom_interfaces/custom_interfaces/action/detail/navigate_to_aruco__builder.hpp
[3.404s] -- Installing: /home/wayay/Ros/ROS2_Project/install/custom_interfaces/include/custom_interfaces/custom_interfaces/action/detail/navigate_to_aruco__struct.hpp
[3.404s] -- Installing: /home/wayay/Ros/ROS2_Project/install/custom_interfaces/include/custom_interfaces/custom_interfaces/action/navigate_to_aruco.hpp
[3.404s] -- Up-to-date: /home/wayay/Ros/ROS2_Project/install/custom_interfaces/include/custom_interfaces/custom_interfaces
[3.404s] -- Up-to-date: /home/wayay/Ros/ROS2_Project/install/custom_interfaces/include/custom_interfaces/custom_interfaces/msg
[3.404s] -- Up-to-date: /home/wayay/Ros/ROS2_Project/install/custom_interfaces/include/custom_interfaces/custom_interfaces/msg/rosidl_typesupport_fastrtps_cpp__visibility_control.h
[3.404s] -- Up-to-date: /home/wayay/Ros/ROS2_Project/install/custom_interfaces/include/custom_interfaces/custom_interfaces/action
[3.404s] -- Up-to-date: /home/wayay/Ros/ROS2_Project/install/custom_interfaces/include/custom_interfaces/custom_interfaces/action/detail
[3.404s] -- Installing: /home/wayay/Ros/ROS2_Project/install/custom_interfaces/include/custom_interfaces/custom_interfaces/action/detail/navigate_to_aruco__rosidl_typesupport_fastrtps_cpp.hpp
[3.404s] -- Up-to-date: /home/wayay/Ros/ROS2_Project/install/custom_interfaces/include/custom_interfaces/custom_interfaces/action/detail/dds_fastrtps
[3.404s] -- Installing: /home/wayay/Ros/ROS2_Project/install/custom_interfaces/lib/libcustom_interfaces__rosidl_typesupport_fastrtps_cpp.so
[3.404s] -- Set runtime path of "/home/wayay/Ros/ROS2_Project/install/custom_interfaces/lib/libcustom_interfaces__rosidl_typesupport_fastrtps_cpp.so" to ""
[3.404s] -- Up-to-date: /home/wayay/Ros/ROS2_Project/install/custom_interfaces/include/custom_interfaces/custom_interfaces
[3.405s] -- Up-to-date: /home/wayay/Ros/ROS2_Project/install/custom_interfaces/include/custom_interfaces/custom_interfaces/action
[3.405s] -- Up-to-date: /home/wayay/Ros/ROS2_Project/install/custom_interfaces/include/custom_interfaces/custom_interfaces/action/detail
[3.405s] -- Installing: /home/wayay/Ros/ROS2_Project/install/custom_interfaces/include/custom_interfaces/custom_interfaces/action/detail/navigate_to_aruco__type_support.cpp
[3.405s] -- Installing: /home/wayay/Ros/ROS2_Project/install/custom_interfaces/include/custom_interfaces/custom_interfaces/action/detail/navigate_to_aruco__rosidl_typesupport_introspection_cpp.hpp
[3.405s] -- Installing: /home/wayay/Ros/ROS2_Project/install/custom_interfaces/lib/libcustom_interfaces__rosidl_typesupport_introspection_cpp.so
[3.405s] -- Set runtime path of "/home/wayay/Ros/ROS2_Project/install/custom_interfaces/lib/libcustom_interfaces__rosidl_typesupport_introspection_cpp.so" to ""
[3.405s] -- Installing: /home/wayay/Ros/ROS2_Project/install/custom_interfaces/lib/libcustom_interfaces__rosidl_typesupport_cpp.so
[3.405s] -- Set runtime path of "/home/wayay/Ros/ROS2_Project/install/custom_interfaces/lib/libcustom_interfaces__rosidl_typesupport_cpp.so" to ""
[3.406s] -- Up-to-date: /home/wayay/Ros/ROS2_Project/install/custom_interfaces/share/custom_interfaces/environment/pythonpath.sh
[3.406s] -- Installing: /home/wayay/Ros/ROS2_Project/install/custom_interfaces/share/custom_interfaces/environment/pythonpath.dsv
[3.406s] -- Up-to-date: /home/wayay/Ros/ROS2_Project/install/custom_interfaces/local/lib/python3.10/dist-packages/custom_interfaces-0.0.0-py3.10.egg-info
[3.406s] -- Installing: /home/wayay/Ros/ROS2_Project/install/custom_interfaces/local/lib/python3.10/dist-packages/custom_interfaces-0.0.0-py3.10.egg-info/dependency_links.txt
[3.406s] -- Installing: /home/wayay/Ros/ROS2_Project/install/custom_interfaces/local/lib/python3.10/dist-packages/custom_interfaces-0.0.0-py3.10.egg-info/PKG-INFO
[3.406s] -- Installing: /home/wayay/Ros/ROS2_Project/install/custom_interfaces/local/lib/python3.10/dist-packages/custom_interfaces-0.0.0-py3.10.egg-info/top_level.txt
[3.406s] -- Installing: /home/wayay/Ros/ROS2_Project/install/custom_interfaces/local/lib/python3.10/dist-packages/custom_interfaces-0.0.0-py3.10.egg-info/SOURCES.txt
[3.406s] -- Up-to-date: /home/wayay/Ros/ROS2_Project/install/custom_interfaces/local/lib/python3.10/dist-packages/custom_interfaces
[3.406s] -- Installing: /home/wayay/Ros/ROS2_Project/install/custom_interfaces/local/lib/python3.10/dist-packages/custom_interfaces/custom_interfaces_s__rosidl_typesupport_c.cpython-310-x86_64-linux-gnu.so
[3.406s] -- Installing: /home/wayay/Ros/ROS2_Project/install/custom_interfaces/local/lib/python3.10/dist-packages/custom_interfaces/_custom_interfaces_s.ep.rosidl_typesupport_introspection_c.c
[3.406s] -- Installing: /home/wayay/Ros/ROS2_Project/install/custom_interfaces/local/lib/python3.10/dist-packages/custom_interfaces/libcustom_interfaces__rosidl_generator_py.so
[3.406s] -- Installing: /home/wayay/Ros/ROS2_Project/install/custom_interfaces/local/lib/python3.10/dist-packages/custom_interfaces/_custom_interfaces_s.ep.rosidl_typesupport_fastrtps_c.c
[3.406s] -- Installing: /home/wayay/Ros/ROS2_Project/install/custom_interfaces/local/lib/python3.10/dist-packages/custom_interfaces/custom_interfaces_s__rosidl_typesupport_fastrtps_c.cpython-310-x86_64-linux-gnu.so
[3.407s] -- Up-to-date: /home/wayay/Ros/ROS2_Project/install/custom_interfaces/local/lib/python3.10/dist-packages/custom_interfaces/action
[3.407s] -- Installing: /home/wayay/Ros/ROS2_Project/install/custom_interfaces/local/lib/python3.10/dist-packages/custom_interfaces/action/_navigate_to_aruco.py
[3.407s] -- Installing: /home/wayay/Ros/ROS2_Project/install/custom_interfaces/local/lib/python3.10/dist-packages/custom_interfaces/action/_navigate_to_aruco_s.c
[3.407s] -- Installing: /home/wayay/Ros/ROS2_Project/install/custom_interfaces/local/lib/python3.10/dist-packages/custom_interfaces/action/__init__.py
[3.407s] -- Installing: /home/wayay/Ros/ROS2_Project/install/custom_interfaces/local/lib/python3.10/dist-packages/custom_interfaces/__init__.py
[3.407s] -- Installing: /home/wayay/Ros/ROS2_Project/install/custom_interfaces/local/lib/python3.10/dist-packages/custom_interfaces/_custom_interfaces_s.ep.rosidl_typesupport_c.c
[3.407s] -- Installing: /home/wayay/Ros/ROS2_Project/install/custom_interfaces/local/lib/python3.10/dist-packages/custom_interfaces/custom_interfaces_s__rosidl_typesupport_introspection_c.cpython-310-x86_64-linux-gnu.so
[3.443s] Listing '/home/wayay/Ros/ROS2_Project/install/custom_interfaces/local/lib/python3.10/dist-packages/custom_interfaces'...
[3.443s] Compiling '/home/wayay/Ros/ROS2_Project/install/custom_interfaces/local/lib/python3.10/dist-packages/custom_interfaces/__init__.py'...
[3.443s] Listing '/home/wayay/Ros/ROS2_Project/install/custom_interfaces/local/lib/python3.10/dist-packages/custom_interfaces/action'...
[3.443s] Compiling '/home/wayay/Ros/ROS2_Project/install/custom_interfaces/local/lib/python3.10/dist-packages/custom_interfaces/action/__init__.py'...
[3.443s] Compiling '/home/wayay/Ros/ROS2_Project/install/custom_interfaces/local/lib/python3.10/dist-packages/custom_interfaces/action/_navigate_to_aruco.py'...
[3.446s] -- Installing: /home/wayay/Ros/ROS2_Project/install/custom_interfaces/local/lib/python3.10/dist-packages/custom_interfaces/custom_interfaces_s__rosidl_typesupport_fastrtps_c.cpython-310-x86_64-linux-gnu.so
[3.446s] -- Set runtime path of "/home/wayay/Ros/ROS2_Project/install/custom_interfaces/local/lib/python3.10/dist-packages/custom_interfaces/custom_interfaces_s__rosidl_typesupport_fastrtps_c.cpython-310-x86_64-linux-gnu.so" to ""
[3.446s] -- Installing: /home/wayay/Ros/ROS2_Project/install/custom_interfaces/local/lib/python3.10/dist-packages/custom_interfaces/custom_interfaces_s__rosidl_typesupport_introspection_c.cpython-310-x86_64-linux-gnu.so
[3.447s] -- Set runtime path of "/home/wayay/Ros/ROS2_Project/install/custom_interfaces/local/lib/python3.10/dist-packages/custom_interfaces/custom_interfaces_s__rosidl_typesupport_introspection_c.cpython-310-x86_64-linux-gnu.so" to ""
[3.447s] -- Installing: /home/wayay/Ros/ROS2_Project/install/custom_interfaces/local/lib/python3.10/dist-packages/custom_interfaces/custom_interfaces_s__rosidl_typesupport_c.cpython-310-x86_64-linux-gnu.so
[3.447s] -- Set runtime path of "/home/wayay/Ros/ROS2_Project/install/custom_interfaces/local/lib/python3.10/dist-packages/custom_interfaces/custom_interfaces_s__rosidl_typesupport_c.cpython-310-x86_64-linux-gnu.so" to ""
[3.447s] -- Installing: /home/wayay/Ros/ROS2_Project/install/custom_interfaces/lib/libcustom_interfaces__rosidl_generator_py.so
[3.448s] -- Set runtime path of "/home/wayay/Ros/ROS2_Project/install/custom_interfaces/lib/libcustom_interfaces__rosidl_generator_py.so" to ""
[3.448s] -- Installing: /home/wayay/Ros/ROS2_Project/install/custom_interfaces/share/custom_interfaces/action/NavigateToAruco.idl
[3.448s] -- Installing: /home/wayay/Ros/ROS2_Project/install/custom_interfaces/share/custom_interfaces/action/NavigateToAruco.action
[3.448s] -- Up-to-date: /home/wayay/Ros/ROS2_Project/install/custom_interfaces/share/ament_index/resource_index/package_run_dependencies/custom_interfaces
[3.448s] -- Up-to-date: /home/wayay/Ros/ROS2_Project/install/custom_interfaces/share/ament_index/resource_index/parent_prefix_path/custom_interfaces
[3.448s] -- Up-to-date: /home/wayay/Ros/ROS2_Project/install/custom_interfaces/share/custom_interfaces/environment/ament_prefix_path.sh
[3.448s] -- Installing: /home/wayay/Ros/ROS2_Project/install/custom_interfaces/share/custom_interfaces/environment/ament_prefix_path.dsv
[3.448s] -- Up-to-date: /home/wayay/Ros/ROS2_Project/install/custom_interfaces/share/custom_interfaces/environment/path.sh
[3.448s] -- Installing: /home/wayay/Ros/ROS2_Project/install/custom_interfaces/share/custom_interfaces/environment/path.dsv
[3.448s] -- Up-to-date: /home/wayay/Ros/ROS2_Project/install/custom_interfaces/share/custom_interfaces/local_setup.bash
[3.449s] -- Up-to-date: /home/wayay/Ros/ROS2_Project/install/custom_interfaces/share/custom_interfaces/local_setup.sh
[3.449s] -- Up-to-date: /home/wayay/Ros/ROS2_Project/install/custom_interfaces/share/custom_interfaces/local_setup.zsh
[3.449s] -- Installing: /home/wayay/Ros/ROS2_Project/install/custom_interfaces/share/custom_interfaces/local_setup.dsv
[3.449s] -- Installing: /home/wayay/Ros/ROS2_Project/install/custom_interfaces/share/custom_interfaces/package.dsv
[3.449s] -- Up-to-date: /home/wayay/Ros/ROS2_Project/install/custom_interfaces/share/ament_index/resource_index/packages/custom_interfaces
[3.449s] -- Up-to-date: /home/wayay/Ros/ROS2_Project/install/custom_interfaces/share/custom_interfaces/cmake/export_custom_interfaces__rosidl_generator_cExport.cmake
[3.449s] -- Up-to-date: /home/wayay/Ros/ROS2_Project/install/custom_interfaces/share/custom_interfaces/cmake/export_custom_interfaces__rosidl_generator_cExport-noconfig.cmake
[3.449s] -- Up-to-date: /home/wayay/Ros/ROS2_Project/install/custom_interfaces/share/custom_interfaces/cmake/export_custom_interfaces__rosidl_typesupport_fastrtps_cExport.cmake
[3.449s] -- Up-to-date: /home/wayay/Ros/ROS2_Project/install/custom_interfaces/share/custom_interfaces/cmake/export_custom_interfaces__rosidl_typesupport_fastrtps_cExport-noconfig.cmake
[3.449s] -- Up-to-date: /home/wayay/Ros/ROS2_Project/install/custom_interfaces/share/custom_interfaces/cmake/custom_interfaces__rosidl_typesupport_introspection_cExport.cmake
[3.449s] -- Up-to-date: /home/wayay/Ros/ROS2_Project/install/custom_interfaces/share/custom_interfaces/cmake/custom_interfaces__rosidl_typesupport_introspection_cExport-noconfig.cmake
[3.449s] -- Up-to-date: /home/wayay/Ros/ROS2_Project/install/custom_interfaces/share/custom_interfaces/cmake/custom_interfaces__rosidl_typesupport_cExport.cmake
[3.449s] -- Up-to-date: /home/wayay/Ros/ROS2_Project/install/custom_interfaces/share/custom_interfaces/cmake/custom_interfaces__rosidl_typesupport_cExport-noconfig.cmake
[3.449s] -- Up-to-date: /home/wayay/Ros/ROS2_Project/install/custom_interfaces/share/custom_interfaces/cmake/export_custom_interfaces__rosidl_generator_cppExport.cmake
[3.450s] -- Up-to-date: /home/wayay/Ros/ROS2_Project/install/custom_interfaces/share/custom_interfaces/cmake/export_custom_interfaces__rosidl_typesupport_fastrtps_cppExport.cmake
[3.450s] -- Up-to-date: /home/wayay/Ros/ROS2_Project/install/custom_interfaces/share/custom_interfaces/cmake/export_custom_interfaces__rosidl_typesupport_fastrtps_cppExport-noconfig.cmake
[3.450s] -- Up-to-date: /home/wayay/Ros/ROS2_Project/install/custom_interfaces/share/custom_interfaces/cmake/custom_interfaces__rosidl_typesupport_introspection_cppExport.cmake
[3.450s] -- Up-to-date: /home/wayay/Ros/ROS2_Project/install/custom_interfaces/share/custom_interfaces/cmake/custom_interfaces__rosidl_typesupport_introspection_cppExport-noconfig.cmake
[3.450s] -- Up-to-date: /home/wayay/Ros/ROS2_Project/install/custom_interfaces/share/custom_interfaces/cmake/custom_interfaces__rosidl_typesupport_cppExport.cmake
[3.450s] -- Up-to-date: /home/wayay/Ros/ROS2_Project/install/custom_interfaces/share/custom_interfaces/cmake/custom_interfaces__rosidl_typesupport_cppExport-noconfig.cmake
[3.450s] -- Up-to-date: /home/wayay/Ros/ROS2_Project/install/custom_interfaces/share/custom_interfaces/cmake/export_custom_interfaces__rosidl_generator_pyExport.cmake
[3.450s] -- Up-to-date: /home/wayay/Ros/ROS2_Project/install/custom_interfaces/share/custom_interfaces/cmake/export_custom_interfaces__rosidl_generator_pyExport-noconfig.cmake
[3.450s] -- Up-to-date: /home/wayay/Ros/ROS2_Project/install/custom_interfaces/share/custom_interfaces/cmake/rosidl_cmake-extras.cmake
[3.450s] -- Up-to-date: /home/wayay/Ros/ROS2_Project/install/custom_interfaces/share/custom_interfaces/cmake/ament_cmake_export_dependencies-extras.cmake
[3.450s] -- Up-to-date: /home/wayay/Ros/ROS2_Project/install/custom_interfaces/share/custom_interfaces/cmake/ament_cmake_export_include_directories-extras.cmake
[3.450s] -- Up-to-date: /home/wayay/Ros/ROS2_Project/install/custom_interfaces/share/custom_interfaces/cmake/ament_cmake_export_libraries-extras.cmake
[3.450s] -- Up-to-date: /home/wayay/Ros/ROS2_Project/install/custom_interfaces/share/custom_interfaces/cmake/ament_cmake_export_targets-extras.cmake
[3.450s] -- Up-to-date: /home/wayay/Ros/ROS2_Project/install/custom_interfaces/share/custom_interfaces/cmake/rosidl_cmake_export_typesupport_targets-extras.cmake
[3.450s] -- Up-to-date: /home/wayay/Ros/ROS2_Project/install/custom_interfaces/share/custom_interfaces/cmake/rosidl_cmake_export_typesupport_libraries-extras.cmake
[3.450s] -- Up-to-date: /home/wayay/Ros/ROS2_Project/install/custom_interfaces/share/custom_interfaces/cmake/custom_interfacesConfig.cmake
[3.450s] -- Up-to-date: /home/wayay/Ros/ROS2_Project/install/custom_interfaces/share/custom_interfaces/cmake/custom_interfacesConfig-version.cmake
[3.451s] -- Up-to-date: /home/wayay/Ros/ROS2_Project/install/custom_interfaces/share/custom_interfaces/package.xml
[3.452s] Invoked command in '/home/wayay/Ros/ROS2_Project/build/custom_interfaces' returned '0': CMAKE_PREFIX_PATH=${CMAKE_PREFIX_PATH}:/home/wayay/Ros/ROS2_Project/install/blue_line_follower:/opt/ros/humble /usr/bin/cmake --install /home/wayay/Ros/ROS2_Project/build/custom_interfaces
