[0.487s] Invoking command in '/home/wayay/line_follower_ws/src/blue_line_follower': PYTHONPATH=/home/wayay/line_follower_ws/build/blue_line_follower/prefix_override:/usr/lib/python3/dist-packages/colcon_core/task/python/colcon_distutils_commands:/home/wayay/line_follower_ws/install/blue_line_follower/lib/python3.10/site-packages:${PYTHONPATH} /usr/bin/python3 -W ignore:setup.py install is deprecated -W ignore:easy_install command is deprecated setup.py egg_info --egg-base ../../build/blue_line_follower build --build-base /home/wayay/line_follower_ws/build/blue_line_follower/build install --record /home/wayay/line_follower_ws/build/blue_line_follower/install.log --single-version-externally-managed install_data
[0.674s] running egg_info
[0.674s] writing ../../build/blue_line_follower/blue_line_follower.egg-info/PKG-INFO
[0.674s] writing dependency_links to ../../build/blue_line_follower/blue_line_follower.egg-info/dependency_links.txt
[0.675s] writing entry points to ../../build/blue_line_follower/blue_line_follower.egg-info/entry_points.txt
[0.675s] writing requirements to ../../build/blue_line_follower/blue_line_follower.egg-info/requires.txt
[0.675s] writing top-level names to ../../build/blue_line_follower/blue_line_follower.egg-info/top_level.txt
[0.675s] reading manifest file '../../build/blue_line_follower/blue_line_follower.egg-info/SOURCES.txt'
[0.676s] writing manifest file '../../build/blue_line_follower/blue_line_follower.egg-info/SOURCES.txt'
[0.676s] running build
[0.676s] running build_py
[0.677s] running install
[0.677s] running install_lib
[0.677s] running install_data
[0.678s] copying urdf/line_follower_robot.urdf.xacro -> /home/wayay/line_follower_ws/install/blue_line_follower/share/blue_line_follower/urdf
[0.678s] running install_egg_info
[0.679s] removing '/home/wayay/line_follower_ws/install/blue_line_follower/lib/python3.10/site-packages/blue_line_follower-1.0.0-py3.10.egg-info' (and everything under it)
[0.679s] Copying ../../build/blue_line_follower/blue_line_follower.egg-info to /home/wayay/line_follower_ws/install/blue_line_follower/lib/python3.10/site-packages/blue_line_follower-1.0.0-py3.10.egg-info
[0.680s] running install_scripts
[0.694s] Installing line_follower_node script to /home/wayay/line_follower_ws/install/blue_line_follower/lib/blue_line_follower
[0.694s] writing list of installed files to '/home/wayay/line_follower_ws/build/blue_line_follower/install.log'
[0.711s] Invoked command in '/home/wayay/line_follower_ws/src/blue_line_follower' returned '0': PYTHONPATH=/home/wayay/line_follower_ws/build/blue_line_follower/prefix_override:/usr/lib/python3/dist-packages/colcon_core/task/python/colcon_distutils_commands:/home/wayay/line_follower_ws/install/blue_line_follower/lib/python3.10/site-packages:${PYTHONPATH} /usr/bin/python3 -W ignore:setup.py install is deprecated -W ignore:easy_install command is deprecated setup.py egg_info --egg-base ../../build/blue_line_follower build --build-base /home/wayay/line_follower_ws/build/blue_line_follower/build install --record /home/wayay/line_follower_ws/build/blue_line_follower/install.log --single-version-externally-managed install_data
