[0.611s] Invoking command in '/home/wayay/line_follower_ws/src/blue_line_follower': AMENT_PREFIX_PATH=/home/wayay/line_follower_ws/install/custom_interfaces:${AMENT_PREFIX_PATH} CMAKE_PREFIX_PATH=/home/wayay/line_follower_ws/install/custom_interfaces:${CMAKE_PREFIX_PATH} LD_LIBRARY_PATH=/home/wayay/line_follower_ws/install/custom_interfaces/lib:${LD_LIBRARY_PATH} PYTHONPATH=/home/wayay/line_follower_ws/build/blue_line_follower/prefix_override:/usr/lib/python3/dist-packages/colcon_core/task/python/colcon_distutils_commands:/home/wayay/line_follower_ws/install/blue_line_follower/lib/python3.10/site-packages:/home/wayay/line_follower_ws/install/custom_interfaces/local/lib/python3.10/dist-packages:${PYTHONPATH} /usr/bin/python3 -W ignore:setup.py install is deprecated -W ignore:easy_install command is deprecated setup.py egg_info --egg-base ../../build/blue_line_follower build --build-base /home/wayay/line_follower_ws/build/blue_line_follower/build install --record /home/wayay/line_follower_ws/build/blue_line_follower/install.log --single-version-externally-managed install_data
[0.801s] running egg_info
[0.801s] writing ../../build/blue_line_follower/blue_line_follower.egg-info/PKG-INFO
[0.801s] writing dependency_links to ../../build/blue_line_follower/blue_line_follower.egg-info/dependency_links.txt
[0.801s] writing entry points to ../../build/blue_line_follower/blue_line_follower.egg-info/entry_points.txt
[0.801s] writing requirements to ../../build/blue_line_follower/blue_line_follower.egg-info/requires.txt
[0.801s] writing top-level names to ../../build/blue_line_follower/blue_line_follower.egg-info/top_level.txt
[0.802s] reading manifest file '../../build/blue_line_follower/blue_line_follower.egg-info/SOURCES.txt'
[0.803s] writing manifest file '../../build/blue_line_follower/blue_line_follower.egg-info/SOURCES.txt'
[0.804s] running build
[0.804s] running build_py
[0.804s] copying blue_line_follower/aruco_diagnostic.py -> /home/wayay/line_follower_ws/build/blue_line_follower/build/lib/blue_line_follower
[0.804s] copying blue_line_follower/aruco_navigation_server.py -> /home/wayay/line_follower_ws/build/blue_line_follower/build/lib/blue_line_follower
[0.804s] running install
[0.804s] running install_lib
[0.805s] copying /home/wayay/line_follower_ws/build/blue_line_follower/build/lib/blue_line_follower/aruco_diagnostic.py -> /home/wayay/line_follower_ws/install/blue_line_follower/lib/python3.10/site-packages/blue_line_follower
[0.805s] copying /home/wayay/line_follower_ws/build/blue_line_follower/build/lib/blue_line_follower/aruco_navigation_server.py -> /home/wayay/line_follower_ws/install/blue_line_follower/lib/python3.10/site-packages/blue_line_follower
[0.805s] byte-compiling /home/wayay/line_follower_ws/install/blue_line_follower/lib/python3.10/site-packages/blue_line_follower/aruco_diagnostic.py to aruco_diagnostic.cpython-310.pyc
[0.806s] byte-compiling /home/wayay/line_follower_ws/install/blue_line_follower/lib/python3.10/site-packages/blue_line_follower/aruco_navigation_server.py to aruco_navigation_server.cpython-310.pyc
[0.807s] running install_data
[0.807s] running install_egg_info
[0.808s] removing '/home/wayay/line_follower_ws/install/blue_line_follower/lib/python3.10/site-packages/blue_line_follower-1.0.0-py3.10.egg-info' (and everything under it)
[0.809s] Copying ../../build/blue_line_follower/blue_line_follower.egg-info to /home/wayay/line_follower_ws/install/blue_line_follower/lib/python3.10/site-packages/blue_line_follower-1.0.0-py3.10.egg-info
[0.809s] running install_scripts
[0.824s] Installing aruco_diagnostic script to /home/wayay/line_follower_ws/install/blue_line_follower/lib/blue_line_follower
[0.824s] Installing aruco_navigation_client script to /home/wayay/line_follower_ws/install/blue_line_follower/lib/blue_line_follower
[0.824s] Installing aruco_navigation_server script to /home/wayay/line_follower_ws/install/blue_line_follower/lib/blue_line_follower
[0.824s] Installing line_follower_node script to /home/wayay/line_follower_ws/install/blue_line_follower/lib/blue_line_follower
[0.824s] writing list of installed files to '/home/wayay/line_follower_ws/build/blue_line_follower/install.log'
[0.840s] Invoked command in '/home/wayay/line_follower_ws/src/blue_line_follower' returned '0': AMENT_PREFIX_PATH=/home/wayay/line_follower_ws/install/custom_interfaces:${AMENT_PREFIX_PATH} CMAKE_PREFIX_PATH=/home/wayay/line_follower_ws/install/custom_interfaces:${CMAKE_PREFIX_PATH} LD_LIBRARY_PATH=/home/wayay/line_follower_ws/install/custom_interfaces/lib:${LD_LIBRARY_PATH} PYTHONPATH=/home/wayay/line_follower_ws/build/blue_line_follower/prefix_override:/usr/lib/python3/dist-packages/colcon_core/task/python/colcon_distutils_commands:/home/wayay/line_follower_ws/install/blue_line_follower/lib/python3.10/site-packages:/home/wayay/line_follower_ws/install/custom_interfaces/local/lib/python3.10/dist-packages:${PYTHONPATH} /usr/bin/python3 -W ignore:setup.py install is deprecated -W ignore:easy_install command is deprecated setup.py egg_info --egg-base ../../build/blue_line_follower build --build-base /home/wayay/line_follower_ws/build/blue_line_follower/build install --record /home/wayay/line_follower_ws/build/blue_line_follower/install.log --single-version-externally-managed install_data
