/home/wayay/Ros/ROS2_Project/install/blue_line_follower/lib/python3.10/site-packages/blue_line_follower/keyboard_controller.py
/home/wayay/Ros/ROS2_Project/install/blue_line_follower/lib/python3.10/site-packages/blue_line_follower/aruco_diagnostic.py
/home/wayay/Ros/ROS2_Project/install/blue_line_follower/lib/python3.10/site-packages/blue_line_follower/line_follower_node.py
/home/wayay/Ros/ROS2_Project/install/blue_line_follower/lib/python3.10/site-packages/blue_line_follower/__init__.py
/home/wayay/Ros/ROS2_Project/install/blue_line_follower/lib/python3.10/site-packages/blue_line_follower/pusher_controller.py
/home/wayay/Ros/ROS2_Project/install/blue_line_follower/lib/python3.10/site-packages/blue_line_follower/pusher_tester.py
/home/wayay/Ros/ROS2_Project/install/blue_line_follower/lib/python3.10/site-packages/blue_line_follower/aruco_navigation_server.py
/home/wayay/Ros/ROS2_Project/install/blue_line_follower/lib/python3.10/site-packages/blue_line_follower/aruco_navigation_client.py
/home/wayay/Ros/ROS2_Project/install/blue_line_follower/lib/python3.10/site-packages/blue_line_follower/__pycache__/keyboard_controller.cpython-310.pyc
/home/wayay/Ros/ROS2_Project/install/blue_line_follower/lib/python3.10/site-packages/blue_line_follower/__pycache__/aruco_diagnostic.cpython-310.pyc
/home/wayay/Ros/ROS2_Project/install/blue_line_follower/lib/python3.10/site-packages/blue_line_follower/__pycache__/line_follower_node.cpython-310.pyc
/home/wayay/Ros/ROS2_Project/install/blue_line_follower/lib/python3.10/site-packages/blue_line_follower/__pycache__/__init__.cpython-310.pyc
/home/wayay/Ros/ROS2_Project/install/blue_line_follower/lib/python3.10/site-packages/blue_line_follower/__pycache__/pusher_controller.cpython-310.pyc
/home/wayay/Ros/ROS2_Project/install/blue_line_follower/lib/python3.10/site-packages/blue_line_follower/__pycache__/pusher_tester.cpython-310.pyc
/home/wayay/Ros/ROS2_Project/install/blue_line_follower/lib/python3.10/site-packages/blue_line_follower/__pycache__/aruco_navigation_server.cpython-310.pyc
/home/wayay/Ros/ROS2_Project/install/blue_line_follower/lib/python3.10/site-packages/blue_line_follower/__pycache__/aruco_navigation_client.cpython-310.pyc
/home/wayay/Ros/ROS2_Project/install/blue_line_follower/share/ament_index/resource_index/packages/blue_line_follower
/home/wayay/Ros/ROS2_Project/install/blue_line_follower/share/blue_line_follower/package.xml
/home/wayay/Ros/ROS2_Project/install/blue_line_follower/share/blue_line_follower/launch/simulation.launch.py
/home/wayay/Ros/ROS2_Project/install/blue_line_follower/share/blue_line_follower/worlds/blue_line_track.world
/home/wayay/Ros/ROS2_Project/install/blue_line_follower/share/blue_line_follower/urdf/line_follower_robot.urdf.xacro
/home/wayay/Ros/ROS2_Project/install/blue_line_follower/share/blue_line_follower/config/controller_config.yaml
/home/wayay/Ros/ROS2_Project/install/blue_line_follower/share/blue_line_follower/config/robot_view.rviz
/home/wayay/Ros/ROS2_Project/install/blue_line_follower/share/blue_line_follower/models/aruco_5/model.sdf
/home/wayay/Ros/ROS2_Project/install/blue_line_follower/share/blue_line_follower/models/aruco_5/model.config
/home/wayay/Ros/ROS2_Project/install/blue_line_follower/share/blue_line_follower/models/aruco_5/materials/scripts/aruco_5.material
/home/wayay/Ros/ROS2_Project/install/blue_line_follower/share/blue_line_follower/models/aruco_5/materials/textures/5.png
/home/wayay/Ros/ROS2_Project/install/blue_line_follower/share/blue_line_follower/models/aruco_6/model.sdf
/home/wayay/Ros/ROS2_Project/install/blue_line_follower/share/blue_line_follower/models/aruco_6/model.config
/home/wayay/Ros/ROS2_Project/install/blue_line_follower/share/blue_line_follower/models/aruco_6/materials/scripts/aruco_6.material
/home/wayay/Ros/ROS2_Project/install/blue_line_follower/share/blue_line_follower/models/aruco_6/materials/textures/6.png
/home/wayay/Ros/ROS2_Project/install/blue_line_follower/share/blue_line_follower/models/aruco_0/model.sdf
/home/wayay/Ros/ROS2_Project/install/blue_line_follower/share/blue_line_follower/models/aruco_0/model.config
/home/wayay/Ros/ROS2_Project/install/blue_line_follower/share/blue_line_follower/models/aruco_0/materials/scripts/aruco_0.material
/home/wayay/Ros/ROS2_Project/install/blue_line_follower/share/blue_line_follower/models/aruco_0/materials/textures/0.png
/home/wayay/Ros/ROS2_Project/install/blue_line_follower/share/blue_line_follower/models/aruco_4/model.sdf
/home/wayay/Ros/ROS2_Project/install/blue_line_follower/share/blue_line_follower/models/aruco_4/model.config
/home/wayay/Ros/ROS2_Project/install/blue_line_follower/share/blue_line_follower/models/aruco_4/materials/scripts/aruco_4.material
/home/wayay/Ros/ROS2_Project/install/blue_line_follower/share/blue_line_follower/models/aruco_4/materials/textures/4.png
/home/wayay/Ros/ROS2_Project/install/blue_line_follower/share/blue_line_follower/models/aruco_1/model.sdf
/home/wayay/Ros/ROS2_Project/install/blue_line_follower/share/blue_line_follower/models/aruco_1/model.config
/home/wayay/Ros/ROS2_Project/install/blue_line_follower/share/blue_line_follower/models/aruco_1/materials/scripts/aruco_1.material
/home/wayay/Ros/ROS2_Project/install/blue_line_follower/share/blue_line_follower/models/aruco_1/materials/textures/1.png
/home/wayay/Ros/ROS2_Project/install/blue_line_follower/share/blue_line_follower/models/aruco_2/model.sdf
/home/wayay/Ros/ROS2_Project/install/blue_line_follower/share/blue_line_follower/models/aruco_2/model.config
/home/wayay/Ros/ROS2_Project/install/blue_line_follower/share/blue_line_follower/models/aruco_2/materials/scripts/aruco_2.material
/home/wayay/Ros/ROS2_Project/install/blue_line_follower/share/blue_line_follower/models/aruco_2/materials/textures/2.png
/home/wayay/Ros/ROS2_Project/install/blue_line_follower/share/blue_line_follower/models/aruco_7/model.sdf
/home/wayay/Ros/ROS2_Project/install/blue_line_follower/share/blue_line_follower/models/aruco_7/model.config
/home/wayay/Ros/ROS2_Project/install/blue_line_follower/share/blue_line_follower/models/aruco_7/materials/scripts/aruco_7.material
/home/wayay/Ros/ROS2_Project/install/blue_line_follower/share/blue_line_follower/models/aruco_7/materials/textures/7.png
/home/wayay/Ros/ROS2_Project/install/blue_line_follower/share/blue_line_follower/models/test_cube/model.sdf
/home/wayay/Ros/ROS2_Project/install/blue_line_follower/share/blue_line_follower/models/test_cube/model.config
/home/wayay/Ros/ROS2_Project/install/blue_line_follower/share/blue_line_follower/models/aruco_3/model.sdf
/home/wayay/Ros/ROS2_Project/install/blue_line_follower/share/blue_line_follower/models/aruco_3/model.config
/home/wayay/Ros/ROS2_Project/install/blue_line_follower/share/blue_line_follower/models/aruco_3/materials/scripts/aruco_3.material
/home/wayay/Ros/ROS2_Project/install/blue_line_follower/share/blue_line_follower/models/aruco_3/materials/textures/3.png
/home/wayay/Ros/ROS2_Project/install/blue_line_follower/share/blue_line_follower/aruco/./5.png
/home/wayay/Ros/ROS2_Project/install/blue_line_follower/share/blue_line_follower/aruco/./7.png
/home/wayay/Ros/ROS2_Project/install/blue_line_follower/share/blue_line_follower/aruco/./0.png
/home/wayay/Ros/ROS2_Project/install/blue_line_follower/share/blue_line_follower/aruco/./4.png
/home/wayay/Ros/ROS2_Project/install/blue_line_follower/share/blue_line_follower/aruco/./2.png
/home/wayay/Ros/ROS2_Project/install/blue_line_follower/share/blue_line_follower/aruco/./1.png
/home/wayay/Ros/ROS2_Project/install/blue_line_follower/share/blue_line_follower/aruco/./6.png
/home/wayay/Ros/ROS2_Project/install/blue_line_follower/share/blue_line_follower/aruco/./3.png
/home/wayay/Ros/ROS2_Project/install/blue_line_follower/lib/python3.10/site-packages/blue_line_follower-1.0.0-py3.10.egg-info/dependency_links.txt
/home/wayay/Ros/ROS2_Project/install/blue_line_follower/lib/python3.10/site-packages/blue_line_follower-1.0.0-py3.10.egg-info/entry_points.txt
/home/wayay/Ros/ROS2_Project/install/blue_line_follower/lib/python3.10/site-packages/blue_line_follower-1.0.0-py3.10.egg-info/requires.txt
/home/wayay/Ros/ROS2_Project/install/blue_line_follower/lib/python3.10/site-packages/blue_line_follower-1.0.0-py3.10.egg-info/PKG-INFO
/home/wayay/Ros/ROS2_Project/install/blue_line_follower/lib/python3.10/site-packages/blue_line_follower-1.0.0-py3.10.egg-info/zip-safe
/home/wayay/Ros/ROS2_Project/install/blue_line_follower/lib/python3.10/site-packages/blue_line_follower-1.0.0-py3.10.egg-info/top_level.txt
/home/wayay/Ros/ROS2_Project/install/blue_line_follower/lib/python3.10/site-packages/blue_line_follower-1.0.0-py3.10.egg-info/SOURCES.txt
/home/wayay/Ros/ROS2_Project/install/blue_line_follower/lib/blue_line_follower/aruco_diagnostic
/home/wayay/Ros/ROS2_Project/install/blue_line_follower/lib/blue_line_follower/aruco_navigation_client
/home/wayay/Ros/ROS2_Project/install/blue_line_follower/lib/blue_line_follower/aruco_navigation_server
/home/wayay/Ros/ROS2_Project/install/blue_line_follower/lib/blue_line_follower/keyboard_controller
/home/wayay/Ros/ROS2_Project/install/blue_line_follower/lib/blue_line_follower/line_follower_node
/home/wayay/Ros/ROS2_Project/install/blue_line_follower/lib/blue_line_follower/pusher_controller
/home/wayay/Ros/ROS2_Project/install/blue_line_follower/lib/blue_line_follower/pusher_tester
