[0.008s] Invoking command in '/home/wayay/Ros/ROS2_Project/build/custom_interfaces': CMAKE_PREFIX_PATH=${CMAKE_PREFIX_PATH}:/home/wayay/Ros/ROS2_Project/install/blue_line_follower:/opt/ros/humble /usr/bin/cmake --build /home/wayay/Ros/ROS2_Project/build/custom_interfaces -- -j6 -l6
[0.042s] [  3%] Built target custom_interfaces__cpp
[0.042s] [ 12%] Built target custom_interfaces__rosidl_generator_c
[0.050s] [ 12%] Built target ament_cmake_python_copy_custom_interfaces
[0.063s] [ 22%] Built target custom_interfaces__rosidl_typesupport_cpp
[0.063s] [ 32%] Built target custom_interfaces__rosidl_typesupport_fastrtps_cpp
[0.067s] [ 51%] Built target custom_interfaces__rosidl_typesupport_fastrtps_c
[0.067s] [ 61%] Built target custom_interfaces__rosidl_typesupport_introspection_c
[0.068s] [ 61%] Built target custom_interfaces__rosidl_typesupport_introspection_cpp
[0.070s] [ 70%] Built target custom_interfaces__rosidl_typesupport_c
[0.083s] [ 70%] Built target custom_interfaces
[0.097s] [ 74%] Built target custom_interfaces__py
[0.113s] [ 80%] Built target custom_interfaces__rosidl_generator_py
[0.131s] [ 93%] Built target custom_interfaces__rosidl_typesupport_c__pyext
[0.131s] [ 93%] Built target custom_interfaces__rosidl_typesupport_introspection_c__pyext
[0.132s] [100%] Built target custom_interfaces__rosidl_typesupport_fastrtps_c__pyext
[0.249s] running egg_info
[0.249s] writing custom_interfaces.egg-info/PKG-INFO
[0.249s] writing dependency_links to custom_interfaces.egg-info/dependency_links.txt
[0.250s] writing top-level names to custom_interfaces.egg-info/top_level.txt
[0.251s] reading manifest file 'custom_interfaces.egg-info/SOURCES.txt'
[0.251s] writing manifest file 'custom_interfaces.egg-info/SOURCES.txt'
[0.269s] [100%] Built target ament_cmake_python_build_custom_interfaces_egg
[0.278s] Invoked command in '/home/wayay/Ros/ROS2_Project/build/custom_interfaces' returned '0': CMAKE_PREFIX_PATH=${CMAKE_PREFIX_PATH}:/home/wayay/Ros/ROS2_Project/install/blue_line_follower:/opt/ros/humble /usr/bin/cmake --build /home/wayay/Ros/ROS2_Project/build/custom_interfaces -- -j6 -l6
[0.285s] Invoking command in '/home/wayay/Ros/ROS2_Project/build/custom_interfaces': CMAKE_PREFIX_PATH=${CMAKE_PREFIX_PATH}:/home/wayay/Ros/ROS2_Project/install/blue_line_follower:/opt/ros/humble /usr/bin/cmake --install /home/wayay/Ros/ROS2_Project/build/custom_interfaces
[0.290s] -- Install configuration: ""
[0.290s] -- Up-to-date: /home/wayay/Ros/ROS2_Project/install/custom_interfaces/share/ament_index/resource_index/rosidl_interfaces/custom_interfaces
[0.290s] -- Up-to-date: /home/wayay/Ros/ROS2_Project/install/custom_interfaces/include/custom_interfaces/custom_interfaces
[0.291s] -- Up-to-date: /home/wayay/Ros/ROS2_Project/install/custom_interfaces/include/custom_interfaces/custom_interfaces/msg
[0.291s] -- Up-to-date: /home/wayay/Ros/ROS2_Project/install/custom_interfaces/include/custom_interfaces/custom_interfaces/msg/rosidl_generator_c__visibility_control.h
[0.291s] -- Up-to-date: /home/wayay/Ros/ROS2_Project/install/custom_interfaces/include/custom_interfaces/custom_interfaces/action
[0.291s] -- Up-to-date: /home/wayay/Ros/ROS2_Project/install/custom_interfaces/include/custom_interfaces/custom_interfaces/action/detail
[0.291s] -- Up-to-date: /home/wayay/Ros/ROS2_Project/install/custom_interfaces/include/custom_interfaces/custom_interfaces/action/detail/navigate_to_aruco__functions.c
[0.291s] -- Up-to-date: /home/wayay/Ros/ROS2_Project/install/custom_interfaces/include/custom_interfaces/custom_interfaces/action/detail/navigate_to_aruco__struct.h
[0.291s] -- Up-to-date: /home/wayay/Ros/ROS2_Project/install/custom_interfaces/include/custom_interfaces/custom_interfaces/action/detail/navigate_to_aruco__type_support.h
[0.291s] -- Up-to-date: /home/wayay/Ros/ROS2_Project/install/custom_interfaces/include/custom_interfaces/custom_interfaces/action/detail/navigate_to_aruco__functions.h
[0.291s] -- Up-to-date: /home/wayay/Ros/ROS2_Project/install/custom_interfaces/include/custom_interfaces/custom_interfaces/action/navigate_to_aruco.h
[0.291s] -- Up-to-date: /home/wayay/Ros/ROS2_Project/install/custom_interfaces/share/custom_interfaces/environment/library_path.sh
[0.291s] -- Up-to-date: /home/wayay/Ros/ROS2_Project/install/custom_interfaces/share/custom_interfaces/environment/library_path.dsv
[0.291s] -- Up-to-date: /home/wayay/Ros/ROS2_Project/install/custom_interfaces/lib/libcustom_interfaces__rosidl_generator_c.so
[0.291s] -- Up-to-date: /home/wayay/Ros/ROS2_Project/install/custom_interfaces/include/custom_interfaces/custom_interfaces
[0.291s] -- Up-to-date: /home/wayay/Ros/ROS2_Project/install/custom_interfaces/include/custom_interfaces/custom_interfaces/msg
[0.291s] -- Up-to-date: /home/wayay/Ros/ROS2_Project/install/custom_interfaces/include/custom_interfaces/custom_interfaces/msg/rosidl_typesupport_fastrtps_c__visibility_control.h
[0.291s] -- Up-to-date: /home/wayay/Ros/ROS2_Project/install/custom_interfaces/include/custom_interfaces/custom_interfaces/action
[0.291s] -- Up-to-date: /home/wayay/Ros/ROS2_Project/install/custom_interfaces/include/custom_interfaces/custom_interfaces/action/detail
[0.291s] -- Up-to-date: /home/wayay/Ros/ROS2_Project/install/custom_interfaces/include/custom_interfaces/custom_interfaces/action/detail/navigate_to_aruco__rosidl_typesupport_fastrtps_c.h
[0.292s] -- Up-to-date: /home/wayay/Ros/ROS2_Project/install/custom_interfaces/lib/libcustom_interfaces__rosidl_typesupport_fastrtps_c.so
[0.292s] -- Up-to-date: /home/wayay/Ros/ROS2_Project/install/custom_interfaces/include/custom_interfaces/custom_interfaces
[0.292s] -- Up-to-date: /home/wayay/Ros/ROS2_Project/install/custom_interfaces/include/custom_interfaces/custom_interfaces/msg
[0.292s] -- Up-to-date: /home/wayay/Ros/ROS2_Project/install/custom_interfaces/include/custom_interfaces/custom_interfaces/msg/rosidl_typesupport_introspection_c__visibility_control.h
[0.292s] -- Up-to-date: /home/wayay/Ros/ROS2_Project/install/custom_interfaces/include/custom_interfaces/custom_interfaces/action
[0.292s] -- Up-to-date: /home/wayay/Ros/ROS2_Project/install/custom_interfaces/include/custom_interfaces/custom_interfaces/action/detail
[0.292s] -- Up-to-date: /home/wayay/Ros/ROS2_Project/install/custom_interfaces/include/custom_interfaces/custom_interfaces/action/detail/navigate_to_aruco__rosidl_typesupport_introspection_c.h
[0.292s] -- Up-to-date: /home/wayay/Ros/ROS2_Project/install/custom_interfaces/include/custom_interfaces/custom_interfaces/action/detail/navigate_to_aruco__type_support.c
[0.292s] -- Up-to-date: /home/wayay/Ros/ROS2_Project/install/custom_interfaces/lib/libcustom_interfaces__rosidl_typesupport_introspection_c.so
[0.292s] -- Up-to-date: /home/wayay/Ros/ROS2_Project/install/custom_interfaces/lib/libcustom_interfaces__rosidl_typesupport_c.so
[0.292s] -- Up-to-date: /home/wayay/Ros/ROS2_Project/install/custom_interfaces/include/custom_interfaces/custom_interfaces
[0.292s] -- Up-to-date: /home/wayay/Ros/ROS2_Project/install/custom_interfaces/include/custom_interfaces/custom_interfaces/msg
[0.292s] -- Up-to-date: /home/wayay/Ros/ROS2_Project/install/custom_interfaces/include/custom_interfaces/custom_interfaces/msg/rosidl_generator_cpp__visibility_control.hpp
[0.292s] -- Up-to-date: /home/wayay/Ros/ROS2_Project/install/custom_interfaces/include/custom_interfaces/custom_interfaces/action
[0.292s] -- Up-to-date: /home/wayay/Ros/ROS2_Project/install/custom_interfaces/include/custom_interfaces/custom_interfaces/action/detail
[0.292s] -- Up-to-date: /home/wayay/Ros/ROS2_Project/install/custom_interfaces/include/custom_interfaces/custom_interfaces/action/detail/navigate_to_aruco__type_support.hpp
[0.292s] -- Up-to-date: /home/wayay/Ros/ROS2_Project/install/custom_interfaces/include/custom_interfaces/custom_interfaces/action/detail/navigate_to_aruco__traits.hpp
[0.292s] -- Up-to-date: /home/wayay/Ros/ROS2_Project/install/custom_interfaces/include/custom_interfaces/custom_interfaces/action/detail/navigate_to_aruco__builder.hpp
[0.292s] -- Up-to-date: /home/wayay/Ros/ROS2_Project/install/custom_interfaces/include/custom_interfaces/custom_interfaces/action/detail/navigate_to_aruco__struct.hpp
[0.293s] -- Up-to-date: /home/wayay/Ros/ROS2_Project/install/custom_interfaces/include/custom_interfaces/custom_interfaces/action/navigate_to_aruco.hpp
[0.293s] -- Up-to-date: /home/wayay/Ros/ROS2_Project/install/custom_interfaces/include/custom_interfaces/custom_interfaces
[0.293s] -- Up-to-date: /home/wayay/Ros/ROS2_Project/install/custom_interfaces/include/custom_interfaces/custom_interfaces/msg
[0.293s] -- Up-to-date: /home/wayay/Ros/ROS2_Project/install/custom_interfaces/include/custom_interfaces/custom_interfaces/msg/rosidl_typesupport_fastrtps_cpp__visibility_control.h
[0.293s] -- Up-to-date: /home/wayay/Ros/ROS2_Project/install/custom_interfaces/include/custom_interfaces/custom_interfaces/action
[0.293s] -- Up-to-date: /home/wayay/Ros/ROS2_Project/install/custom_interfaces/include/custom_interfaces/custom_interfaces/action/detail
[0.293s] -- Up-to-date: /home/wayay/Ros/ROS2_Project/install/custom_interfaces/include/custom_interfaces/custom_interfaces/action/detail/navigate_to_aruco__rosidl_typesupport_fastrtps_cpp.hpp
[0.293s] -- Up-to-date: /home/wayay/Ros/ROS2_Project/install/custom_interfaces/include/custom_interfaces/custom_interfaces/action/detail/dds_fastrtps
[0.293s] -- Up-to-date: /home/wayay/Ros/ROS2_Project/install/custom_interfaces/lib/libcustom_interfaces__rosidl_typesupport_fastrtps_cpp.so
[0.293s] -- Up-to-date: /home/wayay/Ros/ROS2_Project/install/custom_interfaces/include/custom_interfaces/custom_interfaces
[0.293s] -- Up-to-date: /home/wayay/Ros/ROS2_Project/install/custom_interfaces/include/custom_interfaces/custom_interfaces/action
[0.293s] -- Up-to-date: /home/wayay/Ros/ROS2_Project/install/custom_interfaces/include/custom_interfaces/custom_interfaces/action/detail
[0.293s] -- Up-to-date: /home/wayay/Ros/ROS2_Project/install/custom_interfaces/include/custom_interfaces/custom_interfaces/action/detail/navigate_to_aruco__type_support.cpp
[0.293s] -- Up-to-date: /home/wayay/Ros/ROS2_Project/install/custom_interfaces/include/custom_interfaces/custom_interfaces/action/detail/navigate_to_aruco__rosidl_typesupport_introspection_cpp.hpp
[0.293s] -- Up-to-date: /home/wayay/Ros/ROS2_Project/install/custom_interfaces/lib/libcustom_interfaces__rosidl_typesupport_introspection_cpp.so
[0.293s] -- Up-to-date: /home/wayay/Ros/ROS2_Project/install/custom_interfaces/lib/libcustom_interfaces__rosidl_typesupport_cpp.so
[0.293s] -- Up-to-date: /home/wayay/Ros/ROS2_Project/install/custom_interfaces/share/custom_interfaces/environment/pythonpath.sh
[0.293s] -- Up-to-date: /home/wayay/Ros/ROS2_Project/install/custom_interfaces/share/custom_interfaces/environment/pythonpath.dsv
[0.294s] -- Up-to-date: /home/wayay/Ros/ROS2_Project/install/custom_interfaces/local/lib/python3.10/dist-packages/custom_interfaces-0.0.0-py3.10.egg-info
[0.294s] -- Installing: /home/wayay/Ros/ROS2_Project/install/custom_interfaces/local/lib/python3.10/dist-packages/custom_interfaces-0.0.0-py3.10.egg-info/dependency_links.txt
[0.294s] -- Installing: /home/wayay/Ros/ROS2_Project/install/custom_interfaces/local/lib/python3.10/dist-packages/custom_interfaces-0.0.0-py3.10.egg-info/PKG-INFO
[0.294s] -- Installing: /home/wayay/Ros/ROS2_Project/install/custom_interfaces/local/lib/python3.10/dist-packages/custom_interfaces-0.0.0-py3.10.egg-info/top_level.txt
[0.294s] -- Installing: /home/wayay/Ros/ROS2_Project/install/custom_interfaces/local/lib/python3.10/dist-packages/custom_interfaces-0.0.0-py3.10.egg-info/SOURCES.txt
[0.294s] -- Up-to-date: /home/wayay/Ros/ROS2_Project/install/custom_interfaces/local/lib/python3.10/dist-packages/custom_interfaces
[0.294s] -- Up-to-date: /home/wayay/Ros/ROS2_Project/install/custom_interfaces/local/lib/python3.10/dist-packages/custom_interfaces/custom_interfaces_s__rosidl_typesupport_c.cpython-310-x86_64-linux-gnu.so
[0.294s] -- Up-to-date: /home/wayay/Ros/ROS2_Project/install/custom_interfaces/local/lib/python3.10/dist-packages/custom_interfaces/_custom_interfaces_s.ep.rosidl_typesupport_introspection_c.c
[0.294s] -- Up-to-date: /home/wayay/Ros/ROS2_Project/install/custom_interfaces/local/lib/python3.10/dist-packages/custom_interfaces/libcustom_interfaces__rosidl_generator_py.so
[0.294s] -- Up-to-date: /home/wayay/Ros/ROS2_Project/install/custom_interfaces/local/lib/python3.10/dist-packages/custom_interfaces/_custom_interfaces_s.ep.rosidl_typesupport_fastrtps_c.c
[0.294s] -- Up-to-date: /home/wayay/Ros/ROS2_Project/install/custom_interfaces/local/lib/python3.10/dist-packages/custom_interfaces/custom_interfaces_s__rosidl_typesupport_fastrtps_c.cpython-310-x86_64-linux-gnu.so
[0.294s] -- Up-to-date: /home/wayay/Ros/ROS2_Project/install/custom_interfaces/local/lib/python3.10/dist-packages/custom_interfaces/action
[0.294s] -- Up-to-date: /home/wayay/Ros/ROS2_Project/install/custom_interfaces/local/lib/python3.10/dist-packages/custom_interfaces/action/_navigate_to_aruco.py
[0.294s] -- Up-to-date: /home/wayay/Ros/ROS2_Project/install/custom_interfaces/local/lib/python3.10/dist-packages/custom_interfaces/action/_navigate_to_aruco_s.c
[0.294s] -- Up-to-date: /home/wayay/Ros/ROS2_Project/install/custom_interfaces/local/lib/python3.10/dist-packages/custom_interfaces/action/__init__.py
[0.294s] -- Up-to-date: /home/wayay/Ros/ROS2_Project/install/custom_interfaces/local/lib/python3.10/dist-packages/custom_interfaces/__init__.py
[0.294s] -- Up-to-date: /home/wayay/Ros/ROS2_Project/install/custom_interfaces/local/lib/python3.10/dist-packages/custom_interfaces/_custom_interfaces_s.ep.rosidl_typesupport_c.c
[0.294s] -- Up-to-date: /home/wayay/Ros/ROS2_Project/install/custom_interfaces/local/lib/python3.10/dist-packages/custom_interfaces/custom_interfaces_s__rosidl_typesupport_introspection_c.cpython-310-x86_64-linux-gnu.so
[0.318s] Listing '/home/wayay/Ros/ROS2_Project/install/custom_interfaces/local/lib/python3.10/dist-packages/custom_interfaces'...
[0.318s] Listing '/home/wayay/Ros/ROS2_Project/install/custom_interfaces/local/lib/python3.10/dist-packages/custom_interfaces/action'...
[0.321s] -- Up-to-date: /home/wayay/Ros/ROS2_Project/install/custom_interfaces/local/lib/python3.10/dist-packages/custom_interfaces/custom_interfaces_s__rosidl_typesupport_fastrtps_c.cpython-310-x86_64-linux-gnu.so
[0.322s] -- Up-to-date: /home/wayay/Ros/ROS2_Project/install/custom_interfaces/local/lib/python3.10/dist-packages/custom_interfaces/custom_interfaces_s__rosidl_typesupport_introspection_c.cpython-310-x86_64-linux-gnu.so
[0.322s] -- Up-to-date: /home/wayay/Ros/ROS2_Project/install/custom_interfaces/local/lib/python3.10/dist-packages/custom_interfaces/custom_interfaces_s__rosidl_typesupport_c.cpython-310-x86_64-linux-gnu.so
[0.322s] -- Up-to-date: /home/wayay/Ros/ROS2_Project/install/custom_interfaces/lib/libcustom_interfaces__rosidl_generator_py.so
[0.322s] -- Up-to-date: /home/wayay/Ros/ROS2_Project/install/custom_interfaces/share/custom_interfaces/action/NavigateToAruco.idl
[0.322s] -- Up-to-date: /home/wayay/Ros/ROS2_Project/install/custom_interfaces/share/custom_interfaces/action/NavigateToAruco.action
[0.322s] -- Up-to-date: /home/wayay/Ros/ROS2_Project/install/custom_interfaces/share/ament_index/resource_index/package_run_dependencies/custom_interfaces
[0.322s] -- Up-to-date: /home/wayay/Ros/ROS2_Project/install/custom_interfaces/share/ament_index/resource_index/parent_prefix_path/custom_interfaces
[0.322s] -- Up-to-date: /home/wayay/Ros/ROS2_Project/install/custom_interfaces/share/custom_interfaces/environment/ament_prefix_path.sh
[0.322s] -- Up-to-date: /home/wayay/Ros/ROS2_Project/install/custom_interfaces/share/custom_interfaces/environment/ament_prefix_path.dsv
[0.322s] -- Up-to-date: /home/wayay/Ros/ROS2_Project/install/custom_interfaces/share/custom_interfaces/environment/path.sh
[0.322s] -- Up-to-date: /home/wayay/Ros/ROS2_Project/install/custom_interfaces/share/custom_interfaces/environment/path.dsv
[0.322s] -- Up-to-date: /home/wayay/Ros/ROS2_Project/install/custom_interfaces/share/custom_interfaces/local_setup.bash
[0.322s] -- Up-to-date: /home/wayay/Ros/ROS2_Project/install/custom_interfaces/share/custom_interfaces/local_setup.sh
[0.322s] -- Up-to-date: /home/wayay/Ros/ROS2_Project/install/custom_interfaces/share/custom_interfaces/local_setup.zsh
[0.322s] -- Up-to-date: /home/wayay/Ros/ROS2_Project/install/custom_interfaces/share/custom_interfaces/local_setup.dsv
[0.322s] -- Up-to-date: /home/wayay/Ros/ROS2_Project/install/custom_interfaces/share/custom_interfaces/package.dsv
[0.322s] -- Up-to-date: /home/wayay/Ros/ROS2_Project/install/custom_interfaces/share/ament_index/resource_index/packages/custom_interfaces
[0.322s] -- Up-to-date: /home/wayay/Ros/ROS2_Project/install/custom_interfaces/share/custom_interfaces/cmake/export_custom_interfaces__rosidl_generator_cExport.cmake
[0.323s] -- Up-to-date: /home/wayay/Ros/ROS2_Project/install/custom_interfaces/share/custom_interfaces/cmake/export_custom_interfaces__rosidl_generator_cExport-noconfig.cmake
[0.323s] -- Up-to-date: /home/wayay/Ros/ROS2_Project/install/custom_interfaces/share/custom_interfaces/cmake/export_custom_interfaces__rosidl_typesupport_fastrtps_cExport.cmake
[0.323s] -- Up-to-date: /home/wayay/Ros/ROS2_Project/install/custom_interfaces/share/custom_interfaces/cmake/export_custom_interfaces__rosidl_typesupport_fastrtps_cExport-noconfig.cmake
[0.323s] -- Up-to-date: /home/wayay/Ros/ROS2_Project/install/custom_interfaces/share/custom_interfaces/cmake/custom_interfaces__rosidl_typesupport_introspection_cExport.cmake
[0.323s] -- Up-to-date: /home/wayay/Ros/ROS2_Project/install/custom_interfaces/share/custom_interfaces/cmake/custom_interfaces__rosidl_typesupport_introspection_cExport-noconfig.cmake
[0.323s] -- Up-to-date: /home/wayay/Ros/ROS2_Project/install/custom_interfaces/share/custom_interfaces/cmake/custom_interfaces__rosidl_typesupport_cExport.cmake
[0.323s] -- Up-to-date: /home/wayay/Ros/ROS2_Project/install/custom_interfaces/share/custom_interfaces/cmake/custom_interfaces__rosidl_typesupport_cExport-noconfig.cmake
[0.323s] -- Up-to-date: /home/wayay/Ros/ROS2_Project/install/custom_interfaces/share/custom_interfaces/cmake/export_custom_interfaces__rosidl_generator_cppExport.cmake
[0.323s] -- Up-to-date: /home/wayay/Ros/ROS2_Project/install/custom_interfaces/share/custom_interfaces/cmake/export_custom_interfaces__rosidl_typesupport_fastrtps_cppExport.cmake
[0.323s] -- Up-to-date: /home/wayay/Ros/ROS2_Project/install/custom_interfaces/share/custom_interfaces/cmake/export_custom_interfaces__rosidl_typesupport_fastrtps_cppExport-noconfig.cmake
[0.323s] -- Up-to-date: /home/wayay/Ros/ROS2_Project/install/custom_interfaces/share/custom_interfaces/cmake/custom_interfaces__rosidl_typesupport_introspection_cppExport.cmake
[0.323s] -- Up-to-date: /home/wayay/Ros/ROS2_Project/install/custom_interfaces/share/custom_interfaces/cmake/custom_interfaces__rosidl_typesupport_introspection_cppExport-noconfig.cmake
[0.323s] -- Up-to-date: /home/wayay/Ros/ROS2_Project/install/custom_interfaces/share/custom_interfaces/cmake/custom_interfaces__rosidl_typesupport_cppExport.cmake
[0.323s] -- Up-to-date: /home/wayay/Ros/ROS2_Project/install/custom_interfaces/share/custom_interfaces/cmake/custom_interfaces__rosidl_typesupport_cppExport-noconfig.cmake
[0.323s] -- Up-to-date: /home/wayay/Ros/ROS2_Project/install/custom_interfaces/share/custom_interfaces/cmake/export_custom_interfaces__rosidl_generator_pyExport.cmake
[0.323s] -- Up-to-date: /home/wayay/Ros/ROS2_Project/install/custom_interfaces/share/custom_interfaces/cmake/export_custom_interfaces__rosidl_generator_pyExport-noconfig.cmake
[0.323s] -- Up-to-date: /home/wayay/Ros/ROS2_Project/install/custom_interfaces/share/custom_interfaces/cmake/rosidl_cmake-extras.cmake
[0.323s] -- Up-to-date: /home/wayay/Ros/ROS2_Project/install/custom_interfaces/share/custom_interfaces/cmake/ament_cmake_export_dependencies-extras.cmake
[0.323s] -- Up-to-date: /home/wayay/Ros/ROS2_Project/install/custom_interfaces/share/custom_interfaces/cmake/ament_cmake_export_include_directories-extras.cmake
[0.323s] -- Up-to-date: /home/wayay/Ros/ROS2_Project/install/custom_interfaces/share/custom_interfaces/cmake/ament_cmake_export_libraries-extras.cmake
[0.323s] -- Up-to-date: /home/wayay/Ros/ROS2_Project/install/custom_interfaces/share/custom_interfaces/cmake/ament_cmake_export_targets-extras.cmake
[0.324s] -- Up-to-date: /home/wayay/Ros/ROS2_Project/install/custom_interfaces/share/custom_interfaces/cmake/rosidl_cmake_export_typesupport_targets-extras.cmake
[0.324s] -- Up-to-date: /home/wayay/Ros/ROS2_Project/install/custom_interfaces/share/custom_interfaces/cmake/rosidl_cmake_export_typesupport_libraries-extras.cmake
[0.324s] -- Up-to-date: /home/wayay/Ros/ROS2_Project/install/custom_interfaces/share/custom_interfaces/cmake/custom_interfacesConfig.cmake
[0.324s] -- Up-to-date: /home/wayay/Ros/ROS2_Project/install/custom_interfaces/share/custom_interfaces/cmake/custom_interfacesConfig-version.cmake
[0.324s] -- Up-to-date: /home/wayay/Ros/ROS2_Project/install/custom_interfaces/share/custom_interfaces/package.xml
[0.324s] Invoked command in '/home/wayay/Ros/ROS2_Project/build/custom_interfaces' returned '0': CMAKE_PREFIX_PATH=${CMAKE_PREFIX_PATH}:/home/wayay/Ros/ROS2_Project/install/blue_line_follower:/opt/ros/humble /usr/bin/cmake --install /home/wayay/Ros/ROS2_Project/build/custom_interfaces
