[0.443s] Invoking command in '/home/wayay/Ros/ROS2_Project/src/blue_line_follower': LD_LIBRARY_PATH=/home/wayay/Ros/ROS2_Project/install/custom_interfaces/lib:/usr/lib/x86_64-linux-gnu/gazebo-11/plugins:/opt/ros/humble/opt/rviz_ogre_vendor/lib:/opt/ros/humble/lib/x86_64-linux-gnu:/opt/ros/humble/lib PYTHONPATH=/home/wayay/Ros/ROS2_Project/build/blue_line_follower/prefix_override:/usr/lib/python3/dist-packages/colcon_core/task/python/colcon_distutils_commands:/home/wayay/Ros/ROS2_Project/install/blue_line_follower/lib/python3.10/site-packages:${PYTHONPATH} /usr/bin/python3 -W ignore:setup.py install is deprecated -W ignore:easy_install command is deprecated setup.py egg_info --egg-base ../../build/blue_line_follower build --build-base /home/wayay/Ros/ROS2_Project/build/blue_line_follower/build install --record /home/wayay/Ros/ROS2_Project/build/blue_line_follower/install.log --single-version-externally-managed install_data
[0.618s] running egg_info
[0.618s] writing ../../build/blue_line_follower/blue_line_follower.egg-info/PKG-INFO
[0.619s] writing dependency_links to ../../build/blue_line_follower/blue_line_follower.egg-info/dependency_links.txt
[0.619s] writing entry points to ../../build/blue_line_follower/blue_line_follower.egg-info/entry_points.txt
[0.619s] writing requirements to ../../build/blue_line_follower/blue_line_follower.egg-info/requires.txt
[0.619s] writing top-level names to ../../build/blue_line_follower/blue_line_follower.egg-info/top_level.txt
[0.620s] reading manifest file '../../build/blue_line_follower/blue_line_follower.egg-info/SOURCES.txt'
[0.622s] writing manifest file '../../build/blue_line_follower/blue_line_follower.egg-info/SOURCES.txt'
[0.622s] running build
[0.622s] running build_py
[0.622s] copying blue_line_follower/aruco_navigation_server.py -> /home/wayay/Ros/ROS2_Project/build/blue_line_follower/build/lib/blue_line_follower
[0.622s] running install
[0.623s] running install_lib
[0.623s] copying /home/wayay/Ros/ROS2_Project/build/blue_line_follower/build/lib/blue_line_follower/aruco_navigation_server.py -> /home/wayay/Ros/ROS2_Project/install/blue_line_follower/lib/python3.10/site-packages/blue_line_follower
[0.624s] byte-compiling /home/wayay/Ros/ROS2_Project/install/blue_line_follower/lib/python3.10/site-packages/blue_line_follower/aruco_navigation_server.py to aruco_navigation_server.cpython-310.pyc
[0.628s] running install_data
[0.630s] running install_egg_info
[0.631s] removing '/home/wayay/Ros/ROS2_Project/install/blue_line_follower/lib/python3.10/site-packages/blue_line_follower-1.0.0-py3.10.egg-info' (and everything under it)
[0.631s] Copying ../../build/blue_line_follower/blue_line_follower.egg-info to /home/wayay/Ros/ROS2_Project/install/blue_line_follower/lib/python3.10/site-packages/blue_line_follower-1.0.0-py3.10.egg-info
[0.632s] running install_scripts
[0.646s] Installing aruco_diagnostic script to /home/wayay/Ros/ROS2_Project/install/blue_line_follower/lib/blue_line_follower
[0.647s] Installing aruco_navigation_client script to /home/wayay/Ros/ROS2_Project/install/blue_line_follower/lib/blue_line_follower
[0.647s] Installing aruco_navigation_server script to /home/wayay/Ros/ROS2_Project/install/blue_line_follower/lib/blue_line_follower
[0.647s] Installing keyboard_controller script to /home/wayay/Ros/ROS2_Project/install/blue_line_follower/lib/blue_line_follower
[0.647s] Installing line_follower_node script to /home/wayay/Ros/ROS2_Project/install/blue_line_follower/lib/blue_line_follower
[0.647s] Installing pusher_controller script to /home/wayay/Ros/ROS2_Project/install/blue_line_follower/lib/blue_line_follower
[0.647s] Installing pusher_tester script to /home/wayay/Ros/ROS2_Project/install/blue_line_follower/lib/blue_line_follower
[0.648s] writing list of installed files to '/home/wayay/Ros/ROS2_Project/build/blue_line_follower/install.log'
[0.668s] Invoked command in '/home/wayay/Ros/ROS2_Project/src/blue_line_follower' returned '0': LD_LIBRARY_PATH=/home/wayay/Ros/ROS2_Project/install/custom_interfaces/lib:/usr/lib/x86_64-linux-gnu/gazebo-11/plugins:/opt/ros/humble/opt/rviz_ogre_vendor/lib:/opt/ros/humble/lib/x86_64-linux-gnu:/opt/ros/humble/lib PYTHONPATH=/home/wayay/Ros/ROS2_Project/build/blue_line_follower/prefix_override:/usr/lib/python3/dist-packages/colcon_core/task/python/colcon_distutils_commands:/home/wayay/Ros/ROS2_Project/install/blue_line_follower/lib/python3.10/site-packages:${PYTHONPATH} /usr/bin/python3 -W ignore:setup.py install is deprecated -W ignore:easy_install command is deprecated setup.py egg_info --egg-base ../../build/blue_line_follower build --build-base /home/wayay/Ros/ROS2_Project/build/blue_line_follower/build install --record /home/wayay/Ros/ROS2_Project/build/blue_line_follower/install.log --single-version-externally-managed install_data
