running egg_info
creating ../../build/blue_line_follower/blue_line_follower.egg-info
writing ../../build/blue_line_follower/blue_line_follower.egg-info/PKG-INFO
writing dependency_links to ../../build/blue_line_follower/blue_line_follower.egg-info/dependency_links.txt
writing entry points to ../../build/blue_line_follower/blue_line_follower.egg-info/entry_points.txt
writing requirements to ../../build/blue_line_follower/blue_line_follower.egg-info/requires.txt
writing top-level names to ../../build/blue_line_follower/blue_line_follower.egg-info/top_level.txt
writing manifest file '../../build/blue_line_follower/blue_line_follower.egg-info/SOURCES.txt'
reading manifest file '../../build/blue_line_follower/blue_line_follower.egg-info/SOURCES.txt'
writing manifest file '../../build/blue_line_follower/blue_line_follower.egg-info/SOURCES.txt'
running build
running build_py
creating /home/wayay/Downloads/line_follower_test/line_follower_ws/build/blue_line_follower/build
creating /home/wayay/Downloads/line_follower_test/line_follower_ws/build/blue_line_follower/build/lib
creating /home/wayay/Downloads/line_follower_test/line_follower_ws/build/blue_line_follower/build/lib/blue_line_follower
copying blue_line_follower/line_follower_node.py -> /home/wayay/Downloads/line_follower_test/line_follower_ws/build/blue_line_follower/build/lib/blue_line_follower
copying blue_line_follower/__init__.py -> /home/wayay/Downloads/line_follower_test/line_follower_ws/build/blue_line_follower/build/lib/blue_line_follower
running install
running install_lib
creating /home/wayay/Downloads/line_follower_test/line_follower_ws/install/blue_line_follower/lib/python3.10/site-packages/blue_line_follower
copying /home/wayay/Downloads/line_follower_test/line_follower_ws/build/blue_line_follower/build/lib/blue_line_follower/line_follower_node.py -> /home/wayay/Downloads/line_follower_test/line_follower_ws/install/blue_line_follower/lib/python3.10/site-packages/blue_line_follower
copying /home/wayay/Downloads/line_follower_test/line_follower_ws/build/blue_line_follower/build/lib/blue_line_follower/__init__.py -> /home/wayay/Downloads/line_follower_test/line_follower_ws/install/blue_line_follower/lib/python3.10/site-packages/blue_line_follower
byte-compiling /home/wayay/Downloads/line_follower_test/line_follower_ws/install/blue_line_follower/lib/python3.10/site-packages/blue_line_follower/line_follower_node.py to line_follower_node.cpython-310.pyc
byte-compiling /home/wayay/Downloads/line_follower_test/line_follower_ws/install/blue_line_follower/lib/python3.10/site-packages/blue_line_follower/__init__.py to __init__.cpython-310.pyc
running install_data
creating /home/wayay/Downloads/line_follower_test/line_follower_ws/install/blue_line_follower/share/ament_index
creating /home/wayay/Downloads/line_follower_test/line_follower_ws/install/blue_line_follower/share/ament_index/resource_index
creating /home/wayay/Downloads/line_follower_test/line_follower_ws/install/blue_line_follower/share/ament_index/resource_index/packages
copying resource/blue_line_follower -> /home/wayay/Downloads/line_follower_test/line_follower_ws/install/blue_line_follower/share/ament_index/resource_index/packages
copying package.xml -> /home/wayay/Downloads/line_follower_test/line_follower_ws/install/blue_line_follower/share/blue_line_follower
creating /home/wayay/Downloads/line_follower_test/line_follower_ws/install/blue_line_follower/share/blue_line_follower/launch
copying launch/simulation.launch.py -> /home/wayay/Downloads/line_follower_test/line_follower_ws/install/blue_line_follower/share/blue_line_follower/launch
creating /home/wayay/Downloads/line_follower_test/line_follower_ws/install/blue_line_follower/share/blue_line_follower/worlds
copying worlds/blue_line_track.world -> /home/wayay/Downloads/line_follower_test/line_follower_ws/install/blue_line_follower/share/blue_line_follower/worlds
creating /home/wayay/Downloads/line_follower_test/line_follower_ws/install/blue_line_follower/share/blue_line_follower/urdf
copying urdf/line_follower_robot.urdf.xacro -> /home/wayay/Downloads/line_follower_test/line_follower_ws/install/blue_line_follower/share/blue_line_follower/urdf
running install_egg_info
Copying ../../build/blue_line_follower/blue_line_follower.egg-info to /home/wayay/Downloads/line_follower_test/line_follower_ws/install/blue_line_follower/lib/python3.10/site-packages/blue_line_follower-1.0.0-py3.10.egg-info
running install_scripts
Installing line_follower_node script to /home/wayay/Downloads/line_follower_test/line_follower_ws/install/blue_line_follower/lib/blue_line_follower
writing list of installed files to '/home/wayay/Downloads/line_follower_test/line_follower_ws/build/blue_line_follower/install.log'
