[0.009s] Invoking command in '/home/wayay/line_follower_ws/build/custom_interfaces': CMAKE_PREFIX_PATH=/home/wayay/line_follower_ws/install/blue_line_follower:/home/wayay/ros2_ws/install/simple_interfaces:/home/wayay/ros2_ws/install/robotics_sim_project:/home/wayay/ros2_ws/install/mobile_arm_gazebo:/home/wayay/ros2_ws/install/simple_params:/home/wayay/ros2_ws/install/service_practice:/home/wayay/ros2_ws/install/robot_actions:/home/wayay/ros2_ws/install/my_first_package:/home/wayay/ros2_ws/install/line_navigation:/home/wayay/ros2_ws/install/fleet_manager:/home/wayay/ros2_ws/install/exercice5_ping_pong_package:/home/wayay/ros2_ws/install/exercice4_turtlecontroller_package:/home/wayay/ros2_ws/install/calculator_service:/opt/ros/humble:/home/wayay/ros2_ws/install/mobile_arm_description:/home/wayay/ros2_ws/install/mobile_arm_control:/home/wayay/ros2_ws/install/fleet_interfaces:/home/wayay/ros2_ws/install/custom_interfaces:/home/wayay/ros2_ws/install/calculator_interfaces /usr/bin/cmake --build /home/wayay/line_follower_ws/build/custom_interfaces -- -j6 -l6
[0.027s] -- Found ament_cmake: 1.3.12 (/opt/ros/humble/share/ament_cmake/cmake)
[0.142s] -- Found rosidl_default_generators: 1.2.0 (/opt/ros/humble/share/rosidl_default_generators/cmake)
[0.148s] -- Using all available rosidl_typesupport_c: rosidl_typesupport_fastrtps_c;rosidl_typesupport_introspection_c
[0.152s] -- Found rosidl_adapter: 3.1.7 (/opt/ros/humble/share/rosidl_adapter/cmake)
[0.195s] -- Using all available rosidl_typesupport_cpp: rosidl_typesupport_fastrtps_cpp;rosidl_typesupport_introspection_cpp
[0.218s] -- Found action_msgs: 1.2.2 (/opt/ros/humble/share/action_msgs/cmake)
[0.489s] -- Found ament_cmake_ros: 0.10.0 (/opt/ros/humble/share/ament_cmake_ros/cmake)
[0.693s] -- Using all available rosidl_typesupport_c: rosidl_typesupport_fastrtps_c;rosidl_typesupport_introspection_c
[0.961s] -- Using all available rosidl_typesupport_cpp: rosidl_typesupport_fastrtps_cpp;rosidl_typesupport_introspection_cpp
[0.987s] -- Found python_cmake_module: 0.10.0 (/opt/ros/humble/share/python_cmake_module/cmake)
[1.009s] -- Using PYTHON_EXECUTABLE: /usr/bin/python3
[1.010s] -- Using PYTHON_INCLUDE_DIRS: /usr/include/python3.10
[1.010s] -- Using PYTHON_LIBRARIES: /usr/lib/x86_64-linux-gnu/libpython3.10.so
[1.051s] -- Found ament_lint_auto: 0.12.14 (/opt/ros/humble/share/ament_lint_auto/cmake)
[1.061s] -- Added test 'lint_cmake' to check CMake code style
[1.062s] -- Added test 'xmllint' to check XML markup files
[1.064s] -- Configuring done
[1.090s] -- Generating done
[1.099s] -- Build files have been written to: /home/wayay/line_follower_ws/build/custom_interfaces
[1.120s] [35m[1mConsolidate compiler generated dependencies of target custom_interfaces__rosidl_generator_c[0m
[1.128s] [  3%] Built target custom_interfaces__cpp
[1.128s] [ 12%] Built target custom_interfaces__rosidl_generator_c
[1.134s] [ 12%] Built target ament_cmake_python_copy_custom_interfaces
[1.135s] [35m[1mConsolidate compiler generated dependencies of target custom_interfaces__rosidl_typesupport_cpp[0m
[1.136s] [35m[1mConsolidate compiler generated dependencies of target custom_interfaces__rosidl_typesupport_introspection_cpp[0m
[1.136s] [35m[1mConsolidate compiler generated dependencies of target custom_interfaces__rosidl_typesupport_fastrtps_cpp[0m
[1.141s] [35m[1mConsolidate compiler generated dependencies of target custom_interfaces__rosidl_typesupport_introspection_c[0m
[1.142s] [35m[1mConsolidate compiler generated dependencies of target custom_interfaces__rosidl_typesupport_c[0m
[1.144s] [35m[1mConsolidate compiler generated dependencies of target custom_interfaces__rosidl_typesupport_fastrtps_c[0m
[1.146s] [ 22%] Built target custom_interfaces__rosidl_typesupport_cpp
[1.148s] [ 32%] Built target custom_interfaces__rosidl_typesupport_introspection_cpp
[1.148s] [ 41%] Built target custom_interfaces__rosidl_typesupport_fastrtps_cpp
[1.151s] [ 51%] Built target custom_interfaces__rosidl_typesupport_introspection_c
[1.151s] [ 61%] Built target custom_interfaces__rosidl_typesupport_c
[1.153s] [ 70%] Built target custom_interfaces__rosidl_typesupport_fastrtps_c
[1.166s] [ 70%] Built target custom_interfaces
[1.179s] [ 74%] Built target custom_interfaces__py
[1.186s] [35m[1mConsolidate compiler generated dependencies of target custom_interfaces__rosidl_generator_py[0m
[1.195s] [ 80%] Built target custom_interfaces__rosidl_generator_py
[1.202s] [35m[1mConsolidate compiler generated dependencies of target custom_interfaces__rosidl_typesupport_fastrtps_c__pyext[0m
[1.202s] [35m[1mConsolidate compiler generated dependencies of target custom_interfaces__rosidl_typesupport_introspection_c__pyext[0m
[1.204s] [35m[1mConsolidate compiler generated dependencies of target custom_interfaces__rosidl_typesupport_c__pyext[0m
[1.212s] [ 87%] Built target custom_interfaces__rosidl_typesupport_fastrtps_c__pyext
[1.213s] [ 93%] Built target custom_interfaces__rosidl_typesupport_introspection_c__pyext
[1.213s] [100%] Built target custom_interfaces__rosidl_typesupport_c__pyext
[1.340s] running egg_info
[1.340s] writing custom_interfaces.egg-info/PKG-INFO
[1.340s] writing dependency_links to custom_interfaces.egg-info/dependency_links.txt
[1.340s] writing top-level names to custom_interfaces.egg-info/top_level.txt
[1.342s] reading manifest file 'custom_interfaces.egg-info/SOURCES.txt'
[1.342s] writing manifest file 'custom_interfaces.egg-info/SOURCES.txt'
[1.361s] [100%] Built target ament_cmake_python_build_custom_interfaces_egg
[1.371s] Invoked command in '/home/wayay/line_follower_ws/build/custom_interfaces' returned '0': CMAKE_PREFIX_PATH=/home/wayay/line_follower_ws/install/blue_line_follower:/home/wayay/ros2_ws/install/simple_interfaces:/home/wayay/ros2_ws/install/robotics_sim_project:/home/wayay/ros2_ws/install/mobile_arm_gazebo:/home/wayay/ros2_ws/install/simple_params:/home/wayay/ros2_ws/install/service_practice:/home/wayay/ros2_ws/install/robot_actions:/home/wayay/ros2_ws/install/my_first_package:/home/wayay/ros2_ws/install/line_navigation:/home/wayay/ros2_ws/install/fleet_manager:/home/wayay/ros2_ws/install/exercice5_ping_pong_package:/home/wayay/ros2_ws/install/exercice4_turtlecontroller_package:/home/wayay/ros2_ws/install/calculator_service:/opt/ros/humble:/home/wayay/ros2_ws/install/mobile_arm_description:/home/wayay/ros2_ws/install/mobile_arm_control:/home/wayay/ros2_ws/install/fleet_interfaces:/home/wayay/ros2_ws/install/custom_interfaces:/home/wayay/ros2_ws/install/calculator_interfaces /usr/bin/cmake --build /home/wayay/line_follower_ws/build/custom_interfaces -- -j6 -l6
[1.380s] Invoking command in '/home/wayay/line_follower_ws/build/custom_interfaces': CMAKE_PREFIX_PATH=/home/wayay/line_follower_ws/install/blue_line_follower:/home/wayay/ros2_ws/install/simple_interfaces:/home/wayay/ros2_ws/install/robotics_sim_project:/home/wayay/ros2_ws/install/mobile_arm_gazebo:/home/wayay/ros2_ws/install/simple_params:/home/wayay/ros2_ws/install/service_practice:/home/wayay/ros2_ws/install/robot_actions:/home/wayay/ros2_ws/install/my_first_package:/home/wayay/ros2_ws/install/line_navigation:/home/wayay/ros2_ws/install/fleet_manager:/home/wayay/ros2_ws/install/exercice5_ping_pong_package:/home/wayay/ros2_ws/install/exercice4_turtlecontroller_package:/home/wayay/ros2_ws/install/calculator_service:/opt/ros/humble:/home/wayay/ros2_ws/install/mobile_arm_description:/home/wayay/ros2_ws/install/mobile_arm_control:/home/wayay/ros2_ws/install/fleet_interfaces:/home/wayay/ros2_ws/install/custom_interfaces:/home/wayay/ros2_ws/install/calculator_interfaces /usr/bin/cmake --install /home/wayay/line_follower_ws/build/custom_interfaces
[1.388s] -- Install configuration: ""
[1.388s] -- Up-to-date: /home/wayay/line_follower_ws/install/custom_interfaces/share/ament_index/resource_index/rosidl_interfaces/custom_interfaces
[1.388s] -- Up-to-date: /home/wayay/line_follower_ws/install/custom_interfaces/include/custom_interfaces/custom_interfaces
[1.388s] -- Up-to-date: /home/wayay/line_follower_ws/install/custom_interfaces/include/custom_interfaces/custom_interfaces/msg
[1.388s] -- Up-to-date: /home/wayay/line_follower_ws/install/custom_interfaces/include/custom_interfaces/custom_interfaces/msg/rosidl_generator_c__visibility_control.h
[1.388s] -- Up-to-date: /home/wayay/line_follower_ws/install/custom_interfaces/include/custom_interfaces/custom_interfaces/action
[1.388s] -- Up-to-date: /home/wayay/line_follower_ws/install/custom_interfaces/include/custom_interfaces/custom_interfaces/action/detail
[1.388s] -- Up-to-date: /home/wayay/line_follower_ws/install/custom_interfaces/include/custom_interfaces/custom_interfaces/action/detail/navigate_to_aruco__functions.c
[1.388s] -- Up-to-date: /home/wayay/line_follower_ws/install/custom_interfaces/include/custom_interfaces/custom_interfaces/action/detail/navigate_to_aruco__struct.h
[1.388s] -- Up-to-date: /home/wayay/line_follower_ws/install/custom_interfaces/include/custom_interfaces/custom_interfaces/action/detail/navigate_to_aruco__type_support.h
[1.388s] -- Up-to-date: /home/wayay/line_follower_ws/install/custom_interfaces/include/custom_interfaces/custom_interfaces/action/detail/navigate_to_aruco__functions.h
[1.388s] -- Up-to-date: /home/wayay/line_follower_ws/install/custom_interfaces/include/custom_interfaces/custom_interfaces/action/navigate_to_aruco.h
[1.388s] -- Up-to-date: /home/wayay/line_follower_ws/install/custom_interfaces/share/custom_interfaces/environment/library_path.sh
[1.388s] -- Installing: /home/wayay/line_follower_ws/install/custom_interfaces/share/custom_interfaces/environment/library_path.dsv
[1.388s] -- Up-to-date: /home/wayay/line_follower_ws/install/custom_interfaces/lib/libcustom_interfaces__rosidl_generator_c.so
[1.388s] -- Up-to-date: /home/wayay/line_follower_ws/install/custom_interfaces/include/custom_interfaces/custom_interfaces
[1.389s] -- Up-to-date: /home/wayay/line_follower_ws/install/custom_interfaces/include/custom_interfaces/custom_interfaces/msg
[1.389s] -- Up-to-date: /home/wayay/line_follower_ws/install/custom_interfaces/include/custom_interfaces/custom_interfaces/msg/rosidl_typesupport_fastrtps_c__visibility_control.h
[1.389s] -- Up-to-date: /home/wayay/line_follower_ws/install/custom_interfaces/include/custom_interfaces/custom_interfaces/action
[1.389s] -- Up-to-date: /home/wayay/line_follower_ws/install/custom_interfaces/include/custom_interfaces/custom_interfaces/action/detail
[1.389s] -- Up-to-date: /home/wayay/line_follower_ws/install/custom_interfaces/include/custom_interfaces/custom_interfaces/action/detail/navigate_to_aruco__rosidl_typesupport_fastrtps_c.h
[1.389s] -- Up-to-date: /home/wayay/line_follower_ws/install/custom_interfaces/lib/libcustom_interfaces__rosidl_typesupport_fastrtps_c.so
[1.389s] -- Up-to-date: /home/wayay/line_follower_ws/install/custom_interfaces/include/custom_interfaces/custom_interfaces
[1.389s] -- Up-to-date: /home/wayay/line_follower_ws/install/custom_interfaces/include/custom_interfaces/custom_interfaces/msg
[1.389s] -- Up-to-date: /home/wayay/line_follower_ws/install/custom_interfaces/include/custom_interfaces/custom_interfaces/msg/rosidl_typesupport_introspection_c__visibility_control.h
[1.389s] -- Up-to-date: /home/wayay/line_follower_ws/install/custom_interfaces/include/custom_interfaces/custom_interfaces/action
[1.389s] -- Up-to-date: /home/wayay/line_follower_ws/install/custom_interfaces/include/custom_interfaces/custom_interfaces/action/detail
[1.389s] -- Up-to-date: /home/wayay/line_follower_ws/install/custom_interfaces/include/custom_interfaces/custom_interfaces/action/detail/navigate_to_aruco__rosidl_typesupport_introspection_c.h
[1.389s] -- Up-to-date: /home/wayay/line_follower_ws/install/custom_interfaces/include/custom_interfaces/custom_interfaces/action/detail/navigate_to_aruco__type_support.c
[1.389s] -- Up-to-date: /home/wayay/line_follower_ws/install/custom_interfaces/lib/libcustom_interfaces__rosidl_typesupport_introspection_c.so
[1.389s] -- Up-to-date: /home/wayay/line_follower_ws/install/custom_interfaces/lib/libcustom_interfaces__rosidl_typesupport_c.so
[1.389s] -- Up-to-date: /home/wayay/line_follower_ws/install/custom_interfaces/include/custom_interfaces/custom_interfaces
[1.390s] -- Up-to-date: /home/wayay/line_follower_ws/install/custom_interfaces/include/custom_interfaces/custom_interfaces/msg
[1.390s] -- Up-to-date: /home/wayay/line_follower_ws/install/custom_interfaces/include/custom_interfaces/custom_interfaces/msg/rosidl_generator_cpp__visibility_control.hpp
[1.390s] -- Up-to-date: /home/wayay/line_follower_ws/install/custom_interfaces/include/custom_interfaces/custom_interfaces/action
[1.390s] -- Up-to-date: /home/wayay/line_follower_ws/install/custom_interfaces/include/custom_interfaces/custom_interfaces/action/detail
[1.390s] -- Up-to-date: /home/wayay/line_follower_ws/install/custom_interfaces/include/custom_interfaces/custom_interfaces/action/detail/navigate_to_aruco__type_support.hpp
[1.390s] -- Up-to-date: /home/wayay/line_follower_ws/install/custom_interfaces/include/custom_interfaces/custom_interfaces/action/detail/navigate_to_aruco__traits.hpp
[1.390s] -- Up-to-date: /home/wayay/line_follower_ws/install/custom_interfaces/include/custom_interfaces/custom_interfaces/action/detail/navigate_to_aruco__builder.hpp
[1.390s] -- Up-to-date: /home/wayay/line_follower_ws/install/custom_interfaces/include/custom_interfaces/custom_interfaces/action/detail/navigate_to_aruco__struct.hpp
[1.390s] -- Up-to-date: /home/wayay/line_follower_ws/install/custom_interfaces/include/custom_interfaces/custom_interfaces/action/navigate_to_aruco.hpp
[1.390s] -- Up-to-date: /home/wayay/line_follower_ws/install/custom_interfaces/include/custom_interfaces/custom_interfaces
[1.390s] -- Up-to-date: /home/wayay/line_follower_ws/install/custom_interfaces/include/custom_interfaces/custom_interfaces/msg
[1.390s] -- Up-to-date: /home/wayay/line_follower_ws/install/custom_interfaces/include/custom_interfaces/custom_interfaces/msg/rosidl_typesupport_fastrtps_cpp__visibility_control.h
[1.390s] -- Up-to-date: /home/wayay/line_follower_ws/install/custom_interfaces/include/custom_interfaces/custom_interfaces/action
[1.390s] -- Up-to-date: /home/wayay/line_follower_ws/install/custom_interfaces/include/custom_interfaces/custom_interfaces/action/detail
[1.390s] -- Up-to-date: /home/wayay/line_follower_ws/install/custom_interfaces/include/custom_interfaces/custom_interfaces/action/detail/navigate_to_aruco__rosidl_typesupport_fastrtps_cpp.hpp
[1.390s] -- Up-to-date: /home/wayay/line_follower_ws/install/custom_interfaces/include/custom_interfaces/custom_interfaces/action/detail/dds_fastrtps
[1.390s] -- Up-to-date: /home/wayay/line_follower_ws/install/custom_interfaces/lib/libcustom_interfaces__rosidl_typesupport_fastrtps_cpp.so
[1.390s] -- Up-to-date: /home/wayay/line_follower_ws/install/custom_interfaces/include/custom_interfaces/custom_interfaces
[1.391s] -- Up-to-date: /home/wayay/line_follower_ws/install/custom_interfaces/include/custom_interfaces/custom_interfaces/action
[1.391s] -- Up-to-date: /home/wayay/line_follower_ws/install/custom_interfaces/include/custom_interfaces/custom_interfaces/action/detail
[1.391s] -- Up-to-date: /home/wayay/line_follower_ws/install/custom_interfaces/include/custom_interfaces/custom_interfaces/action/detail/navigate_to_aruco__type_support.cpp
[1.391s] -- Up-to-date: /home/wayay/line_follower_ws/install/custom_interfaces/include/custom_interfaces/custom_interfaces/action/detail/navigate_to_aruco__rosidl_typesupport_introspection_cpp.hpp
[1.391s] -- Up-to-date: /home/wayay/line_follower_ws/install/custom_interfaces/lib/libcustom_interfaces__rosidl_typesupport_introspection_cpp.so
[1.391s] -- Up-to-date: /home/wayay/line_follower_ws/install/custom_interfaces/lib/libcustom_interfaces__rosidl_typesupport_cpp.so
[1.391s] -- Up-to-date: /home/wayay/line_follower_ws/install/custom_interfaces/share/custom_interfaces/environment/pythonpath.sh
[1.391s] -- Installing: /home/wayay/line_follower_ws/install/custom_interfaces/share/custom_interfaces/environment/pythonpath.dsv
[1.391s] -- Up-to-date: /home/wayay/line_follower_ws/install/custom_interfaces/local/lib/python3.10/dist-packages/custom_interfaces-0.0.0-py3.10.egg-info
[1.391s] -- Installing: /home/wayay/line_follower_ws/install/custom_interfaces/local/lib/python3.10/dist-packages/custom_interfaces-0.0.0-py3.10.egg-info/dependency_links.txt
[1.391s] -- Installing: /home/wayay/line_follower_ws/install/custom_interfaces/local/lib/python3.10/dist-packages/custom_interfaces-0.0.0-py3.10.egg-info/PKG-INFO
[1.391s] -- Installing: /home/wayay/line_follower_ws/install/custom_interfaces/local/lib/python3.10/dist-packages/custom_interfaces-0.0.0-py3.10.egg-info/top_level.txt
[1.391s] -- Installing: /home/wayay/line_follower_ws/install/custom_interfaces/local/lib/python3.10/dist-packages/custom_interfaces-0.0.0-py3.10.egg-info/SOURCES.txt
[1.392s] -- Up-to-date: /home/wayay/line_follower_ws/install/custom_interfaces/local/lib/python3.10/dist-packages/custom_interfaces
[1.392s] -- Up-to-date: /home/wayay/line_follower_ws/install/custom_interfaces/local/lib/python3.10/dist-packages/custom_interfaces/custom_interfaces_s__rosidl_typesupport_c.cpython-310-x86_64-linux-gnu.so
[1.392s] -- Up-to-date: /home/wayay/line_follower_ws/install/custom_interfaces/local/lib/python3.10/dist-packages/custom_interfaces/_custom_interfaces_s.ep.rosidl_typesupport_introspection_c.c
[1.392s] -- Up-to-date: /home/wayay/line_follower_ws/install/custom_interfaces/local/lib/python3.10/dist-packages/custom_interfaces/libcustom_interfaces__rosidl_generator_py.so
[1.392s] -- Up-to-date: /home/wayay/line_follower_ws/install/custom_interfaces/local/lib/python3.10/dist-packages/custom_interfaces/_custom_interfaces_s.ep.rosidl_typesupport_fastrtps_c.c
[1.392s] -- Up-to-date: /home/wayay/line_follower_ws/install/custom_interfaces/local/lib/python3.10/dist-packages/custom_interfaces/custom_interfaces_s__rosidl_typesupport_fastrtps_c.cpython-310-x86_64-linux-gnu.so
[1.392s] -- Up-to-date: /home/wayay/line_follower_ws/install/custom_interfaces/local/lib/python3.10/dist-packages/custom_interfaces/action
[1.392s] -- Up-to-date: /home/wayay/line_follower_ws/install/custom_interfaces/local/lib/python3.10/dist-packages/custom_interfaces/action/_navigate_to_aruco.py
[1.392s] -- Up-to-date: /home/wayay/line_follower_ws/install/custom_interfaces/local/lib/python3.10/dist-packages/custom_interfaces/action/_navigate_to_aruco_s.c
[1.392s] -- Up-to-date: /home/wayay/line_follower_ws/install/custom_interfaces/local/lib/python3.10/dist-packages/custom_interfaces/action/__init__.py
[1.392s] -- Installing: /home/wayay/line_follower_ws/install/custom_interfaces/local/lib/python3.10/dist-packages/custom_interfaces/__init__.py
[1.392s] -- Up-to-date: /home/wayay/line_follower_ws/install/custom_interfaces/local/lib/python3.10/dist-packages/custom_interfaces/_custom_interfaces_s.ep.rosidl_typesupport_c.c
[1.392s] -- Up-to-date: /home/wayay/line_follower_ws/install/custom_interfaces/local/lib/python3.10/dist-packages/custom_interfaces/custom_interfaces_s__rosidl_typesupport_introspection_c.cpython-310-x86_64-linux-gnu.so
[1.420s] Listing '/home/wayay/line_follower_ws/install/custom_interfaces/local/lib/python3.10/dist-packages/custom_interfaces'...
[1.420s] Compiling '/home/wayay/line_follower_ws/install/custom_interfaces/local/lib/python3.10/dist-packages/custom_interfaces/__init__.py'...
[1.420s] Listing '/home/wayay/line_follower_ws/install/custom_interfaces/local/lib/python3.10/dist-packages/custom_interfaces/action'...
[1.424s] -- Up-to-date: /home/wayay/line_follower_ws/install/custom_interfaces/local/lib/python3.10/dist-packages/custom_interfaces/custom_interfaces_s__rosidl_typesupport_fastrtps_c.cpython-310-x86_64-linux-gnu.so
[1.424s] -- Up-to-date: /home/wayay/line_follower_ws/install/custom_interfaces/local/lib/python3.10/dist-packages/custom_interfaces/custom_interfaces_s__rosidl_typesupport_introspection_c.cpython-310-x86_64-linux-gnu.so
[1.424s] -- Up-to-date: /home/wayay/line_follower_ws/install/custom_interfaces/local/lib/python3.10/dist-packages/custom_interfaces/custom_interfaces_s__rosidl_typesupport_c.cpython-310-x86_64-linux-gnu.so
[1.424s] -- Up-to-date: /home/wayay/line_follower_ws/install/custom_interfaces/lib/libcustom_interfaces__rosidl_generator_py.so
[1.425s] -- Up-to-date: /home/wayay/line_follower_ws/install/custom_interfaces/share/custom_interfaces/action/NavigateToAruco.idl
[1.425s] -- Installing: /home/wayay/line_follower_ws/install/custom_interfaces/share/custom_interfaces/action/NavigateToAruco.action
[1.425s] -- Up-to-date: /home/wayay/line_follower_ws/install/custom_interfaces/share/ament_index/resource_index/package_run_dependencies/custom_interfaces
[1.425s] -- Installing: /home/wayay/line_follower_ws/install/custom_interfaces/share/ament_index/resource_index/parent_prefix_path/custom_interfaces
[1.425s] -- Up-to-date: /home/wayay/line_follower_ws/install/custom_interfaces/share/custom_interfaces/environment/ament_prefix_path.sh
[1.425s] -- Installing: /home/wayay/line_follower_ws/install/custom_interfaces/share/custom_interfaces/environment/ament_prefix_path.dsv
[1.425s] -- Up-to-date: /home/wayay/line_follower_ws/install/custom_interfaces/share/custom_interfaces/environment/path.sh
[1.425s] -- Installing: /home/wayay/line_follower_ws/install/custom_interfaces/share/custom_interfaces/environment/path.dsv
[1.425s] -- Up-to-date: /home/wayay/line_follower_ws/install/custom_interfaces/share/custom_interfaces/local_setup.bash
[1.425s] -- Up-to-date: /home/wayay/line_follower_ws/install/custom_interfaces/share/custom_interfaces/local_setup.sh
[1.426s] -- Up-to-date: /home/wayay/line_follower_ws/install/custom_interfaces/share/custom_interfaces/local_setup.zsh
[1.426s] -- Installing: /home/wayay/line_follower_ws/install/custom_interfaces/share/custom_interfaces/local_setup.dsv
[1.426s] -- Installing: /home/wayay/line_follower_ws/install/custom_interfaces/share/custom_interfaces/package.dsv
[1.426s] -- Up-to-date: /home/wayay/line_follower_ws/install/custom_interfaces/share/ament_index/resource_index/packages/custom_interfaces
[1.426s] -- Up-to-date: /home/wayay/line_follower_ws/install/custom_interfaces/share/custom_interfaces/cmake/export_custom_interfaces__rosidl_generator_cExport.cmake
[1.426s] -- Up-to-date: /home/wayay/line_follower_ws/install/custom_interfaces/share/custom_interfaces/cmake/export_custom_interfaces__rosidl_generator_cExport-noconfig.cmake
[1.426s] -- Up-to-date: /home/wayay/line_follower_ws/install/custom_interfaces/share/custom_interfaces/cmake/export_custom_interfaces__rosidl_typesupport_fastrtps_cExport.cmake
[1.426s] -- Up-to-date: /home/wayay/line_follower_ws/install/custom_interfaces/share/custom_interfaces/cmake/export_custom_interfaces__rosidl_typesupport_fastrtps_cExport-noconfig.cmake
[1.426s] -- Up-to-date: /home/wayay/line_follower_ws/install/custom_interfaces/share/custom_interfaces/cmake/custom_interfaces__rosidl_typesupport_introspection_cExport.cmake
[1.426s] -- Up-to-date: /home/wayay/line_follower_ws/install/custom_interfaces/share/custom_interfaces/cmake/custom_interfaces__rosidl_typesupport_introspection_cExport-noconfig.cmake
[1.426s] -- Up-to-date: /home/wayay/line_follower_ws/install/custom_interfaces/share/custom_interfaces/cmake/custom_interfaces__rosidl_typesupport_cExport.cmake
[1.426s] -- Up-to-date: /home/wayay/line_follower_ws/install/custom_interfaces/share/custom_interfaces/cmake/custom_interfaces__rosidl_typesupport_cExport-noconfig.cmake
[1.426s] -- Up-to-date: /home/wayay/line_follower_ws/install/custom_interfaces/share/custom_interfaces/cmake/export_custom_interfaces__rosidl_generator_cppExport.cmake
[1.426s] -- Up-to-date: /home/wayay/line_follower_ws/install/custom_interfaces/share/custom_interfaces/cmake/export_custom_interfaces__rosidl_typesupport_fastrtps_cppExport.cmake
[1.427s] -- Up-to-date: /home/wayay/line_follower_ws/install/custom_interfaces/share/custom_interfaces/cmake/export_custom_interfaces__rosidl_typesupport_fastrtps_cppExport-noconfig.cmake
[1.427s] -- Up-to-date: /home/wayay/line_follower_ws/install/custom_interfaces/share/custom_interfaces/cmake/custom_interfaces__rosidl_typesupport_introspection_cppExport.cmake
[1.427s] -- Up-to-date: /home/wayay/line_follower_ws/install/custom_interfaces/share/custom_interfaces/cmake/custom_interfaces__rosidl_typesupport_introspection_cppExport-noconfig.cmake
[1.427s] -- Up-to-date: /home/wayay/line_follower_ws/install/custom_interfaces/share/custom_interfaces/cmake/custom_interfaces__rosidl_typesupport_cppExport.cmake
[1.427s] -- Up-to-date: /home/wayay/line_follower_ws/install/custom_interfaces/share/custom_interfaces/cmake/custom_interfaces__rosidl_typesupport_cppExport-noconfig.cmake
[1.427s] -- Up-to-date: /home/wayay/line_follower_ws/install/custom_interfaces/share/custom_interfaces/cmake/export_custom_interfaces__rosidl_generator_pyExport.cmake
[1.427s] -- Up-to-date: /home/wayay/line_follower_ws/install/custom_interfaces/share/custom_interfaces/cmake/export_custom_interfaces__rosidl_generator_pyExport-noconfig.cmake
[1.427s] -- Up-to-date: /home/wayay/line_follower_ws/install/custom_interfaces/share/custom_interfaces/cmake/rosidl_cmake-extras.cmake
[1.427s] -- Up-to-date: /home/wayay/line_follower_ws/install/custom_interfaces/share/custom_interfaces/cmake/ament_cmake_export_dependencies-extras.cmake
[1.427s] -- Up-to-date: /home/wayay/line_follower_ws/install/custom_interfaces/share/custom_interfaces/cmake/ament_cmake_export_include_directories-extras.cmake
[1.427s] -- Up-to-date: /home/wayay/line_follower_ws/install/custom_interfaces/share/custom_interfaces/cmake/ament_cmake_export_libraries-extras.cmake
[1.427s] -- Up-to-date: /home/wayay/line_follower_ws/install/custom_interfaces/share/custom_interfaces/cmake/ament_cmake_export_targets-extras.cmake
[1.427s] -- Up-to-date: /home/wayay/line_follower_ws/install/custom_interfaces/share/custom_interfaces/cmake/rosidl_cmake_export_typesupport_targets-extras.cmake
[1.427s] -- Up-to-date: /home/wayay/line_follower_ws/install/custom_interfaces/share/custom_interfaces/cmake/rosidl_cmake_export_typesupport_libraries-extras.cmake
[1.427s] -- Up-to-date: /home/wayay/line_follower_ws/install/custom_interfaces/share/custom_interfaces/cmake/custom_interfacesConfig.cmake
[1.427s] -- Up-to-date: /home/wayay/line_follower_ws/install/custom_interfaces/share/custom_interfaces/cmake/custom_interfacesConfig-version.cmake
[1.427s] -- Installing: /home/wayay/line_follower_ws/install/custom_interfaces/share/custom_interfaces/package.xml
[1.429s] Invoked command in '/home/wayay/line_follower_ws/build/custom_interfaces' returned '0': CMAKE_PREFIX_PATH=/home/wayay/line_follower_ws/install/blue_line_follower:/home/wayay/ros2_ws/install/simple_interfaces:/home/wayay/ros2_ws/install/robotics_sim_project:/home/wayay/ros2_ws/install/mobile_arm_gazebo:/home/wayay/ros2_ws/install/simple_params:/home/wayay/ros2_ws/install/service_practice:/home/wayay/ros2_ws/install/robot_actions:/home/wayay/ros2_ws/install/my_first_package:/home/wayay/ros2_ws/install/line_navigation:/home/wayay/ros2_ws/install/fleet_manager:/home/wayay/ros2_ws/install/exercice5_ping_pong_package:/home/wayay/ros2_ws/install/exercice4_turtlecontroller_package:/home/wayay/ros2_ws/install/calculator_service:/opt/ros/humble:/home/wayay/ros2_ws/install/mobile_arm_description:/home/wayay/ros2_ws/install/mobile_arm_control:/home/wayay/ros2_ws/install/fleet_interfaces:/home/wayay/ros2_ws/install/custom_interfaces:/home/wayay/ros2_ws/install/calculator_interfaces /usr/bin/cmake --install /home/wayay/line_follower_ws/build/custom_interfaces
